Archive member included to satisfy reference by file (symbol)

/usr/lib/gcc/arm-none-eabi/13.1.0/thumb/v7-m/nofp/libgcc.a(_aeabi_ldivmod.o)
                              .build/obj_yhy98_default/platforms/chibios/timer.o (__aeabi_ldivmod)
/usr/lib/gcc/arm-none-eabi/13.1.0/thumb/v7-m/nofp/libgcc.a(_aeabi_uldivmod.o)
                              .build/obj_yhy98_default/platforms/chibios/timer.o (__aeabi_uldivmod)
/usr/lib/gcc/arm-none-eabi/13.1.0/thumb/v7-m/nofp/libgcc.a(_udivmoddi4.o)
                              /usr/lib/gcc/arm-none-eabi/13.1.0/thumb/v7-m/nofp/libgcc.a(_aeabi_ldivmod.o) (__udivmoddi4)
/usr/lib/gcc/arm-none-eabi/13.1.0/thumb/v7-m/nofp/libgcc.a(_dvmd_tls.o)
                              /usr/lib/gcc/arm-none-eabi/13.1.0/thumb/v7-m/nofp/libgcc.a(_aeabi_ldivmod.o) (__aeabi_ldiv0)
/usr/lib/gcc/arm-none-eabi/13.1.0/../../../../arm-none-eabi/lib/thumb/v7-m/nofp/libg_nano.a(libc_a-abort.o)
                              .build/obj_yhy98/lib/chibios/os/various/syscalls.o (abort)
/usr/lib/gcc/arm-none-eabi/13.1.0/../../../../arm-none-eabi/lib/thumb/v7-m/nofp/libg_nano.a(libc_a-rand.o)
                              .build/obj_yhy98_default/quantum/send_string/send_string.o (rand)
/usr/lib/gcc/arm-none-eabi/13.1.0/../../../../arm-none-eabi/lib/thumb/v7-m/nofp/libg_nano.a(libc_a-ctype_.o)
                              .build/obj_yhy98_default/quantum/send_string/send_string.o (_ctype_)
/usr/lib/gcc/arm-none-eabi/13.1.0/../../../../arm-none-eabi/lib/thumb/v7-m/nofp/libg_nano.a(libc_a-memcmp.o)
                              .build/obj_yhy98_default/quantum/action_util.o (memcmp)
/usr/lib/gcc/arm-none-eabi/13.1.0/../../../../arm-none-eabi/lib/thumb/v7-m/nofp/libg_nano.a(libc_a-memset.o)
                              .build/obj_yhy98_default/quantum/action_tapping.o (memset)
/usr/lib/gcc/arm-none-eabi/13.1.0/../../../../arm-none-eabi/lib/thumb/v7-m/nofp/libg_nano.a(libc_a-signal.o)
                              /usr/lib/gcc/arm-none-eabi/13.1.0/../../../../arm-none-eabi/lib/thumb/v7-m/nofp/libg_nano.a(libc_a-abort.o) (raise)
/usr/lib/gcc/arm-none-eabi/13.1.0/../../../../arm-none-eabi/lib/thumb/v7-m/nofp/libg_nano.a(libc_a-impure.o)
                              /usr/lib/gcc/arm-none-eabi/13.1.0/../../../../arm-none-eabi/lib/thumb/v7-m/nofp/libg_nano.a(libc_a-rand.o) (_impure_ptr)
/usr/lib/gcc/arm-none-eabi/13.1.0/../../../../arm-none-eabi/lib/thumb/v7-m/nofp/libg_nano.a(libc_a-signalr.o)
                              /usr/lib/gcc/arm-none-eabi/13.1.0/../../../../arm-none-eabi/lib/thumb/v7-m/nofp/libg_nano.a(libc_a-signal.o) (_kill_r)
/usr/lib/gcc/arm-none-eabi/13.1.0/../../../../arm-none-eabi/lib/thumb/v7-m/nofp/libg_nano.a(libc_a-errno.o)
                              .build/obj_yhy98/platforms/chibios/syscall-fallbacks.o (__errno)
/usr/lib/gcc/arm-none-eabi/13.1.0/../../../../arm-none-eabi/lib/thumb/v7-m/nofp/libg_nano.a(libc_a-memcpy-stub.o)
                              .build/obj_yhy98_default/quantum/action_tapping.o (memcpy)
/usr/lib/gcc/arm-none-eabi/13.1.0/../../../../arm-none-eabi/lib/thumb/v7-m/nofp/libg_nano.a(libc_a-assert.o)
                              /usr/lib/gcc/arm-none-eabi/13.1.0/../../../../arm-none-eabi/lib/thumb/v7-m/nofp/libg_nano.a(libc_a-rand.o) (__assert_func)
/usr/lib/gcc/arm-none-eabi/13.1.0/../../../../arm-none-eabi/lib/thumb/v7-m/nofp/libg_nano.a(libc_a-malloc.o)
                              /usr/lib/gcc/arm-none-eabi/13.1.0/../../../../arm-none-eabi/lib/thumb/v7-m/nofp/libg_nano.a(libc_a-rand.o) (malloc)
/usr/lib/gcc/arm-none-eabi/13.1.0/../../../../arm-none-eabi/lib/thumb/v7-m/nofp/libg_nano.a(libc_a-mallocr.o)
                              /usr/lib/gcc/arm-none-eabi/13.1.0/../../../../arm-none-eabi/lib/thumb/v7-m/nofp/libg_nano.a(libc_a-signal.o) (_malloc_r)
/usr/lib/gcc/arm-none-eabi/13.1.0/../../../../arm-none-eabi/lib/thumb/v7-m/nofp/libg_nano.a(libc_a-mlock.o)
                              /usr/lib/gcc/arm-none-eabi/13.1.0/../../../../arm-none-eabi/lib/thumb/v7-m/nofp/libg_nano.a(libc_a-mallocr.o) (__malloc_lock)
/usr/lib/gcc/arm-none-eabi/13.1.0/../../../../arm-none-eabi/lib/thumb/v7-m/nofp/libg_nano.a(libc_a-fprintf.o)
                              /usr/lib/gcc/arm-none-eabi/13.1.0/../../../../arm-none-eabi/lib/thumb/v7-m/nofp/libg_nano.a(libc_a-assert.o) (fiprintf)
/usr/lib/gcc/arm-none-eabi/13.1.0/../../../../arm-none-eabi/lib/thumb/v7-m/nofp/libg_nano.a(libc_a-reent.o)
                              /usr/lib/gcc/arm-none-eabi/13.1.0/../../../../arm-none-eabi/lib/thumb/v7-m/nofp/libg_nano.a(libc_a-signalr.o) (errno)
/usr/lib/gcc/arm-none-eabi/13.1.0/../../../../arm-none-eabi/lib/thumb/v7-m/nofp/libg_nano.a(libc_a-lock.o)
                              /usr/lib/gcc/arm-none-eabi/13.1.0/../../../../arm-none-eabi/lib/thumb/v7-m/nofp/libg_nano.a(libc_a-mlock.o) (__retarget_lock_acquire_recursive)
/usr/lib/gcc/arm-none-eabi/13.1.0/../../../../arm-none-eabi/lib/thumb/v7-m/nofp/libg_nano.a(libc_a-freer.o)
[...]
Memory Configuration

Name             Origin             Length             Attributes
flash0           0x08002000         0x0000e000
flash1           0x00000000         0x00000000
flash2           0x00000000         0x00000000
flash3           0x00000000         0x00000000
flash4           0x00000000         0x00000000
flash5           0x00000000         0x00000000
flash6           0x00000000         0x00000000
flash7           0x00000000         0x00000000
ram0             0x20000000         0x00005000
ram1             0x00000000         0x00000000
ram2             0x00000000         0x00000000
ram3             0x00000000         0x00000000
ram4             0x00000000         0x00000000
ram5             0x00000000         0x00000000
ram6             0x00000000         0x00000000
ram7             0x00000000         0x00000000
*default*        0x00000000         0xffffffff

Linker script and memory map

LOAD .build/obj_yhy98_default/keyboards/yhy98/yhy98.o
LOAD .build/obj_yhy98_default/.build/obj_yhy98/src/default_keyboard.o
LOAD .build/obj_yhy98_default/quantum/keymap_introspection.o
LOAD .build/obj_yhy98_default/quantum/quantum.o
LOAD .build/obj_yhy98_default/quantum/bitwise.o
LOAD .build/obj_yhy98_default/quantum/led.o
LOAD .build/obj_yhy98_default/quantum/action.o
LOAD .build/obj_yhy98_default/quantum/action_layer.o
LOAD .build/obj_yhy98_default/quantum/action_tapping.o
LOAD .build/obj_yhy98_default/quantum/action_util.o
LOAD .build/obj_yhy98_default/quantum/eeconfig.o
LOAD .build/obj_yhy98_default/quantum/keyboard.o
LOAD .build/obj_yhy98_default/quantum/keymap_common.o
LOAD .build/obj_yhy98_default/quantum/keycode_config.o
LOAD .build/obj_yhy98_default/quantum/sync_timer.o
LOAD .build/obj_yhy98_default/quantum/logging/debug.o
LOAD .build/obj_yhy98_default/quantum/logging/sendchar.o
LOAD .build/obj_yhy98_default/quantum/logging/print.o
LOAD .build/obj_yhy98_default/quantum/bootmagic/bootmagic_lite.o
LOAD .build/obj_yhy98_default/quantum/bootmagic/magic.o
LOAD .build/obj_yhy98_default/quantum/matrix_common.o
LOAD .build/obj_yhy98_default/quantum/matrix.o
LOAD .build/obj_yhy98_default/quantum/debounce/sym_defer_g.o
LOAD .build/obj_yhy98_default/quantum/main.o
LOAD .build/obj_yhy98_default/printf.o
LOAD .build/obj_yhy98_default/eeprom_driver.o
LOAD .build/obj_yhy98_default/eeprom_wear_leveling.o
LOAD .build/obj_yhy98_default/wear_leveling.o
LOAD .build/obj_yhy98_default/wear_leveling_efl.o
LOAD .build/obj_yhy98_default/quantum/color.o
LOAD .build/obj_yhy98_default/quantum/rgb_matrix/rgb_matrix.o
LOAD .build/obj_yhy98_default/quantum/rgb_matrix/rgb_matrix_drivers.o
LOAD .build/obj_yhy98_default/lib/lib8tion/lib8tion.o
LOAD .build/obj_yhy98_default/quantum/process_keycode/process_rgb.o
LOAD .build/obj_yhy98_default/ws2812_pwm.o
LOAD .build/obj_yhy98_default/quantum/led_tables.o
LOAD .build/obj_yhy98_default/quantum/via.o
LOAD .build/obj_yhy98_default/qmk_fnv_type_validation.o
LOAD .build/obj_yhy98_default/hash_32a.o
LOAD .build/obj_yhy98_default/hash_64a.o
LOAD .build/obj_yhy98_default/quantum/process_keycode/process_magic.o
LOAD .build/obj_yhy98_default/quantum/send_string/send_string.o
LOAD .build/obj_yhy98_default/quantum/dynamic_keymap.o
LOAD .build/obj_yhy98_default/quantum/process_keycode/process_grave_esc.o
LOAD .build/obj_yhy98_default/quantum/process_keycode/process_space_cadet.o
LOAD .build/obj_yhy98_default/quantum/process_keycode/process_tri_layer.o
LOAD .build/obj_yhy98_default/quantum/tri_layer.o
LOAD .build/obj_yhy98_default/./lib/chibios/os/common/startup/ARMCMx/compilers/GCC/crt0_v7m.o
LOAD .build/obj_yhy98_default/./lib/chibios/os/common/startup/ARMCMx/compilers/GCC/vectors.o
LOAD .build/obj_yhy98_default/./lib/chibios/os/common/ports/ARMv7-M/compilers/GCC/chcoreasm.o
LOAD .build/obj_yhy98_default/protocol/host.o
LOAD .build/obj_yhy98_default/protocol/report.o
LOAD .build/obj_yhy98_default/protocol/usb_device_state.o
LOAD .build/obj_yhy98_default/protocol/usb_util.o
LOAD .build/obj_yhy98_default/platforms/suspend.o
LOAD .build/obj_yhy98_default/platforms/synchronization_util.o
LOAD .build/obj_yhy98_default/platforms/timer.o
LOAD .build/obj_yhy98_default/platforms/chibios/hardware_id.o
LOAD .build/obj_yhy98_default/platforms/chibios/platform.o
LOAD .build/obj_yhy98_default/platforms/chibios/suspend.o
LOAD .build/obj_yhy98_default/platforms/chibios/timer.o
LOAD .build/obj_yhy98_default/platforms/chibios/bootloaders/stm32duino.o
LOAD .build/obj_yhy98_default/protocol/chibios/usb_main.o
LOAD .build/obj_yhy98_default/protocol/chibios/chibios.o
LOAD .build/obj_yhy98_default/usb_descriptor.o
LOAD .build/obj_yhy98_default/protocol/chibios/usb_driver.o
LOAD .build/obj_yhy98_default/protocol/chibios/usb_util.o
LOAD .build/obj_yhy98_default/./lib/chibios/os/oslib/src/chmboxes.o
LOAD .build/obj_yhy98_default/./lib/chibios/os/oslib/src/chmemcore.o
LOAD .build/obj_yhy98_default/./lib/chibios/os/oslib/src/chmemheaps.o
LOAD .build/obj_yhy98_default/./lib/chibios/os/oslib/src/chmempools.o
LOAD .build/obj_yhy98_default/./lib/chibios/os/oslib/src/chpipes.o
LOAD .build/obj_yhy98_default/./lib/chibios/os/oslib/src/chobjcaches.o
LOAD .build/obj_yhy98_default/./lib/chibios/os/oslib/src/chdelegates.o
LOAD .build/obj_yhy98_default/./lib/chibios/os/oslib/src/chfactory.o
LOAD .build/obj_yhy98/lib/chibios/os/common/startup/ARMCMx/compilers/GCC/crt1.o
LOAD .build/obj_yhy98/lib/chibios/os/rt/src/chsys.o
LOAD .build/obj_yhy98/lib/chibios/os/rt/src/chrfcu.o
LOAD .build/obj_yhy98/lib/chibios/os/rt/src/chdebug.o
LOAD .build/obj_yhy98/lib/chibios/os/rt/src/chtrace.o
LOAD .build/obj_yhy98/lib/chibios/os/rt/src/chvt.o
LOAD .build/obj_yhy98/lib/chibios/os/rt/src/chschd.o
LOAD .build/obj_yhy98/lib/chibios/os/rt/src/chinstances.o
LOAD .build/obj_yhy98/lib/chibios/os/rt/src/chthreads.o
LOAD .build/obj_yhy98/lib/chibios/os/rt/src/chtm.o
LOAD .build/obj_yhy98/lib/chibios/os/rt/src/chstats.o
LOAD .build/obj_yhy98/lib/chibios/os/rt/src/chregistry.o
LOAD .build/obj_yhy98/lib/chibios/os/rt/src/chsem.o
LOAD .build/obj_yhy98/lib/chibios/os/rt/src/chmtx.o
LOAD .build/obj_yhy98/lib/chibios/os/rt/src/chcond.o
LOAD .build/obj_yhy98/lib/chibios/os/rt/src/chevents.o
LOAD .build/obj_yhy98/lib/chibios/os/rt/src/chmsg.o
LOAD .build/obj_yhy98/lib/chibios/os/rt/src/chdynamic.o
LOAD .build/obj_yhy98/lib/chibios/os/common/ports/ARMv7-M/chcore.o
LOAD .build/obj_yhy98/lib/chibios/os/hal/osal/rt-nil/osal.o
LOAD .build/obj_yhy98/lib/chibios/os/hal/src/hal.o
LOAD .build/obj_yhy98/lib/chibios/os/hal/src/hal_st.o
LOAD .build/obj_yhy98/lib/chibios/os/hal/src/hal_buffers.o
LOAD .build/obj_yhy98/lib/chibios/os/hal/src/hal_queues.o
LOAD .build/obj_yhy98/lib/chibios/os/hal/src/hal_flash.o
LOAD .build/obj_yhy98/lib/chibios/os/hal/src/hal_mmcsd.o
LOAD .build/obj_yhy98/lib/chibios/os/hal/src/hal_adc.o
LOAD .build/obj_yhy98/lib/chibios/os/hal/src/hal_can.o
LOAD .build/obj_yhy98/lib/chibios/os/hal/src/hal_crypto.o
LOAD .build/obj_yhy98/lib/chibios/os/hal/src/hal_dac.o
LOAD .build/obj_yhy98/lib/chibios/os/hal/src/hal_efl.o
LOAD .build/obj_yhy98/lib/chibios/os/hal/src/hal_gpt.o
LOAD .build/obj_yhy98/lib/chibios/os/hal/src/hal_i2c.o
LOAD .build/obj_yhy98/lib/chibios/os/hal/src/hal_i2s.o
LOAD .build/obj_yhy98/lib/chibios/os/hal/src/hal_icu.o
LOAD .build/obj_yhy98/lib/chibios/os/hal/src/hal_mac.o
LOAD .build/obj_yhy98/lib/chibios/os/hal/src/hal_mmc_spi.o
LOAD .build/obj_yhy98/lib/chibios/os/hal/src/hal_pal.o
LOAD .build/obj_yhy98/lib/chibios/os/hal/src/hal_pwm.o
LOAD .build/obj_yhy98/lib/chibios/os/hal/src/hal_rtc.o
LOAD .build/obj_yhy98/lib/chibios/os/hal/src/hal_sdc.o
LOAD .build/obj_yhy98/lib/chibios/os/hal/src/hal_serial.o
LOAD .build/obj_yhy98/lib/chibios/os/hal/src/hal_serial_usb.o
LOAD .build/obj_yhy98/lib/chibios/os/hal/src/hal_sio.o
LOAD .build/obj_yhy98/lib/chibios/os/hal/src/hal_spi.o
LOAD .build/obj_yhy98/lib/chibios/os/hal/src/hal_trng.o
LOAD .build/obj_yhy98/lib/chibios/os/hal/src/hal_uart.o
LOAD .build/obj_yhy98/lib/chibios/os/hal/src/hal_usb.o
LOAD .build/obj_yhy98/lib/chibios/os/hal/src/hal_wdg.o
LOAD .build/obj_yhy98/lib/chibios/os/hal/src/hal_wspi.o
LOAD .build/obj_yhy98/lib/chibios/os/hal/ports/common/ARMCMx/nvic.o
LOAD .build/obj_yhy98/lib/chibios/os/hal/ports/STM32/STM32F1xx/stm32_isr.o
LOAD .build/obj_yhy98/lib/chibios/os/hal/ports/STM32/STM32F1xx/hal_lld.o
LOAD .build/obj_yhy98/lib/chibios/os/hal/ports/STM32/STM32F1xx/hal_efl_lld.o
LOAD .build/obj_yhy98/lib/chibios/os/hal/ports/STM32/STM32F1xx/hal_adc_lld.o
LOAD .build/obj_yhy98/lib/chibios/os/hal/ports/STM32/LLD/CANv1/hal_can_lld.o
LOAD .build/obj_yhy98/lib/chibios/os/hal/ports/STM32/LLD/DACv1/hal_dac_lld.o
LOAD .build/obj_yhy98/lib/chibios/os/hal/ports/STM32/LLD/DMAv1/stm32_dma.o
LOAD .build/obj_yhy98/lib/chibios/os/hal/ports/STM32/LLD/GPIOv1/hal_pal_lld.o
LOAD .build/obj_yhy98/lib/chibios/os/hal/ports/STM32/LLD/I2Cv1/hal_i2c_lld.o
LOAD .build/obj_yhy98/lib/chibios/os/hal/ports/STM32/LLD/RTCv1/hal_rtc_lld.o
LOAD .build/obj_yhy98/lib/chibios/os/hal/ports/STM32/LLD/SDIOv1/hal_sdc_lld.o
LOAD .build/obj_yhy98/lib/chibios/os/hal/ports/STM32/LLD/SPIv1/hal_i2s_lld.o
LOAD .build/obj_yhy98/lib/chibios/os/hal/ports/STM32/LLD/SPIv1/hal_spi_v2_lld.o
LOAD .build/obj_yhy98/lib/chibios/os/hal/ports/STM32/LLD/SYSTICKv1/hal_st_lld.o
LOAD .build/obj_yhy98/lib/chibios/os/hal/ports/STM32/LLD/TIMv1/hal_gpt_lld.o
LOAD .build/obj_yhy98/lib/chibios/os/hal/ports/STM32/LLD/TIMv1/hal_icu_lld.o
LOAD .build/obj_yhy98/lib/chibios/os/hal/ports/STM32/LLD/TIMv1/hal_pwm_lld.o
LOAD .build/obj_yhy98/lib/chibios/os/hal/ports/STM32/LLD/USARTv1/hal_serial_lld.o
LOAD .build/obj_yhy98/lib/chibios/os/hal/ports/STM32/LLD/USARTv1/hal_uart_lld.o
LOAD .build/obj_yhy98/lib/chibios/os/hal/ports/STM32/LLD/USBv1/hal_usb_lld.o
LOAD .build/obj_yhy98/lib/chibios/os/hal/ports/STM32/LLD/xWDGv1/hal_wdg_lld.o
LOAD .build/obj_yhy98/platforms/chibios/boards/STM32_F103_STM32DUINO/board/board.o
LOAD .build/obj_yhy98/lib/chibios/os/hal/lib/streams/chprintf.o
LOAD .build/obj_yhy98/lib/chibios/os/hal/lib/streams/chscanf.o
LOAD .build/obj_yhy98/lib/chibios/os/hal/lib/streams/memstreams.o
LOAD .build/obj_yhy98/lib/chibios/os/hal/lib/streams/nullstreams.o
LOAD .build/obj_yhy98/lib/chibios/os/hal/lib/streams/bufstreams.o
LOAD .build/obj_yhy98/lib/chibios/os/various/syscalls.o
LOAD .build/obj_yhy98/platforms/chibios/syscall-fallbacks.o
LOAD .build/obj_yhy98/platforms/chibios/wait.o
LOAD .build/obj_yhy98/platforms/chibios/synchronization_util.o
                0x00000800                        __process_stack_size__ = 0x800
                0x00000400                        __main_stack_size__ = 0x400
LOAD /usr/lib/gcc/arm-none-eabi/13.1.0/../../../../arm-none-eabi/lib/thumb/v7-m/nofp/libm.a
START GROUP
LOAD /usr/lib/gcc/arm-none-eabi/13.1.0/thumb/v7-m/nofp/libgcc.a
LOAD /usr/lib/gcc/arm-none-eabi/13.1.0/../../../../arm-none-eabi/lib/thumb/v7-m/nofp/libg_nano.a
LOAD /usr/lib/gcc/arm-none-eabi/13.1.0/../../../../arm-none-eabi/lib/thumb/v7-m/nofp/libc_nano.a
END GROUP
START GROUP
LOAD /usr/lib/gcc/arm-none-eabi/13.1.0/thumb/v7-m/nofp/libgcc.a
LOAD /usr/lib/gcc/arm-none-eabi/13.1.0/../../../../arm-none-eabi/lib/thumb/v7-m/nofp/libc_nano.a
END GROUP
                0x00010000                        f103_flash_size = 0x10000
                0x00005000                        f103_ram_size = 0x5000

.mstack         0x20000000      0x400
                0x20000000                        . = ALIGN (0x8)
                0x20000000                        __main_stack_base__ = .
                0x20000400                        . = (. + __main_stack_size__)
 *fill*         0x20000000      0x400 
                0x20000400                        . = ALIGN (0x8)
                0x20000400                        __main_stack_end__ = .

.pstack         0x20000400      0x800
                0x20000400                        . = ALIGN (0x8)
                0x20000400                        __process_stack_base__ = .
                0x20000400                        __main_thread_stack_base__ = .
                0x20000c00                        . = (. + __process_stack_size__)
 *fill*         0x20000400      0x800 
                0x20000c00                        . = ALIGN (0x8)
                0x20000c00                        __process_stack_end__ = .
                0x20000c00                        __main_thread_stack_end__ = .

.vectors        0x08002000      0x160
                0x08002000                        __textvectors_base__ = LOADADDR (.vectors)
                0x08002000                        __vectors_base__ = .
 *(.vectors)
 .vectors       0x08002000      0x160 .build/obj_yhy98_default/./lib/chibios/os/common/startup/ARMCMx/compilers/GCC/vectors.o
                0x08002000                _vectors
                0x08002160                        __vectors_end__ = .

.xtors          0x08002160        0x0
                0x08002160                        __init_array_base__ = .
 *(SORT_BY_NAME(.init_array.*))
 *(.init_array)
                0x08002160                        __init_array_end__ = .
                0x08002160                        __fini_array_base__ = .
 *(.fini_array)
 *(SORT_BY_NAME(.fini_array.*))
                0x08002160                        __fini_array_end__ = .

.text           0x08002160     0x6ec6
                0x08002160                        __text_base__ = .
 *(.text)
 .text          0x08002160       0xd8 .build/obj_yhy98_default/./lib/chibios/os/common/startup/ARMCMx/compilers/GCC/crt0_v7m.o
                0x08002160                _crt0_entry
 .text          0x08002238        0x8 .build/obj_yhy98_default/./lib/chibios/os/common/startup/ARMCMx/compilers/GCC/vectors.o
                0x08002238                Reset_Handler
                0x0800223a                Vector58
                0x0800223a                VectorE8
                0x0800223a                Vector9C
                0x0800223a                VectorAC
                0x0800223a                DebugMon_Handler
                0x0800223a                Vector5C
                0x0800223a                Vector11C
                0x0800223a                HardFault_Handler
                0x0800223a                Vector8C
                0x0800223a                VectorDC
                0x0800223a                PendSV_Handler
                0x0800223a                NMI_Handler
                0x0800223a                Vector110
                0x0800223a                Vector120
                0x0800223a                VectorC8
                0x0800223a                Vector94
                0x0800223a                VectorA8
                0x0800223a                VectorB4
                0x0800223a                UsageFault_Handler
                0x0800223a                VectorEC
                0x0800223a                Vector40
                0x0800223a                VectorF8
                0x0800223a                Vector108
                0x0800223a                VectorBC
                0x0800223a                Vector150
                0x0800223a                Vector124
                0x0800223a                Vector148
                0x0800223a                Vector118
                0x0800223a                Vector64
                0x0800223a                VectorCC
                0x0800223a                Vector54
                0x0800223a                Vector98
                0x0800223a                VectorD8
                0x0800223a                Vector138
                0x0800223a                Vector24
                0x0800223a                SecureFault_Handler
                0x0800223a                VectorD0
                0x0800223a                Vector140
                0x0800223a                VectorE4
                0x0800223a                VectorC0
                0x0800223a                Vector158
                0x0800223a                Vector130
                0x0800223a                Vector134
                0x0800223a                VectorF0
                0x0800223a                Vector12C
                0x0800223a                Vector13C
                0x0800223a                Vector100
                0x0800223a                VectorE0
                0x0800223a                VectorF4
                0x0800223a                MemManage_Handler
                0x0800223a                VectorA0
                0x0800223a                VectorC4
                0x0800223a                VectorB0
                0x0800223a                Vector114
                0x0800223a                Vector60
                0x0800223a                Vector48
                0x0800223a                VectorD4
                0x0800223a                Vector4C
                0x0800223a                Vector144
                0x0800223a                Vector15C
                0x0800223a                Vector68
                0x0800223a                Vector88
                0x0800223a                Vector104
                0x0800223a                Vector10C
                0x0800223a                Vector14C
                0x0800223a                BusFault_Handler
                0x0800223a                Vector50
                0x0800223a                Vector154
                0x0800223a                Vector44
                0x0800223a                Vector28
                0x0800223a                VectorFC
                0x0800223a                Vector34
                0x0800223a                Vector128
                0x0800223a                VectorA4
                0x0800223a                Vector20
                0x0800223e                _unhandled_exception
 .text          0x08002240       0x2a .build/obj_yhy98_default/./lib/chibios/os/common/ports/ARMv7-M/compilers/GCC/chcoreasm.o
                0x08002240                __port_switch
                0x08002250                __port_thread_start
                0x08002262                __port_switch_from_isr
                0x08002266                __port_exit_from_isr
 *fill*         0x0800226a        0x2 
 .text          0x0800226c       0x30 /usr/lib/gcc/arm-none-eabi/13.1.0/thumb/v7-m/nofp/libgcc.a(_aeabi_uldivmod.o)
                0x0800226c                __aeabi_uldivmod
 .text          0x0800229c        0x4 /usr/lib/gcc/arm-none-eabi/13.1.0/thumb/v7-m/nofp/libgcc.a(_dvmd_tls.o)
                0x0800229c                __aeabi_ldiv0
                0x0800229c                __aeabi_idiv0
 *(.text.*)
 .text.keymap_layer_count
                0x080022a0        0x4 .build/obj_yhy98_default/quantum/keymap_introspection.o
                0x080022a0                keymap_layer_count
 .text.keycode_at_keymap_location_raw
                0x080022a4       0x28 .build/obj_yhy98_default/quantum/keymap_introspection.o
                0x080022a4                keycode_at_keymap_location_raw
 .text.pre_process_record_user
                0x080022cc        0x4 .build/obj_yhy98_default/quantum/quantum.o
                0x080022cc                pre_process_record_user
 .text.pre_process_record_kb
                0x080022d0        0x8 .build/obj_yhy98_default/quantum/quantum.o
                0x080022d0                pre_process_record_kb
 .text.process_action_kb
                0x080022d8        0x4 .build/obj_yhy98_default/quantum/quantum.o
                0x080022d8                process_action_kb
 .text.process_record_user
                0x080022dc        0x4 .build/obj_yhy98_default/quantum/quantum.o
                0x080022dc                process_record_user
 .text.process_record_kb
                0x080022e0        0x8 .build/obj_yhy98_default/quantum/quantum.o
                0x080022e0                process_record_kb
 .text.post_process_record_user
                0x080022e8        0x2 .build/obj_yhy98_default/quantum/quantum.o
                0x080022e8                post_process_record_user
 .text.post_process_record_kb
                0x080022ea        0x8 .build/obj_yhy98_default/quantum/quantum.o
                0x080022ea                post_process_record_kb
 *fill*         0x080022f2        0x2 
 .text.get_event_keycode
                0x080022f4       0x4c .build/obj_yhy98_default/quantum/quantum.o
                0x080022f4                get_event_keycode
 .text.get_record_keycode
                0x08002340       0x16 .build/obj_yhy98_default/quantum/quantum.o
                0x08002340                get_record_keycode
 .text.pre_process_record_quantum
                0x08002356       0x12 .build/obj_yhy98_default/quantum/quantum.o
                0x08002356                pre_process_record_quantum
 .text.post_process_record_quantum
                0x08002368       0x12 .build/obj_yhy98_default/quantum/quantum.o
                0x08002368                post_process_record_quantum
 .text.shutdown_user
                0x0800237a        0x2 .build/obj_yhy98_default/quantum/quantum.o
                0x0800237a                shutdown_user
 .text.shutdown_quantum
                0x0800237c       0x16 .build/obj_yhy98_default/quantum/quantum.o
                0x0800237c                shutdown_quantum
 .text.reset_keyboard
                0x08002392        0xe .build/obj_yhy98_default/quantum/quantum.o
                0x08002392                reset_keyboard
 .text.soft_reset_keyboard
                0x080023a0        0xe .build/obj_yhy98_default/quantum/quantum.o
                0x080023a0                soft_reset_keyboard
 .text.process_record_quantum
                0x080023ae       0xb2 .build/obj_yhy98_default/quantum/quantum.o
                0x080023ae                process_record_quantum
 .text.suspend_power_down_quantum
                0x08002460       0x18 .build/obj_yhy98_default/quantum/quantum.o
                0x08002460                suspend_power_down_quantum
 .text.suspend_wakeup_init_quantum
                0x08002478       0x14 .build/obj_yhy98_default/quantum/quantum.o
                0x08002478                suspend_wakeup_init_quantum
 .text.led_set_user
                0x0800248c        0x2 .build/obj_yhy98_default/quantum/led.o
                0x0800248c                led_set_user
 .text.led_update_user
                0x0800248e        0x4 .build/obj_yhy98_default/quantum/led.o
                0x0800248e                led_update_user
 .text.led_update_ports
                0x08002492        0x2 .build/obj_yhy98_default/quantum/led.o
                0x08002492                led_update_ports
 .text.led_update_kb
                0x08002494       0x16 .build/obj_yhy98_default/quantum/led.o
                0x08002494                led_update_kb
 .text.led_init_ports
                0x080024aa        0x2 .build/obj_yhy98_default/quantum/led.o
                0x080024aa                led_init_ports
 .text.led_set  0x080024ac       0x10 .build/obj_yhy98_default/quantum/led.o
                0x080024ac                led_set
 .text.led_suspend
                0x080024bc        0xa .build/obj_yhy98_default/quantum/led.o
                0x080024bc                led_suspend
 .text.led_wakeup
                0x080024c6        0xc .build/obj_yhy98_default/quantum/led.o
                0x080024c6                led_wakeup
 *fill*         0x080024d2        0x2 
 .text.led_task
                0x080024d4       0x2c .build/obj_yhy98_default/quantum/led.o
                0x080024d4                led_task
 .text.action_exec
                0x08002500       0x40 .build/obj_yhy98_default/quantum/action.o
                0x08002500                action_exec
 .text.process_record_tap_hint
                0x08002540        0xe .build/obj_yhy98_default/quantum/action.o
                0x08002540                process_record_tap_hint
 *fill*         0x0800254e        0x2 
 .text.register_code
                0x08002550       0x84 .build/obj_yhy98_default/quantum/action.o
                0x08002550                register_code
 .text.unregister_code
                0x080025d4       0x5c .build/obj_yhy98_default/quantum/action.o
                0x080025d4                unregister_code
 .text.tap_code_delay
                0x08002630       0x20 .build/obj_yhy98_default/quantum/action.o
                0x08002630                tap_code_delay
 .text.tap_code
                0x08002650       0x10 .build/obj_yhy98_default/quantum/action.o
                0x08002650                tap_code
 .text.register_mods
                0x08002660       0x12 .build/obj_yhy98_default/quantum/action.o
                0x08002660                register_mods
 .text.unregister_mods
                0x08002672       0x12 .build/obj_yhy98_default/quantum/action.o
                0x08002672                unregister_mods
 .text.process_action
                0x08002684      0x398 .build/obj_yhy98_default/quantum/action.o
                0x08002684                process_action
 .text.process_record_handler
                0x08002a1c       0x22 .build/obj_yhy98_default/quantum/action.o
                0x08002a1c                process_record_handler
 *fill*         0x08002a3e        0x2 
 .text.process_record
                0x08002a40       0x3c .build/obj_yhy98_default/quantum/action.o
                0x08002a40                process_record
 .text.clear_keyboard_but_mods_and_keys
                0x08002a7c       0x1a .build/obj_yhy98_default/quantum/action.o
                0x08002a7c                clear_keyboard_but_mods_and_keys
 .text.clear_keyboard_but_mods
                0x08002a96        0xe .build/obj_yhy98_default/quantum/action.o
                0x08002a96                clear_keyboard_but_mods
 .text.clear_keyboard
                0x08002aa4        0xe .build/obj_yhy98_default/quantum/action.o
                0x08002aa4                clear_keyboard
 .text.is_tap_action
                0x08002ab2       0x42 .build/obj_yhy98_default/quantum/action.o
                0x08002ab2                is_tap_action
 .text.is_tap_record
                0x08002af4       0x18 .build/obj_yhy98_default/quantum/action.o
                0x08002af4                is_tap_record
 .text.debug_event
                0x08002b0c        0xc .build/obj_yhy98_default/quantum/action.o
                0x08002b0c                debug_event
 .text.debug_record
                0x08002b18        0xc .build/obj_yhy98_default/quantum/action.o
                0x08002b18                debug_record
 .text.default_layer_state_set_user
                0x08002b24        0x2 .build/obj_yhy98_default/quantum/action_layer.o
                0x08002b24                default_layer_state_set_user
 .text.default_layer_state_set_kb
                0x08002b26        0x8 .build/obj_yhy98_default/quantum/action_layer.o
                0x08002b26                default_layer_state_set_kb
 *fill*         0x08002b2e        0x2 
 .text.default_layer_state_set
                0x08002b30       0x10 .build/obj_yhy98_default/quantum/action_layer.o
 .text.default_layer_debug
                0x08002b40        0x2 .build/obj_yhy98_default/quantum/action_layer.o
                0x08002b40                default_layer_debug
 .text.default_layer_set
                0x08002b42        0x4 .build/obj_yhy98_default/quantum/action_layer.o
                0x08002b42                default_layer_set
 *fill*         0x08002b46        0x2 
 .text.default_layer_or
                0x08002b48       0x10 .build/obj_yhy98_default/quantum/action_layer.o
                0x08002b48                default_layer_or
 .text.default_layer_and
                0x08002b58       0x10 .build/obj_yhy98_default/quantum/action_layer.o
                0x08002b58                default_layer_and
 .text.default_layer_xor
                0x08002b68       0x10 .build/obj_yhy98_default/quantum/action_layer.o
                0x08002b68                default_layer_xor
 .text.layer_state_set_user
                0x08002b78        0x2 .build/obj_yhy98_default/quantum/action_layer.o
                0x08002b78                layer_state_set_user
 .text.layer_state_set_kb
                0x08002b7a        0x8 .build/obj_yhy98_default/quantum/action_layer.o
                0x08002b7a                layer_state_set_kb
 *fill*         0x08002b82        0x2 
 .text.layer_state_set
                0x08002b84       0x10 .build/obj_yhy98_default/quantum/action_layer.o
                0x08002b84                layer_state_set
 .text.layer_clear
                0x08002b94        0x6 .build/obj_yhy98_default/quantum/action_layer.o
                0x08002b94                layer_clear
 .text.layer_move
                0x08002b9a        0xc .build/obj_yhy98_default/quantum/action_layer.o
                0x08002b9a                layer_move
 *fill*         0x08002ba6        0x2 
 .text.layer_on
                0x08002ba8       0x14 .build/obj_yhy98_default/quantum/action_layer.o
                0x08002ba8                layer_on
 .text.layer_off
                0x08002bbc       0x14 .build/obj_yhy98_default/quantum/action_layer.o
                0x08002bbc                layer_off
 .text.layer_invert
                0x08002bd0       0x14 .build/obj_yhy98_default/quantum/action_layer.o
                0x08002bd0                layer_invert
 .text.layer_or
                0x08002be4       0x10 .build/obj_yhy98_default/quantum/action_layer.o
                0x08002be4                layer_or
 .text.layer_and
                0x08002bf4       0x10 .build/obj_yhy98_default/quantum/action_layer.o
                0x08002bf4                layer_and
 .text.layer_xor
                0x08002c04       0x10 .build/obj_yhy98_default/quantum/action_layer.o
                0x08002c04                layer_xor
 .text.layer_debug
                0x08002c14        0x2 .build/obj_yhy98_default/quantum/action_layer.o
                0x08002c14                layer_debug
 .text.update_source_layers_cache_impl
                0x08002c16       0x34 .build/obj_yhy98_default/quantum/action_layer.o
                0x08002c16                update_source_layers_cache_impl
 .text.read_source_layers_cache_impl
                0x08002c4a       0x28 .build/obj_yhy98_default/quantum/action_layer.o
                0x08002c4a                read_source_layers_cache_impl
 *fill*         0x08002c72        0x2 
 .text.update_source_layers_cache
                0x08002c74       0x34 .build/obj_yhy98_default/quantum/action_layer.o
                0x08002c74                update_source_layers_cache
 .text.read_source_layers_cache
                0x08002ca8       0x30 .build/obj_yhy98_default/quantum/action_layer.o
                0x08002ca8                read_source_layers_cache
 .text.layer_switch_get_layer
                0x08002cd8       0x40 .build/obj_yhy98_default/quantum/action_layer.o
                0x08002cd8                layer_switch_get_layer
 .text.layer_switch_get_action
                0x08002d18       0x18 .build/obj_yhy98_default/quantum/action_layer.o
                0x08002d18                layer_switch_get_action
 .text.store_or_get_action
                0x08002d30       0x48 .build/obj_yhy98_default/quantum/action_layer.o
                0x08002d30                store_or_get_action
 .text.update_tri_layer_state
                0x08002d78       0x22 .build/obj_yhy98_default/quantum/action_layer.o
                0x08002d78                update_tri_layer_state
 *fill*         0x08002d9a        0x2 
 .text.update_tri_layer
                0x08002d9c       0x1c .build/obj_yhy98_default/quantum/action_layer.o
                0x08002d9c                update_tri_layer
 .text.debug_waiting_buffer
                0x08002db8       0x40 .build/obj_yhy98_default/quantum/action_tapping.o
 .text.debug_tapping_key
                0x08002df8       0x20 .build/obj_yhy98_default/quantum/action_tapping.o
 .text.waiting_buffer_scan_tap
                0x08002e18       0x78 .build/obj_yhy98_default/quantum/action_tapping.o
 .text.waiting_buffer_typed.isra.0
                0x08002e90       0x44 .build/obj_yhy98_default/quantum/action_tapping.o
 .text.process_tapping
                0x08002ed4      0x234 .build/obj_yhy98_default/quantum/action_tapping.o
 .text.action_tapping_process
                0x08003108       0xc4 .build/obj_yhy98_default/quantum/action_tapping.o
                0x08003108                action_tapping_process
 .text.add_key  0x080031cc       0x10 .build/obj_yhy98_default/quantum/action_util.o
                0x080031cc                add_key
 .text.del_key  0x080031dc       0x10 .build/obj_yhy98_default/quantum/action_util.o
                0x080031dc                del_key
 .text.clear_keys
                0x080031ec        0xc .build/obj_yhy98_default/quantum/action_util.o
                0x080031ec                clear_keys
 .text.get_oneshot_layer
                0x080031f8        0xc .build/obj_yhy98_default/quantum/action_util.o
                0x080031f8                get_oneshot_layer
 .text.get_oneshot_layer_state
                0x08003204       0x10 .build/obj_yhy98_default/quantum/action_util.o
                0x08003204                get_oneshot_layer_state
 .text.is_oneshot_layer_active
                0x08003214       0x14 .build/obj_yhy98_default/quantum/action_util.o
                0x08003214                is_oneshot_layer_active
 .text.get_mods
                0x08003228        0xc .build/obj_yhy98_default/quantum/action_util.o
                0x08003228                get_mods
 .text.add_mods
                0x08003234       0x10 .build/obj_yhy98_default/quantum/action_util.o
                0x08003234                add_mods
 .text.del_mods
                0x08003244       0x10 .build/obj_yhy98_default/quantum/action_util.o
                0x08003244                del_mods
 .text.clear_mods
                0x08003254        0xc .build/obj_yhy98_default/quantum/action_util.o
                0x08003254                clear_mods
 .text.add_weak_mods
                0x08003260       0x10 .build/obj_yhy98_default/quantum/action_util.o
                0x08003260                add_weak_mods
 .text.del_weak_mods
                0x08003270       0x10 .build/obj_yhy98_default/quantum/action_util.o
                0x08003270                del_weak_mods
 .text.clear_weak_mods
                0x08003280        0xc .build/obj_yhy98_default/quantum/action_util.o
                0x08003280                clear_weak_mods
 .text.oneshot_locked_mods_changed_user
                0x0800328c        0x2 .build/obj_yhy98_default/quantum/action_util.o
                0x0800328c                oneshot_locked_mods_changed_user
 .text.oneshot_locked_mods_changed_kb
                0x0800328e        0x8 .build/obj_yhy98_default/quantum/action_util.o
                0x0800328e                oneshot_locked_mods_changed_kb
 *fill*         0x08003296        0x2 
 .text.del_oneshot_locked_mods
                0x08003298       0x1c .build/obj_yhy98_default/quantum/action_util.o
                0x08003298                del_oneshot_locked_mods
 .text.oneshot_mods_changed_user
                0x080032b4        0x2 .build/obj_yhy98_default/quantum/action_util.o
                0x080032b4                oneshot_mods_changed_user
 .text.oneshot_mods_changed_kb
                0x080032b6        0x8 .build/obj_yhy98_default/quantum/action_util.o
                0x080032b6                oneshot_mods_changed_kb
 *fill*         0x080032be        0x2 
 .text.add_oneshot_mods
                0x080032c0       0x1c .build/obj_yhy98_default/quantum/action_util.o
                0x080032c0                add_oneshot_mods
 .text.del_oneshot_mods
                0x080032dc       0x1c .build/obj_yhy98_default/quantum/action_util.o
                0x080032dc                del_oneshot_mods
 .text.clear_oneshot_mods
                0x080032f8       0x18 .build/obj_yhy98_default/quantum/action_util.o
                0x080032f8                clear_oneshot_mods
 .text.send_keyboard_report
                0x08003310       0x60 .build/obj_yhy98_default/quantum/action_util.o
                0x08003310                send_keyboard_report
 .text.oneshot_layer_changed_user
                0x08003370        0x2 .build/obj_yhy98_default/quantum/action_util.o
                0x08003370                oneshot_layer_changed_user
 .text.oneshot_layer_changed_kb
                0x08003372        0x8 .build/obj_yhy98_default/quantum/action_util.o
                0x08003372                oneshot_layer_changed_kb
 *fill*         0x0800337a        0x2 
 .text.set_oneshot_layer
                0x0800337c       0x30 .build/obj_yhy98_default/quantum/action_util.o
                0x0800337c                set_oneshot_layer
 .text.reset_oneshot_layer
                0x080033ac       0x14 .build/obj_yhy98_default/quantum/action_util.o
                0x080033ac                reset_oneshot_layer
 .text.clear_oneshot_layer_state
                0x080033c0       0x34 .build/obj_yhy98_default/quantum/action_util.o
                0x080033c0                clear_oneshot_layer_state
 .text.oneshot_set
                0x080033f4       0x2c .build/obj_yhy98_default/quantum/action_util.o
                0x080033f4                oneshot_set
 .text.oneshot_toggle
                0x08003420       0x18 .build/obj_yhy98_default/quantum/action_util.o
                0x08003420                oneshot_toggle
 .text.oneshot_enable
                0x08003438        0x6 .build/obj_yhy98_default/quantum/action_util.o
                0x08003438                oneshot_enable
 .text.oneshot_disable
                0x0800343e        0x6 .build/obj_yhy98_default/quantum/action_util.o
                0x0800343e                oneshot_disable
 .text.eeconfig_disable
                0x08003444       0x14 .build/obj_yhy98_default/quantum/eeconfig.o
                0x08003444                eeconfig_disable
 .text.eeconfig_is_enabled
                0x08003458       0x1c .build/obj_yhy98_default/quantum/eeconfig.o
                0x08003458                eeconfig_is_enabled
 .text.eeconfig_read_debug
                0x08003474        0x6 .build/obj_yhy98_default/quantum/eeconfig.o
                0x08003474                eeconfig_read_debug
 .text.eeconfig_read_default_layer
                0x0800347a        0x6 .build/obj_yhy98_default/quantum/eeconfig.o
                0x0800347a                eeconfig_read_default_layer
 .text.eeconfig_read_keymap
                0x08003480        0x6 .build/obj_yhy98_default/quantum/eeconfig.o
                0x08003480                eeconfig_read_keymap
 .text.eeconfig_update_keymap
                0x08003486        0x8 .build/obj_yhy98_default/quantum/eeconfig.o
                0x08003486                eeconfig_update_keymap
 .text.eeconfig_update_kb
                0x0800348e        0x8 .build/obj_yhy98_default/quantum/eeconfig.o
                0x0800348e                eeconfig_update_kb
 .text.eeconfig_update_user
                0x08003496        0x8 .build/obj_yhy98_default/quantum/eeconfig.o
                0x08003496                eeconfig_update_user
 .text.eeconfig_init_user
                0x0800349e        0x6 .build/obj_yhy98_default/quantum/eeconfig.o
                0x0800349e                eeconfig_init_user
 .text.eeconfig_init_kb
                0x080034a4        0xe .build/obj_yhy98_default/quantum/eeconfig.o
                0x080034a4                eeconfig_init_kb
 *fill*         0x080034b2        0x2 
 .text.eeconfig_init_quantum
                0x080034b4       0x98 .build/obj_yhy98_default/quantum/eeconfig.o
                0x080034b4                eeconfig_init_quantum
 .text.eeconfig_init
                0x0800354c        0x4 .build/obj_yhy98_default/quantum/eeconfig.o
                0x0800354c                eeconfig_init
 .text.eeconfig_update_handedness
                0x08003550        0x8 .build/obj_yhy98_default/quantum/eeconfig.o
                0x08003550                eeconfig_update_handedness
 .text.generate_tick_event
                0x08003558       0x38 .build/obj_yhy98_default/quantum/keyboard.o
 .text.last_matrix_activity_trigger
                0x08003590       0x18 .build/obj_yhy98_default/quantum/keyboard.o
                0x08003590                last_matrix_activity_trigger
 .text.matrix_setup
                0x080035a8        0x2 .build/obj_yhy98_default/quantum/keyboard.o
                0x080035a8                matrix_setup
 .text.keyboard_pre_init_user
                0x080035aa        0x2 .build/obj_yhy98_default/quantum/keyboard.o
                0x080035aa                keyboard_pre_init_user
 .text.keyboard_pre_init_kb
                0x080035ac        0x8 .build/obj_yhy98_default/quantum/keyboard.o
                0x080035ac                keyboard_pre_init_kb
 .text.keyboard_post_init_user
                0x080035b4        0x2 .build/obj_yhy98_default/quantum/keyboard.o
                0x080035b4                keyboard_post_init_user
 .text.keyboard_post_init_kb
                0x080035b6        0x8 .build/obj_yhy98_default/quantum/keyboard.o
                0x080035b6                keyboard_post_init_kb
 .text.matrix_can_read
                0x080035be        0x4 .build/obj_yhy98_default/quantum/keyboard.o
                0x080035be                matrix_can_read
 *fill*         0x080035c2        0x2 
 .text.keyboard_setup
                0x080035c4       0x1c .build/obj_yhy98_default/quantum/keyboard.o
                0x080035c4                keyboard_setup
 .text.is_keyboard_master
                0x080035e0        0x4 .build/obj_yhy98_default/quantum/keyboard.o
                0x080035e0                is_keyboard_master
 .text.should_process_keypress
                0x080035e4        0x8 .build/obj_yhy98_default/quantum/keyboard.o
                0x080035e4                should_process_keypress
 .text.housekeeping_task_kb
                0x080035ec        0x2 .build/obj_yhy98_default/quantum/keyboard.o
                0x080035ec                housekeeping_task_kb
 .text.housekeeping_task_user
                0x080035ee        0x2 .build/obj_yhy98_default/quantum/keyboard.o
                0x080035ee                housekeeping_task_user
 .text.housekeeping_task
                0x080035f0        0xc .build/obj_yhy98_default/quantum/keyboard.o
                0x080035f0                housekeeping_task
 .text.quantum_init
                0x080035fc       0x12 .build/obj_yhy98_default/quantum/keyboard.o
                0x080035fc                quantum_init
 .text.keyboard_init
                0x0800360e       0x18 .build/obj_yhy98_default/quantum/keyboard.o
                0x0800360e                keyboard_init
 *fill*         0x08003626        0x2 
 .text.keyboard_task
                0x08003628       0xe8 .build/obj_yhy98_default/quantum/keyboard.o
                0x08003628                keyboard_task
 .text.action_for_keycode
                0x08003710      0x1b4 .build/obj_yhy98_default/quantum/keymap_common.o
                0x08003710                action_for_keycode
 .text.keymap_key_to_keycode
                0x080038c4       0x22 .build/obj_yhy98_default/quantum/keymap_common.o
                0x080038c4                keymap_key_to_keycode
 .text.action_for_key
                0x080038e6       0x16 .build/obj_yhy98_default/quantum/keymap_common.o
                0x080038e6                action_for_key
 .text.keycode_config
                0x080038fc      0x108 .build/obj_yhy98_default/quantum/keycode_config.o
                0x080038fc                keycode_config
 .text.mod_config
                0x08003a04       0xac .build/obj_yhy98_default/quantum/keycode_config.o
                0x08003a04                mod_config
 .text.sendchar
                0x08003ab0        0x4 .build/obj_yhy98_default/quantum/logging/sendchar.o
                0x08003ab0                sendchar
 .text.null_sendchar_func
                0x08003ab4        0x4 .build/obj_yhy98_default/quantum/logging/print.o
 .text.print_set_sendchar
                0x08003ab8        0xc .build/obj_yhy98_default/quantum/logging/print.o
                0x08003ab8                print_set_sendchar
 .text.bootmagic_lite_reset_eeprom
                0x08003ac4        0x4 .build/obj_yhy98_default/quantum/bootmagic/bootmagic_lite.o
                0x08003ac4                bootmagic_lite_reset_eeprom
 .text.bootmagic_lite
                0x08003ac8       0x2a .build/obj_yhy98_default/quantum/bootmagic/bootmagic_lite.o
                0x08003ac8                bootmagic_lite
 .text.bootmagic
                0x08003af2        0x8 .build/obj_yhy98_default/quantum/bootmagic/bootmagic_lite.o
                0x08003af2                bootmagic
 *fill*         0x08003afa        0x2 
 .text.magic    0x08003afc       0x40 .build/obj_yhy98_default/quantum/bootmagic/magic.o
                0x08003afc                magic
 .text.matrix_init_user
                0x08003b3c        0x2 .build/obj_yhy98_default/quantum/matrix_common.o
                0x08003b3c                matrix_init_user
 .text.matrix_init_kb
                0x08003b3e        0x8 .build/obj_yhy98_default/quantum/matrix_common.o
                0x08003b3e                matrix_init_kb
 .text.matrix_scan_user
                0x08003b46        0x2 .build/obj_yhy98_default/quantum/matrix_common.o
                0x08003b46                matrix_scan_user
 .text.matrix_scan_kb
                0x08003b48        0x8 .build/obj_yhy98_default/quantum/matrix_common.o
                0x08003b48                matrix_scan_kb
 .text.matrix_get_row
                0x08003b50        0xc .build/obj_yhy98_default/quantum/matrix_common.o
                0x08003b50                matrix_get_row
 .text.matrix_print
                0x08003b5c        0x2 .build/obj_yhy98_default/quantum/matrix_common.o
                0x08003b5c                matrix_print
 .text.matrix_io_delay
                0x08003b5e        0x8 .build/obj_yhy98_default/quantum/matrix_common.o
                0x08003b5e                matrix_io_delay
 .text.matrix_output_select_delay
                0x08003b66       0x26 .build/obj_yhy98_default/quantum/matrix_common.o
                0x08003b66                matrix_output_select_delay
 .text.matrix_output_unselect_delay
                0x08003b8c        0x8 .build/obj_yhy98_default/quantum/matrix_common.o
                0x08003b8c                matrix_output_unselect_delay
 .text.setPinInputHigh_atomic
                0x08003b94       0x22 .build/obj_yhy98_default/quantum/matrix.o
 *fill*         0x08003bb6        0x2 
 .text.matrix_init_pins
                0x08003bb8       0x3c .build/obj_yhy98_default/quantum/matrix.o
                0x08003bb8                matrix_init_pins
 .text.matrix_read_cols_on_row
                0x08003bf4       0xa4 .build/obj_yhy98_default/quantum/matrix.o
                0x08003bf4                matrix_read_cols_on_row
 .text.matrix_init
                0x08003c98       0x34 .build/obj_yhy98_default/quantum/matrix.o
                0x08003c98                matrix_init
 .text.matrix_scan
                0x08003ccc       0x64 .build/obj_yhy98_default/quantum/matrix.o
                0x08003ccc                matrix_scan
 .text.debounce_init
                0x08003d30        0x2 .build/obj_yhy98_default/quantum/debounce/sym_defer_g.o
                0x08003d30                debounce_init
 *fill*         0x08003d32        0x2 
 .text.debounce
                0x08003d34       0x64 .build/obj_yhy98_default/quantum/debounce/sym_defer_g.o
                0x08003d34                debounce
 .text.protocol_init
                0x08003d98       0x12 .build/obj_yhy98_default/quantum/main.o
                0x08003d98                protocol_init
 .text.protocol_task
                0x08003daa       0x12 .build/obj_yhy98_default/quantum/main.o
                0x08003daa                protocol_task
 .text.startup.main
                0x08003dbc       0x1c .build/obj_yhy98_default/quantum/main.o
                0x08003dbc                main
 .text.eeprom_read_byte
                0x08003dd8       0x1e .build/obj_yhy98_default/eeprom_driver.o
                0x08003dd8                eeprom_read_byte
 .text.eeprom_read_word
                0x08003df6       0x1e .build/obj_yhy98_default/eeprom_driver.o
                0x08003df6                eeprom_read_word
 .text.eeprom_read_dword
                0x08003e14       0x1a .build/obj_yhy98_default/eeprom_driver.o
                0x08003e14                eeprom_read_dword
 .text.eeprom_write_byte
                0x08003e2e       0x18 .build/obj_yhy98_default/eeprom_driver.o
                0x08003e2e                eeprom_write_byte
 .text.eeprom_write_word
                0x08003e46       0x18 .build/obj_yhy98_default/eeprom_driver.o
                0x08003e46                eeprom_write_word
 .text.eeprom_write_dword
                0x08003e5e       0x16 .build/obj_yhy98_default/eeprom_driver.o
                0x08003e5e                eeprom_write_dword
 .text.eeprom_update_block
                0x08003e74       0x34 .build/obj_yhy98_default/eeprom_driver.o
                0x08003e74                eeprom_update_block
 .text.eeprom_update_byte
                0x08003ea8       0x1c .build/obj_yhy98_default/eeprom_driver.o
                0x08003ea8                eeprom_update_byte
 .text.eeprom_update_word
                0x08003ec4       0x1c .build/obj_yhy98_default/eeprom_driver.o
                0x08003ec4                eeprom_update_word
 .text.eeprom_update_dword
                0x08003ee0       0x1c .build/obj_yhy98_default/eeprom_driver.o
                0x08003ee0                eeprom_update_dword
 .text.eeprom_driver_init
                0x08003efc        0x4 .build/obj_yhy98_default/eeprom_wear_leveling.o
                0x08003efc                eeprom_driver_init
 .text.eeprom_driver_erase
                0x08003f00        0x4 .build/obj_yhy98_default/eeprom_wear_leveling.o
                0x08003f00                eeprom_driver_erase
 .text.eeprom_read_block
                0x08003f04        0xa .build/obj_yhy98_default/eeprom_wear_leveling.o
                0x08003f04                eeprom_read_block
 .text.eeprom_write_block
                0x08003f0e        0xa .build/obj_yhy98_default/eeprom_wear_leveling.o
                0x08003f0e                eeprom_write_block
 .text.wear_leveling_clear_cache
                0x08003f18       0x20 .build/obj_yhy98_default/wear_leveling.o
 .text.wear_leveling_unlock
                0x08003f38       0x20 .build/obj_yhy98_default/wear_leveling.o
 .text.wear_leveling_lock
                0x08003f58       0x24 .build/obj_yhy98_default/wear_leveling.o
 .text.wear_leveling_erase
                0x08003f7c       0x32 .build/obj_yhy98_default/wear_leveling.o
                0x08003f7c                wear_leveling_erase
 *fill*         0x08003fae        0x2 
 .text.wear_leveling_read
                0x08003fb0       0x24 .build/obj_yhy98_default/wear_leveling.o
                0x08003fb0                wear_leveling_read
 .text.backing_store_read_bulk
                0x08003fd4       0x26 .build/obj_yhy98_default/wear_leveling.o
                0x08003fd4                backing_store_read_bulk
 .text.backing_store_write_bulk
                0x08003ffa       0x26 .build/obj_yhy98_default/wear_leveling.o
                0x08003ffa                backing_store_write_bulk
 .text.wear_leveling_consolidate_force
                0x08004020       0x6c .build/obj_yhy98_default/wear_leveling.o
 .text.wear_leveling_consolidate_if_needed
                0x0800408c       0x18 .build/obj_yhy98_default/wear_leveling.o
 .text.wear_leveling_append_raw
                0x080040a4       0x28 .build/obj_yhy98_default/wear_leveling.o
 .text.wear_leveling_write
                0x080040cc      0x168 .build/obj_yhy98_default/wear_leveling.o
                0x080040cc                wear_leveling_write
 *fill*         0x08004234        0x4 
 .text.wear_leveling_init
                0x08004238      0x17c .build/obj_yhy98_default/wear_leveling.o
                0x08004238                wear_leveling_init
 .text.backing_store_unlock
                0x080043b4       0x18 .build/obj_yhy98_default/wear_leveling_efl.o
                0x080043b4                backing_store_unlock
 .text.backing_store_erase
                0x080043cc       0x44 .build/obj_yhy98_default/wear_leveling_efl.o
                0x080043cc                backing_store_erase
 .text.backing_store_write
                0x08004410       0x34 .build/obj_yhy98_default/wear_leveling_efl.o
                0x08004410                backing_store_write
 .text.backing_store_lock
                0x08004444       0x10 .build/obj_yhy98_default/wear_leveling_efl.o
                0x08004444                backing_store_lock
 .text.backing_store_init
                0x08004454       0x98 .build/obj_yhy98_default/wear_leveling_efl.o
                0x08004454                backing_store_init
 .text.backing_store_read
                0x080044ec       0x24 .build/obj_yhy98_default/wear_leveling_efl.o
                0x080044ec                backing_store_read
 .text.hsv_to_rgb_impl
                0x08004510       0xdc .build/obj_yhy98_default/quantum/color.o
                0x08004510                hsv_to_rgb_impl
 .text.hsv_to_rgb
                0x080045ec        0xa .build/obj_yhy98_default/quantum/color.o
                0x080045ec                hsv_to_rgb
 .text.sqrt16   0x080045f6       0x4e .build/obj_yhy98_default/quantum/rgb_matrix/rgb_matrix.o
 .text.CYCLE_ALL_math
                0x08004644       0x26 .build/obj_yhy98_default/quantum/rgb_matrix/rgb_matrix.o
 *fill*         0x0800466a        0x2 
 .text.CYCLE_LEFT_RIGHT_math
                0x0800466c       0x38 .build/obj_yhy98_default/quantum/rgb_matrix/rgb_matrix.o
 .text.SOLID_REACTIVE_WIDE_math
                0x080046a4       0x48 .build/obj_yhy98_default/quantum/rgb_matrix/rgb_matrix.o
 .text.SOLID_REACTIVE_CROSS_math
                0x080046ec       0x74 .build/obj_yhy98_default/quantum/rgb_matrix/rgb_matrix.o
 .text.eeconfig_flag_rgb_matrix
                0x08004760       0x10 .build/obj_yhy98_default/quantum/rgb_matrix/rgb_matrix.o
 .text.eeconfig_init_rgb_matrix
                0x08004770       0x20 .build/obj_yhy98_default/quantum/rgb_matrix/rgb_matrix.o
 .text.eeconfig_flush_rgb_matrix.part.0
                0x08004790       0x1c .build/obj_yhy98_default/quantum/rgb_matrix/rgb_matrix.o
 .text.rgb_matrix_hsv_to_rgb
                0x080047ac        0x8 .build/obj_yhy98_default/quantum/rgb_matrix/rgb_matrix.o
                0x080047ac                rgb_matrix_hsv_to_rgb
 .text.process_rgb_matrix_typing_heatmap
                0x080047b4       0xe0 .build/obj_yhy98_default/quantum/rgb_matrix/rgb_matrix.o
                0x080047b4                process_rgb_matrix_typing_heatmap
 .text.eeconfig_update_rgb_matrix
                0x08004894        0x4 .build/obj_yhy98_default/quantum/rgb_matrix/rgb_matrix.o
                0x08004894                eeconfig_update_rgb_matrix
 .text.eeconfig_update_rgb_matrix_default
                0x08004898       0x2c .build/obj_yhy98_default/quantum/rgb_matrix/rgb_matrix.o
                0x08004898                eeconfig_update_rgb_matrix_default
 .text.rgb_matrix_map_row_column_to_led_kb
                0x080048c4        0x4 .build/obj_yhy98_default/quantum/rgb_matrix/rgb_matrix.o
                0x080048c4                rgb_matrix_map_row_column_to_led_kb
 .text.rgb_matrix_map_row_column_to_led
                0x080048c8       0x28 .build/obj_yhy98_default/quantum/rgb_matrix/rgb_matrix.o
                0x080048c8                rgb_matrix_map_row_column_to_led
 .text.rgb_matrix_update_pwm_buffers
                0x080048f0        0xc .build/obj_yhy98_default/quantum/rgb_matrix/rgb_matrix.o
                0x080048f0                rgb_matrix_update_pwm_buffers
 .text.rgb_matrix_set_color
                0x080048fc       0x10 .build/obj_yhy98_default/quantum/rgb_matrix/rgb_matrix.o
                0x080048fc                rgb_matrix_set_color
 .text.effect_runner_i
                0x0800490c       0xb4 .build/obj_yhy98_default/quantum/rgb_matrix/rgb_matrix.o
                0x0800490c                effect_runner_i
 .text.CYCLE_ALL
                0x080049c0        0xc .build/obj_yhy98_default/quantum/rgb_matrix/rgb_matrix.o
                0x080049c0                CYCLE_ALL
 .text.CYCLE_LEFT_RIGHT
                0x080049cc        0xc .build/obj_yhy98_default/quantum/rgb_matrix/rgb_matrix.o
                0x080049cc                CYCLE_LEFT_RIGHT
 .text.effect_runner_reactive_splash
                0x080049d8      0x13c .build/obj_yhy98_default/quantum/rgb_matrix/rgb_matrix.o
                0x080049d8                effect_runner_reactive_splash
 .text.SOLID_REACTIVE_WIDE
                0x08004b14       0x1c .build/obj_yhy98_default/quantum/rgb_matrix/rgb_matrix.o
                0x08004b14                SOLID_REACTIVE_WIDE
 .text.SOLID_REACTIVE_CROSS
                0x08004b30       0x1c .build/obj_yhy98_default/quantum/rgb_matrix/rgb_matrix.o
                0x08004b30                SOLID_REACTIVE_CROSS
 .text.SOLID_COLOR
                0x08004b4c       0x88 .build/obj_yhy98_default/quantum/rgb_matrix/rgb_matrix.o
                0x08004b4c                SOLID_COLOR
 .text.rgb_matrix_set_color_all
                0x08004bd4        0xc .build/obj_yhy98_default/quantum/rgb_matrix/rgb_matrix.o
                0x08004bd4                rgb_matrix_set_color_all
 .text.TYPING_HEATMAP
                0x08004be0      0x140 .build/obj_yhy98_default/quantum/rgb_matrix/rgb_matrix.o
                0x08004be0                TYPING_HEATMAP
 .text.process_rgb_matrix
                0x08004d20      0x100 .build/obj_yhy98_default/quantum/rgb_matrix/rgb_matrix.o
                0x08004d20                process_rgb_matrix
 .text.rgb_matrix_indicators_user
                0x08004e20        0x4 .build/obj_yhy98_default/quantum/rgb_matrix/rgb_matrix.o
                0x08004e20                rgb_matrix_indicators_user
 .text.rgb_matrix_indicators_kb
                0x08004e24        0x8 .build/obj_yhy98_default/quantum/rgb_matrix/rgb_matrix.o
                0x08004e24                rgb_matrix_indicators_kb
 .text.rgb_matrix_indicators_advanced_user
                0x08004e2c        0x4 .build/obj_yhy98_default/quantum/rgb_matrix/rgb_matrix.o
                0x08004e2c                rgb_matrix_indicators_advanced_user
 .text.rgb_matrix_indicators_advanced_kb
                0x08004e30        0x8 .build/obj_yhy98_default/quantum/rgb_matrix/rgb_matrix.o
                0x08004e30                rgb_matrix_indicators_advanced_kb
 .text.rgb_matrix_indicators_advanced
                0x08004e38       0x20 .build/obj_yhy98_default/quantum/rgb_matrix/rgb_matrix.o
                0x08004e38                rgb_matrix_indicators_advanced
 .text.rgb_matrix_task
                0x08004e58      0x1a0 .build/obj_yhy98_default/quantum/rgb_matrix/rgb_matrix.o
                0x08004e58                rgb_matrix_task
 .text.rgb_matrix_init
                0x08004ff8       0x5c .build/obj_yhy98_default/quantum/rgb_matrix/rgb_matrix.o
                0x08004ff8                rgb_matrix_init
 .text.rgb_matrix_set_suspend_state
                0x08005054        0x2 .build/obj_yhy98_default/quantum/rgb_matrix/rgb_matrix.o
                0x08005054                rgb_matrix_set_suspend_state
 *fill*         0x08005056        0x2 
 .text.rgb_matrix_toggle_eeprom_helper
                0x08005058       0x1c .build/obj_yhy98_default/quantum/rgb_matrix/rgb_matrix.o
                0x08005058                rgb_matrix_toggle_eeprom_helper
 .text.rgb_matrix_toggle_noeeprom
                0x08005074        0x6 .build/obj_yhy98_default/quantum/rgb_matrix/rgb_matrix.o
                0x08005074                rgb_matrix_toggle_noeeprom
 .text.rgb_matrix_toggle
                0x0800507a        0x6 .build/obj_yhy98_default/quantum/rgb_matrix/rgb_matrix.o
                0x0800507a                rgb_matrix_toggle
 .text.rgb_matrix_enable_noeeprom
                0x08005080       0x24 .build/obj_yhy98_default/quantum/rgb_matrix/rgb_matrix.o
                0x08005080                rgb_matrix_enable_noeeprom
 .text.rgb_matrix_disable_noeeprom
                0x080050a4       0x20 .build/obj_yhy98_default/quantum/rgb_matrix/rgb_matrix.o
                0x080050a4                rgb_matrix_disable_noeeprom
 .text.rgb_matrix_is_enabled
                0x080050c4       0x10 .build/obj_yhy98_default/quantum/rgb_matrix/rgb_matrix.o
                0x080050c4                rgb_matrix_is_enabled
 .text.rgb_matrix_mode_eeprom_helper
                0x080050d4       0x3c .build/obj_yhy98_default/quantum/rgb_matrix/rgb_matrix.o
                0x080050d4                rgb_matrix_mode_eeprom_helper
 .text.rgb_matrix_mode_noeeprom
                0x08005110        0x6 .build/obj_yhy98_default/quantum/rgb_matrix/rgb_matrix.o
                0x08005110                rgb_matrix_mode_noeeprom
 .text.rgb_matrix_mode
                0x08005116        0x6 .build/obj_yhy98_default/quantum/rgb_matrix/rgb_matrix.o
                0x08005116                rgb_matrix_mode
 .text.rgb_matrix_get_mode
                0x0800511c        0xc .build/obj_yhy98_default/quantum/rgb_matrix/rgb_matrix.o
                0x0800511c                rgb_matrix_get_mode
 .text.rgb_matrix_step_helper
                0x08005128       0x1c .build/obj_yhy98_default/quantum/rgb_matrix/rgb_matrix.o
                0x08005128                rgb_matrix_step_helper
 .text.rgb_matrix_step
                0x08005144        0x6 .build/obj_yhy98_default/quantum/rgb_matrix/rgb_matrix.o
                0x08005144                rgb_matrix_step
 *fill*         0x0800514a        0x2 
 .text.rgb_matrix_step_reverse_helper
                0x0800514c       0x20 .build/obj_yhy98_default/quantum/rgb_matrix/rgb_matrix.o
                0x0800514c                rgb_matrix_step_reverse_helper
 .text.rgb_matrix_step_reverse
                0x0800516c        0x6 .build/obj_yhy98_default/quantum/rgb_matrix/rgb_matrix.o
                0x0800516c                rgb_matrix_step_reverse
 *fill*         0x08005172        0x2 
 .text.rgb_matrix_sethsv_eeprom_helper
                0x08005174       0x24 .build/obj_yhy98_default/quantum/rgb_matrix/rgb_matrix.o
                0x08005174                rgb_matrix_sethsv_eeprom_helper
 .text.rgb_matrix_sethsv_noeeprom
                0x08005198        0x6 .build/obj_yhy98_default/quantum/rgb_matrix/rgb_matrix.o
                0x08005198                rgb_matrix_sethsv_noeeprom
 *fill*         0x0800519e        0x2 
 .text.rgb_matrix_get_hue
                0x080051a0        0xc .build/obj_yhy98_default/quantum/rgb_matrix/rgb_matrix.o
                0x080051a0                rgb_matrix_get_hue
 .text.rgb_matrix_get_sat
                0x080051ac        0xc .build/obj_yhy98_default/quantum/rgb_matrix/rgb_matrix.o
                0x080051ac                rgb_matrix_get_sat
 .text.rgb_matrix_get_val
                0x080051b8        0xc .build/obj_yhy98_default/quantum/rgb_matrix/rgb_matrix.o
                0x080051b8                rgb_matrix_get_val
 .text.rgb_matrix_increase_hue_helper
                0x080051c4       0x14 .build/obj_yhy98_default/quantum/rgb_matrix/rgb_matrix.o
                0x080051c4                rgb_matrix_increase_hue_helper
 .text.rgb_matrix_increase_hue
                0x080051d8        0x6 .build/obj_yhy98_default/quantum/rgb_matrix/rgb_matrix.o
                0x080051d8                rgb_matrix_increase_hue
 *fill*         0x080051de        0x2 
 .text.rgb_matrix_decrease_hue_helper
                0x080051e0       0x1c .build/obj_yhy98_default/quantum/rgb_matrix/rgb_matrix.o
                0x080051e0                rgb_matrix_decrease_hue_helper
 .text.rgb_matrix_decrease_hue
                0x080051fc        0x6 .build/obj_yhy98_default/quantum/rgb_matrix/rgb_matrix.o
                0x080051fc                rgb_matrix_decrease_hue
 *fill*         0x08005202        0x2 
 .text.rgb_matrix_increase_sat_helper
                0x08005204       0x20 .build/obj_yhy98_default/quantum/rgb_matrix/rgb_matrix.o
                0x08005204                rgb_matrix_increase_sat_helper
 .text.rgb_matrix_increase_sat
                0x08005224        0x6 .build/obj_yhy98_default/quantum/rgb_matrix/rgb_matrix.o
                0x08005224                rgb_matrix_increase_sat
 *fill*         0x0800522a        0x2 
 .text.rgb_matrix_decrease_sat_helper
                0x0800522c       0x20 .build/obj_yhy98_default/quantum/rgb_matrix/rgb_matrix.o
                0x0800522c                rgb_matrix_decrease_sat_helper
 .text.rgb_matrix_decrease_sat
                0x0800524c        0x6 .build/obj_yhy98_default/quantum/rgb_matrix/rgb_matrix.o
                0x0800524c                rgb_matrix_decrease_sat
 *fill*         0x08005252        0x2 
 .text.rgb_matrix_increase_val_helper
                0x08005254       0x20 .build/obj_yhy98_default/quantum/rgb_matrix/rgb_matrix.o
                0x08005254                rgb_matrix_increase_val_helper
 .text.rgb_matrix_increase_val
                0x08005274        0x6 .build/obj_yhy98_default/quantum/rgb_matrix/rgb_matrix.o
                0x08005274                rgb_matrix_increase_val
 *fill*         0x0800527a        0x2 
 .text.rgb_matrix_decrease_val_helper
                0x0800527c       0x20 .build/obj_yhy98_default/quantum/rgb_matrix/rgb_matrix.o
                0x0800527c                rgb_matrix_decrease_val_helper
 .text.rgb_matrix_decrease_val
                0x0800529c        0x6 .build/obj_yhy98_default/quantum/rgb_matrix/rgb_matrix.o
                0x0800529c                rgb_matrix_decrease_val
 *fill*         0x080052a2        0x2 
 .text.rgb_matrix_set_speed_noeeprom
                0x080052a4       0x10 .build/obj_yhy98_default/quantum/rgb_matrix/rgb_matrix.o
                0x080052a4                rgb_matrix_set_speed_noeeprom
 .text.rgb_matrix_get_speed
                0x080052b4        0xc .build/obj_yhy98_default/quantum/rgb_matrix/rgb_matrix.o
                0x080052b4                rgb_matrix_get_speed
 .text.rgb_matrix_increase_speed_helper
                0x080052c0       0x18 .build/obj_yhy98_default/quantum/rgb_matrix/rgb_matrix.o
                0x080052c0                rgb_matrix_increase_speed_helper
 .text.rgb_matrix_increase_speed
                0x080052d8        0x6 .build/obj_yhy98_default/quantum/rgb_matrix/rgb_matrix.o
                0x080052d8                rgb_matrix_increase_speed
 *fill*         0x080052de        0x2 
 .text.rgb_matrix_decrease_speed_helper
                0x080052e0       0x14 .build/obj_yhy98_default/quantum/rgb_matrix/rgb_matrix.o
                0x080052e0                rgb_matrix_decrease_speed_helper
 .text.rgb_matrix_decrease_speed
                0x080052f4        0x6 .build/obj_yhy98_default/quantum/rgb_matrix/rgb_matrix.o
                0x080052f4                rgb_matrix_decrease_speed
 .text.init     0x080052fa        0x2 .build/obj_yhy98_default/quantum/rgb_matrix/rgb_matrix_drivers.o
 .text.setled   0x080052fc       0x18 .build/obj_yhy98_default/quantum/rgb_matrix/rgb_matrix_drivers.o
 .text.setled_all
                0x08005314       0x1c .build/obj_yhy98_default/quantum/rgb_matrix/rgb_matrix_drivers.o
 .text.flush    0x08005330        0xc .build/obj_yhy98_default/quantum/rgb_matrix/rgb_matrix_drivers.o
 .text.handleKeycodeRGB
                0x0800533c        0x6 .build/obj_yhy98_default/quantum/process_keycode/process_rgb.o
 *fill*         0x08005342        0x2 
 .text.process_rgb
                0x08005344       0xb8 .build/obj_yhy98_default/quantum/process_keycode/process_rgb.o
                0x08005344                process_rgb
 .text.ws2812_init
                0x080053fc       0x80 .build/obj_yhy98_default/ws2812_pwm.o
                0x080053fc                ws2812_init
 .text.ws2812_write_led
                0x0800547c       0x4c .build/obj_yhy98_default/ws2812_pwm.o
                0x0800547c                ws2812_write_led
 .text.ws2812_setleds
                0x080054c8       0x3c .build/obj_yhy98_default/ws2812_pwm.o
                0x080054c8                ws2812_setleds
 .text.via_eeprom_is_valid
                0x08005504       0x2a .build/obj_yhy98_default/quantum/via.o
                0x08005504                via_eeprom_is_valid
 .text.via_eeprom_set_valid
                0x0800552e       0x32 .build/obj_yhy98_default/quantum/via.o
                0x0800552e                via_eeprom_set_valid
 .text.via_init_kb
                0x08005560        0x2 .build/obj_yhy98_default/quantum/via.o
                0x08005560                via_init_kb
 .text.via_get_layout_options
                0x08005562        0xa .build/obj_yhy98_default/quantum/via.o
                0x08005562                via_get_layout_options
 .text.via_set_layout_options_kb
                0x0800556c        0x2 .build/obj_yhy98_default/quantum/via.o
                0x0800556c                via_set_layout_options_kb
 .text.via_set_layout_options
                0x0800556e       0x14 .build/obj_yhy98_default/quantum/via.o
                0x0800556e                via_set_layout_options
 .text.eeconfig_init_via
                0x08005582       0x20 .build/obj_yhy98_default/quantum/via.o
                0x08005582                eeconfig_init_via
 .text.via_init
                0x080055a2       0x1e .build/obj_yhy98_default/quantum/via.o
                0x080055a2                via_init
 .text.via_set_device_indication
                0x080055c0        0x4 .build/obj_yhy98_default/quantum/via.o
                0x080055c0                via_set_device_indication
 .text.process_record_via
                0x080055c4       0x1e .build/obj_yhy98_default/quantum/via.o
                0x080055c4                process_record_via
 .text.via_custom_value_command_kb
                0x080055e2        0x6 .build/obj_yhy98_default/quantum/via.o
                0x080055e2                via_custom_value_command_kb
 .text.via_command_kb
                0x080055e8        0x4 .build/obj_yhy98_default/quantum/via.o
                0x080055e8                via_command_kb
 .text.via_qmk_rgb_matrix_get_value
                0x080055ec       0x3e .build/obj_yhy98_default/quantum/via.o
                0x080055ec                via_qmk_rgb_matrix_get_value
 .text.via_qmk_rgb_matrix_set_value
                0x0800562a       0x68 .build/obj_yhy98_default/quantum/via.o
                0x0800562a                via_qmk_rgb_matrix_set_value
 .text.via_qmk_rgb_matrix_command
                0x08005692       0x24 .build/obj_yhy98_default/quantum/via.o
                0x08005692                via_qmk_rgb_matrix_command
 .text.via_custom_value_command
                0x080056b6       0x16 .build/obj_yhy98_default/quantum/via.o
                0x080056b6                via_custom_value_command
 .text.raw_hid_receive
                0x080056cc      0x182 .build/obj_yhy98_default/quantum/via.o
                0x080056cc                raw_hid_receive
 .text.fnv_64a_buf
                0x0800584e       0x70 .build/obj_yhy98_default/hash_64a.o
                0x0800584e                fnv_64a_buf
 *fill*         0x080058be        0x2 
 .text.process_magic
                0x080058c0      0x1cc .build/obj_yhy98_default/quantum/process_keycode/process_magic.o
                0x080058c0                process_magic
 .text.send_char
                0x08005a8c       0x70 .build/obj_yhy98_default/quantum/send_string/send_string.o
                0x08005a8c                send_char
 .text.send_string_with_delay
                0x08005afc       0x8c .build/obj_yhy98_default/quantum/send_string/send_string.o
                0x08005afc                send_string_with_delay
 .text.dynamic_keymap_get_layer_count
                0x08005b88        0x4 .build/obj_yhy98_default/quantum/dynamic_keymap.o
                0x08005b88                dynamic_keymap_get_layer_count
 .text.dynamic_keymap_key_to_eeprom_address
                0x08005b8c       0x12 .build/obj_yhy98_default/quantum/dynamic_keymap.o
                0x08005b8c                dynamic_keymap_key_to_eeprom_address
 .text.dynamic_keymap_get_keycode
                0x08005b9e       0x2c .build/obj_yhy98_default/quantum/dynamic_keymap.o
                0x08005b9e                dynamic_keymap_get_keycode
 .text.dynamic_keymap_set_keycode
                0x08005bca       0x2a .build/obj_yhy98_default/quantum/dynamic_keymap.o
                0x08005bca                dynamic_keymap_set_keycode
 .text.dynamic_keymap_reset
                0x08005bf4       0x50 .build/obj_yhy98_default/quantum/dynamic_keymap.o
                0x08005bf4                dynamic_keymap_reset
 .text.dynamic_keymap_get_buffer
                0x08005c44       0x2c .build/obj_yhy98_default/quantum/dynamic_keymap.o
                0x08005c44                dynamic_keymap_get_buffer
 .text.dynamic_keymap_set_buffer
                0x08005c70       0x28 .build/obj_yhy98_default/quantum/dynamic_keymap.o
                0x08005c70                dynamic_keymap_set_buffer
 .text.keycode_at_keymap_location
                0x08005c98       0x1a .build/obj_yhy98_default/quantum/dynamic_keymap.o
                0x08005c98                keycode_at_keymap_location
 .text.dynamic_keymap_macro_get_count
                0x08005cb2        0x4 .build/obj_yhy98_default/quantum/dynamic_keymap.o
                0x08005cb2                dynamic_keymap_macro_get_count
 .text.dynamic_keymap_macro_get_buffer_size
                0x08005cb6        0x4 .build/obj_yhy98_default/quantum/dynamic_keymap.o
                0x08005cb6                dynamic_keymap_macro_get_buffer_size
 .text.dynamic_keymap_macro_get_buffer
                0x08005cba       0x2c .build/obj_yhy98_default/quantum/dynamic_keymap.o
                0x08005cba                dynamic_keymap_macro_get_buffer
 .text.dynamic_keymap_macro_set_buffer
                0x08005ce6       0x28 .build/obj_yhy98_default/quantum/dynamic_keymap.o
                0x08005ce6                dynamic_keymap_macro_set_buffer
 .text.dynamic_keymap_macro_reset
                0x08005d0e       0x18 .build/obj_yhy98_default/quantum/dynamic_keymap.o
                0x08005d0e                dynamic_keymap_macro_reset
 .text.dynamic_keymap_macro_send
                0x08005d26       0xb0 .build/obj_yhy98_default/quantum/dynamic_keymap.o
                0x08005d26                dynamic_keymap_macro_send
 *fill*         0x08005dd6        0x2 
 .text.process_grave_esc
                0x08005dd8       0x4c .build/obj_yhy98_default/quantum/process_keycode/process_grave_esc.o
                0x08005dd8                process_grave_esc
 .text.perform_space_cadet
                0x08005e24       0xb8 .build/obj_yhy98_default/quantum/process_keycode/process_space_cadet.o
                0x08005e24                perform_space_cadet
 .text.process_space_cadet
                0x08005edc       0x9c .build/obj_yhy98_default/quantum/process_keycode/process_space_cadet.o
                0x08005edc                process_space_cadet
 .text.process_tri_layer
                0x08005f78       0x5a .build/obj_yhy98_default/quantum/process_keycode/process_tri_layer.o
                0x08005f78                process_tri_layer
 *fill*         0x08005fd2        0x2 
 .text.get_tri_layer_lower_layer
                0x08005fd4        0xc .build/obj_yhy98_default/quantum/tri_layer.o
                0x08005fd4                get_tri_layer_lower_layer
 .text.get_tri_layer_upper_layer
                0x08005fe0        0xc .build/obj_yhy98_default/quantum/tri_layer.o
                0x08005fe0                get_tri_layer_upper_layer
 .text.get_tri_layer_adjust_layer
                0x08005fec        0xc .build/obj_yhy98_default/quantum/tri_layer.o
                0x08005fec                get_tri_layer_adjust_layer
 .text.host_set_driver
                0x08005ff8        0xc .build/obj_yhy98_default/protocol/host.o
                0x08005ff8                host_set_driver
 .text.host_keyboard_leds
                0x08006004       0x10 .build/obj_yhy98_default/protocol/host.o
                0x08006004                host_keyboard_leds
 .text.host_keyboard_send
                0x08006014       0x30 .build/obj_yhy98_default/protocol/host.o
                0x08006014                host_keyboard_send
 .text.host_system_send
                0x08006044       0x38 .build/obj_yhy98_default/protocol/host.o
                0x08006044                host_system_send
 .text.host_consumer_send
                0x0800607c       0x38 .build/obj_yhy98_default/protocol/host.o
                0x0800607c                host_consumer_send
 .text.has_anykey
                0x080060b4       0x3c .build/obj_yhy98_default/protocol/report.o
                0x080060b4                has_anykey
 .text.is_key_pressed
                0x080060f0       0x50 .build/obj_yhy98_default/protocol/report.o
                0x080060f0                is_key_pressed
 .text.add_key_byte
                0x08006140       0x2c .build/obj_yhy98_default/protocol/report.o
                0x08006140                add_key_byte
 .text.del_key_byte
                0x0800616c       0x18 .build/obj_yhy98_default/protocol/report.o
                0x0800616c                del_key_byte
 .text.add_key_bit
                0x08006184       0x1a .build/obj_yhy98_default/protocol/report.o
                0x08006184                add_key_bit
 .text.del_key_bit
                0x0800619e       0x1c .build/obj_yhy98_default/protocol/report.o
                0x0800619e                del_key_bit
 *fill*         0x080061ba        0x2 
 .text.add_key_to_report
                0x080061bc       0x30 .build/obj_yhy98_default/protocol/report.o
                0x080061bc                add_key_to_report
 .text.del_key_from_report
                0x080061ec       0x30 .build/obj_yhy98_default/protocol/report.o
                0x080061ec                del_key_from_report
 .text.clear_keys_from_report
                0x0800621c       0x28 .build/obj_yhy98_default/protocol/report.o
                0x0800621c                clear_keys_from_report
 .text.notify_usb_device_state_change_user
                0x08006244        0x2 .build/obj_yhy98_default/protocol/usb_device_state.o
                0x08006244                notify_usb_device_state_change_user
 .text.notify_usb_device_state_change_kb
                0x08006246        0x8 .build/obj_yhy98_default/protocol/usb_device_state.o
                0x08006246                notify_usb_device_state_change_kb
 *fill*         0x0800624e        0x2 
 .text.usb_device_state_set_configuration
                0x08006250       0x14 .build/obj_yhy98_default/protocol/usb_device_state.o
                0x08006250                usb_device_state_set_configuration
 .text.usb_device_state_set_suspend
                0x08006264       0x14 .build/obj_yhy98_default/protocol/usb_device_state.o
                0x08006264                usb_device_state_set_suspend
 .text.usb_device_state_set_resume
                0x08006278        0x4 .build/obj_yhy98_default/protocol/usb_device_state.o
                0x08006278                usb_device_state_set_resume
 .text.usb_device_state_set_reset
                0x0800627c       0x14 .build/obj_yhy98_default/protocol/usb_device_state.o
                0x0800627c                usb_device_state_set_reset
 .text.usb_device_state_init
                0x08006290        0x4 .build/obj_yhy98_default/protocol/usb_device_state.o
                0x08006290                usb_device_state_init
 .text.matrix_power_up
                0x08006294        0x2 .build/obj_yhy98_default/platforms/suspend.o
                0x08006294                matrix_power_up
 .text.matrix_power_down
                0x08006296        0x2 .build/obj_yhy98_default/platforms/suspend.o
                0x08006296                matrix_power_down
 .text.suspend_power_down_user
                0x08006298        0x2 .build/obj_yhy98_default/platforms/suspend.o
                0x08006298                suspend_power_down_user
 .text.suspend_power_down_kb
                0x0800629a        0x8 .build/obj_yhy98_default/platforms/suspend.o
                0x0800629a                suspend_power_down_kb
 .text.suspend_wakeup_init_user
                0x080062a2        0x2 .build/obj_yhy98_default/platforms/suspend.o
                0x080062a2                suspend_wakeup_init_user
 .text.suspend_wakeup_init_kb
                0x080062a4        0x8 .build/obj_yhy98_default/platforms/suspend.o
                0x080062a4                suspend_wakeup_init_kb
 .text.suspend_wakeup_condition
                0x080062ac       0x24 .build/obj_yhy98_default/platforms/suspend.o
                0x080062ac                suspend_wakeup_condition
 .text.platform_setup
                0x080062d0        0xe .build/obj_yhy98_default/platforms/chibios/platform.o
                0x080062d0                platform_setup
 .text.suspend_power_down
                0x080062de       0x12 .build/obj_yhy98_default/platforms/chibios/suspend.o
                0x080062de                suspend_power_down
 .text.suspend_wakeup_init
                0x080062f0       0x22 .build/obj_yhy98_default/platforms/chibios/suspend.o
                0x080062f0                suspend_wakeup_init
 *fill*         0x08006312        0x2 
 .text.timer_clear
                0x08006314       0x30 .build/obj_yhy98_default/platforms/chibios/timer.o
                0x08006314                timer_clear
 .text.timer_init
                0x08006344        0x4 .build/obj_yhy98_default/platforms/chibios/timer.o
                0x08006344                timer_init
 .text.timer_read32
                0x08006348       0x70 .build/obj_yhy98_default/platforms/chibios/timer.o
                0x08006348                timer_read32
 .text.timer_read
                0x080063b8        0xa .build/obj_yhy98_default/platforms/chibios/timer.o
                0x080063b8                timer_read
 .text.timer_elapsed
                0x080063c2        0xe .build/obj_yhy98_default/platforms/chibios/timer.o
                0x080063c2                timer_elapsed
 .text.timer_elapsed32
                0x080063d0        0xc .build/obj_yhy98_default/platforms/chibios/timer.o
                0x080063d0                timer_elapsed32
 .text.__NVIC_SystemReset
                0x080063dc       0x24 .build/obj_yhy98_default/platforms/chibios/bootloaders/stm32duino.o
 .text.bootloader_jump
                0x08006400        0x6 .build/obj_yhy98_default/platforms/chibios/bootloaders/stm32duino.o
                0x08006400                bootloader_jump
 *fill*         0x08006406        0x2 
 .text.mcu_reset
                0x08006408       0x14 .build/obj_yhy98_default/platforms/chibios/bootloaders/stm32duino.o
                0x08006408                mcu_reset
 .text.dummy_usb_cb
                0x0800641c        0x2 .build/obj_yhy98_default/protocol/chibios/usb_main.o
 *fill*         0x0800641e        0x2 
 .text.usb_sof_cb
                0x08006420       0x1c .build/obj_yhy98_default/protocol/chibios/usb_main.o
 .text.usb_get_descriptor_cb
                0x0800643c       0x30 .build/obj_yhy98_default/protocol/chibios/usb_main.o
 .text.set_led_transfer_cb
                0x0800646c       0x2c .build/obj_yhy98_default/protocol/chibios/usb_main.o
 .text.chVTSetI.constprop.0
                0x08006498       0x28 .build/obj_yhy98_default/protocol/chibios/usb_main.o
 .text.keyboard_idle_timer_cb
                0x080064c0       0x78 .build/obj_yhy98_default/protocol/chibios/usb_main.o
 .text.usb_request_hook_cb
                0x08006538      0x154 .build/obj_yhy98_default/protocol/chibios/usb_main.o
 .text.usb_event_queue_enqueue.isra.0
                0x0800668c       0x28 .build/obj_yhy98_default/protocol/chibios/usb_main.o
 .text.usb_event_cb
                0x080066b4       0xc0 .build/obj_yhy98_default/protocol/chibios/usb_main.o
 .text.usb_event_queue_init
                0x08006774       0x24 .build/obj_yhy98_default/protocol/chibios/usb_main.o
                0x08006774                usb_event_queue_init
 .text.usb_event_queue_task
                0x08006798       0xb8 .build/obj_yhy98_default/protocol/chibios/usb_main.o
                0x08006798                usb_event_queue_task
 .text.init_usb_driver
                0x08006850       0x80 .build/obj_yhy98_default/protocol/chibios/usb_main.o
                0x08006850                init_usb_driver
 .text.restart_usb_driver
                0x080068d0       0x3c .build/obj_yhy98_default/protocol/chibios/usb_main.o
                0x080068d0                restart_usb_driver
 .text.keyboard_leds
                0x0800690c        0xc .build/obj_yhy98_default/protocol/chibios/usb_main.o
                0x0800690c                keyboard_leds
 .text.send_report
                0x08006918       0x50 .build/obj_yhy98_default/protocol/chibios/usb_main.o
                0x08006918                send_report
 .text.send_keyboard
                0x08006968       0x44 .build/obj_yhy98_default/protocol/chibios/usb_main.o
                0x08006968                send_keyboard
 .text.send_mouse
                0x080069ac        0x2 .build/obj_yhy98_default/protocol/chibios/usb_main.o
                0x080069ac                send_mouse
 .text.send_extra
                0x080069ae        0xa .build/obj_yhy98_default/protocol/chibios/usb_main.o
                0x080069ae                send_extra
 .text.raw_hid_send
                0x080069b8       0x24 .build/obj_yhy98_default/protocol/chibios/usb_main.o
                0x080069b8                raw_hid_send
 .text.raw_hid_task
                0x080069dc       0x30 .build/obj_yhy98_default/protocol/chibios/usb_main.o
                0x080069dc                raw_hid_task
 .text.early_hardware_init_pre
                0x08006a0c        0x2 .build/obj_yhy98_default/protocol/chibios/chibios.o
                0x08006a0c                early_hardware_init_pre
 .text.early_hardware_init_post
                0x08006a0e        0x2 .build/obj_yhy98_default/protocol/chibios/chibios.o
                0x08006a0e                early_hardware_init_post
 .text.board_init
                0x08006a10        0x2 .build/obj_yhy98_default/protocol/chibios/chibios.o
                0x08006a10                board_init
 .text.__early_init
                0x08006a12       0x10 .build/obj_yhy98_default/protocol/chibios/chibios.o
                0x08006a12                __early_init
 .text.boardInit
                0x08006a22        0xc .build/obj_yhy98_default/protocol/chibios/chibios.o
                0x08006a22                boardInit
 .text.protocol_setup
                0x08006a2e        0x4 .build/obj_yhy98_default/protocol/chibios/chibios.o
                0x08006a2e                protocol_setup
 *fill*         0x08006a32        0x2 
 .text.protocol_pre_init
                0x08006a34       0x2c .build/obj_yhy98_default/protocol/chibios/chibios.o
                0x08006a34                protocol_pre_init
 .text.protocol_post_init
                0x08006a60        0xc .build/obj_yhy98_default/protocol/chibios/chibios.o
                0x08006a60                protocol_post_init
 .text.protocol_pre_task
                0x08006a6c       0x3c .build/obj_yhy98_default/protocol/chibios/chibios.o
                0x08006a6c                protocol_pre_task
 .text.protocol_post_task
                0x08006aa8        0x4 .build/obj_yhy98_default/protocol/chibios/chibios.o
                0x08006aa8                protocol_post_task
 .text.get_usb_descriptor
                0x08006aac       0x78 .build/obj_yhy98_default/usb_descriptor.o
                0x08006aac                get_usb_descriptor
 .text.obnotify
                0x08006b24       0x3e .build/obj_yhy98_default/protocol/chibios/usb_driver.o
 .text._readt   0x08006b62        0x6 .build/obj_yhy98_default/protocol/chibios/usb_driver.o
 .text._read    0x08006b68        0xa .build/obj_yhy98_default/protocol/chibios/usb_driver.o
 .text._writet  0x08006b72        0x6 .build/obj_yhy98_default/protocol/chibios/usb_driver.o
 .text._write   0x08006b78        0xa .build/obj_yhy98_default/protocol/chibios/usb_driver.o
 .text._gett    0x08006b82        0x6 .build/obj_yhy98_default/protocol/chibios/usb_driver.o
 .text._get     0x08006b88        0xa .build/obj_yhy98_default/protocol/chibios/usb_driver.o
 .text._putt    0x08006b92        0x6 .build/obj_yhy98_default/protocol/chibios/usb_driver.o
 .text._put     0x08006b98        0xa .build/obj_yhy98_default/protocol/chibios/usb_driver.o
 .text.qmkusb_start_receive.isra.0
                0x08006ba2       0x3e .build/obj_yhy98_default/protocol/chibios/usb_driver.o
 .text.ibnotify
                0x08006be0        0x6 .build/obj_yhy98_default/protocol/chibios/usb_driver.o
 *fill*         0x08006be6        0x2 
 .text.qmkusbObjectInit
                0x08006be8       0x54 .build/obj_yhy98_default/protocol/chibios/usb_driver.o
                0x08006be8                qmkusbObjectInit
 .text.qmkusbStart
                0x08006c3c       0x30 .build/obj_yhy98_default/protocol/chibios/usb_driver.o
                0x08006c3c                qmkusbStart
 .text.qmkusbSuspendHookI
                0x08006c6c       0x30 .build/obj_yhy98_default/protocol/chibios/usb_driver.o
                0x08006c6c                qmkusbSuspendHookI
 .text.qmkusbWakeupHookI
                0x08006c9c       0x16 .build/obj_yhy98_default/protocol/chibios/usb_driver.o
                0x08006c9c                qmkusbWakeupHookI
 .text.qmkusbConfigureHookI
                0x08006cb2       0x2c .build/obj_yhy98_default/protocol/chibios/usb_driver.o
                0x08006cb2                qmkusbConfigureHookI
 *fill*         0x08006cde        0x2 
 .text.qmkusbRequestsHook
                0x08006ce0       0x40 .build/obj_yhy98_default/protocol/chibios/usb_driver.o
                0x08006ce0                qmkusbRequestsHook
 .text.qmkusbSOFHookI
                0x08006d20       0x64 .build/obj_yhy98_default/protocol/chibios/usb_driver.o
                0x08006d20                qmkusbSOFHookI
 .text.qmkusbDataTransmitted
                0x08006d84       0x76 .build/obj_yhy98_default/protocol/chibios/usb_driver.o
                0x08006d84                qmkusbDataTransmitted
 .text.qmkusbDataReceived
                0x08006dfa       0x3e .build/obj_yhy98_default/protocol/chibios/usb_driver.o
                0x08006dfa                qmkusbDataReceived
 .text.qmkusbInterruptTransmitted
                0x08006e38        0x2 .build/obj_yhy98_default/protocol/chibios/usb_driver.o
                0x08006e38                qmkusbInterruptTransmitted
 *fill*         0x08006e3a        0x2 
 .text.__core_init
                0x08006e3c       0x18 .build/obj_yhy98_default/./lib/chibios/os/oslib/src/chmemcore.o
                0x08006e3c                __core_init
 .text.__cpu_init
                0x08006e54        0x2 .build/obj_yhy98/lib/chibios/os/common/startup/ARMCMx/compilers/GCC/crt1.o
                0x08006e54                __cpu_init
 .text.__late_init
                0x08006e56        0x2 .build/obj_yhy98/lib/chibios/os/common/startup/ARMCMx/compilers/GCC/crt1.o
                0x08006e56                __late_init
 .text.__default_exit
                0x08006e58        0x2 .build/obj_yhy98/lib/chibios/os/common/startup/ARMCMx/compilers/GCC/crt1.o
                0x08006e58                __default_exit
 *fill*         0x08006e5a        0x2 
 .text.__init_ram_areas
                0x08006e5c       0x58 .build/obj_yhy98/lib/chibios/os/common/startup/ARMCMx/compilers/GCC/crt1.o
                0x08006e5c                __init_ram_areas
 .text.chSysInit
                0x08006eb4       0x30 .build/obj_yhy98/lib/chibios/os/rt/src/chsys.o
                0x08006eb4                chSysInit
 .text.chSysTimerHandlerI
                0x08006ee4        0x4 .build/obj_yhy98/lib/chibios/os/rt/src/chsys.o
                0x08006ee4                chSysTimerHandlerI
 .text.chSysPolledDelayX
                0x08006ee8       0x14 .build/obj_yhy98/lib/chibios/os/rt/src/chsys.o
                0x08006ee8                chSysPolledDelayX
 .text.ch_dlist_insert.constprop.0
                0x08006efc       0x30 .build/obj_yhy98/lib/chibios/os/rt/src/chvt.o
 .text.chVTDoSetI
                0x08006f2c       0x10 .build/obj_yhy98/lib/chibios/os/rt/src/chvt.o
                0x08006f2c                chVTDoSetI
 .text.chVTDoResetI
                0x08006f3c       0x24 .build/obj_yhy98/lib/chibios/os/rt/src/chvt.o
                0x08006f3c                chVTDoResetI
 .text.chVTDoTickI
                0x08006f60       0x50 .build/obj_yhy98/lib/chibios/os/rt/src/chvt.o
                0x08006f60                chVTDoTickI
 .text.__sch_ready_behind
                0x08006fb0       0x1c .build/obj_yhy98/lib/chibios/os/rt/src/chschd.o
 .text.__sch_ready_ahead
                0x08006fcc       0x1c .build/obj_yhy98/lib/chibios/os/rt/src/chschd.o
 .text.__sch_wakeup
                0x08006fe8       0x44 .build/obj_yhy98/lib/chibios/os/rt/src/chschd.o
 .text.chSchReadyI
                0x0800702c        0x4 .build/obj_yhy98/lib/chibios/os/rt/src/chschd.o
                0x0800702c                chSchReadyI
 .text.chSchGoSleepS
                0x08007030       0x1c .build/obj_yhy98/lib/chibios/os/rt/src/chschd.o
                0x08007030                chSchGoSleepS
 .text.chSchGoSleepTimeoutS
                0x0800704c       0x3c .build/obj_yhy98/lib/chibios/os/rt/src/chschd.o
                0x0800704c                chSchGoSleepTimeoutS
 .text.chSchIsPreemptionRequired
                0x08007088       0x18 .build/obj_yhy98/lib/chibios/os/rt/src/chschd.o
                0x08007088                chSchIsPreemptionRequired
 .text.chSchDoPreemption
                0x080070a0       0x28 .build/obj_yhy98/lib/chibios/os/rt/src/chschd.o
                0x080070a0                chSchDoPreemption
 .text.chSchRescheduleS
                0x080070c8       0x18 .build/obj_yhy98/lib/chibios/os/rt/src/chschd.o
                0x080070c8                chSchRescheduleS
 .text.__idle_thread
                0x080070e0        0x2 .build/obj_yhy98/lib/chibios/os/rt/src/chinstances.o
 *fill*         0x080070e2        0x2 
 .text.chInstanceObjectInit
                0x080070e4       0x84 .build/obj_yhy98/lib/chibios/os/rt/src/chinstances.o
                0x080070e4                chInstanceObjectInit
 .text.__thd_object_init