Archive member included to satisfy reference by file (symbol)

/usr/lib/gcc/arm-none-eabi/13.1.0/thumb/v7-m/nofp/libgcc.a(_aeabi_ldivmod.o)
                              .build/obj_yhy98_via/platforms/chibios/timer.o (__aeabi_ldivmod)
/usr/lib/gcc/arm-none-eabi/13.1.0/thumb/v7-m/nofp/libgcc.a(_aeabi_uldivmod.o)
                              .build/obj_yhy98_via/platforms/chibios/timer.o (__aeabi_uldivmod)
/usr/lib/gcc/arm-none-eabi/13.1.0/thumb/v7-m/nofp/libgcc.a(_udivmoddi4.o)
                              /usr/lib/gcc/arm-none-eabi/13.1.0/thumb/v7-m/nofp/libgcc.a(_aeabi_ldivmod.o) (__udivmoddi4)
/usr/lib/gcc/arm-none-eabi/13.1.0/thumb/v7-m/nofp/libgcc.a(_dvmd_tls.o)
                              /usr/lib/gcc/arm-none-eabi/13.1.0/thumb/v7-m/nofp/libgcc.a(_aeabi_ldivmod.o) (__aeabi_ldiv0)
/usr/lib/gcc/arm-none-eabi/13.1.0/../../../../arm-none-eabi/lib/thumb/v7-m/nofp/libg_nano.a(libc_a-abort.o)
                              .build/obj_yhy98/lib/chibios/os/various/syscalls.o (abort)
/usr/lib/gcc/arm-none-eabi/13.1.0/../../../../arm-none-eabi/lib/thumb/v7-m/nofp/libg_nano.a(libc_a-rand.o)
                              .build/obj_yhy98_via/quantum/send_string/send_string.o (rand)
/usr/lib/gcc/arm-none-eabi/13.1.0/../../../../arm-none-eabi/lib/thumb/v7-m/nofp/libg_nano.a(libc_a-ctype_.o)
                              .build/obj_yhy98_via/quantum/send_string/send_string.o (_ctype_)
/usr/lib/gcc/arm-none-eabi/13.1.0/../../../../arm-none-eabi/lib/thumb/v7-m/nofp/libg_nano.a(libc_a-memcmp.o)
                              .build/obj_yhy98_via/quantum/action_util.o (memcmp)
/usr/lib/gcc/arm-none-eabi/13.1.0/../../../../arm-none-eabi/lib/thumb/v7-m/nofp/libg_nano.a(libc_a-memset.o)
                              .build/obj_yhy98_via/quantum/action_tapping.o (memset)
/usr/lib/gcc/arm-none-eabi/13.1.0/../../../../arm-none-eabi/lib/thumb/v7-m/nofp/libg_nano.a(libc_a-signal.o)
                              /usr/lib/gcc/arm-none-eabi/13.1.0/../../../../arm-none-eabi/lib/thumb/v7-m/nofp/libg_nano.a(libc_a-abort.o) (raise)
/usr/lib/gcc/arm-none-eabi/13.1.0/../../../../arm-none-eabi/lib/thumb/v7-m/nofp/libg_nano.a(libc_a-impure.o)
                              /usr/lib/gcc/arm-none-eabi/13.1.0/../../../../arm-none-eabi/lib/thumb/v7-m/nofp/libg_nano.a(libc_a-rand.o) (_impure_ptr)
/usr/lib/gcc/arm-none-eabi/13.1.0/../../../../arm-none-eabi/lib/thumb/v7-m/nofp/libg_nano.a(libc_a-signalr.o)
                              /usr/lib/gcc/arm-none-eabi/13.1.0/../../../../arm-none-eabi/lib/thumb/v7-m/nofp/libg_nano.a(libc_a-signal.o) (_kill_r)
/usr/lib/gcc/arm-none-eabi/13.1.0/../../../../arm-none-eabi/lib/thumb/v7-m/nofp/libg_nano.a(libc_a-errno.o)
                              .build/obj_yhy98/platforms/chibios/syscall-fallbacks.o (__errno)
/usr/lib/gcc/arm-none-eabi/13.1.0/../../../../arm-none-eabi/lib/thumb/v7-m/nofp/libg_nano.a(libc_a-memcpy-stub.o)
                              .build/obj_yhy98_via/quantum/action_tapping.o (memcpy)
/usr/lib/gcc/arm-none-eabi/13.1.0/../../../../arm-none-eabi/lib/thumb/v7-m/nofp/libg_nano.a(libc_a-assert.o)
                              /usr/lib/gcc/arm-none-eabi/13.1.0/../../../../arm-none-eabi/lib/thumb/v7-m/nofp/libg_nano.a(libc_a-rand.o) (__assert_func)
/usr/lib/gcc/arm-none-eabi/13.1.0/../../../../arm-none-eabi/lib/thumb/v7-m/nofp/libg_nano.a(libc_a-malloc.o)
                              /usr/lib/gcc/arm-none-eabi/13.1.0/../../../../arm-none-eabi/lib/thumb/v7-m/nofp/libg_nano.a(libc_a-rand.o) (malloc)
/usr/lib/gcc/arm-none-eabi/13.1.0/../../../../arm-none-eabi/lib/thumb/v7-m/nofp/libg_nano.a(libc_a-mallocr.o)
                              /usr/lib/gcc/arm-none-eabi/13.1.0/../../../../arm-none-eabi/lib/thumb/v7-m/nofp/libg_nano.a(libc_a-signal.o) (_malloc_r)
/usr/lib/gcc/arm-none-eabi/13.1.0/../../../../arm-none-eabi/lib/thumb/v7-m/nofp/libg_nano.a(libc_a-mlock.o)
                              /usr/lib/gcc/arm-none-eabi/13.1.0/../../../../arm-none-eabi/lib/thumb/v7-m/nofp/libg_nano.a(libc_a-mallocr.o) (__malloc_lock)
/usr/lib/gcc/arm-none-eabi/13.1.0/../../../../arm-none-eabi/lib/thumb/v7-m/nofp/libg_nano.a(libc_a-fprintf.o)
                              /usr/lib/gcc/arm-none-eabi/13.1.0/../../../../arm-none-eabi/lib/thumb/v7-m/nofp/libg_nano.a(libc_a-assert.o) (fiprintf)
/usr/lib/gcc/arm-none-eabi/13.1.0/../../../../arm-none-eabi/lib/thumb/v7-m/nofp/libg_nano.a(libc_a-reent.o)
                              /usr/lib/gcc/arm-none-eabi/13.1.0/../../../../arm-none-eabi/lib/thumb/v7-m/nofp/libg_nano.a(libc_a-signalr.o) (errno)
/usr/lib/gcc/arm-none-eabi/13.1.0/../../../../arm-none-eabi/lib/thumb/v7-m/nofp/libg_nano.a(libc_a-lock.o)
                              /usr/lib/gcc/arm-none-eabi/13.1.0/../../../../arm-none-eabi/lib/thumb/v7-m/nofp/libg_nano.a(libc_a-mlock.o) (__retarget_lock_acquire_recursive)
/usr/lib/gcc/arm-none-eabi/13.1.0/../../../../arm-none-eabi/lib/thumb/v7-m/nofp/libg_nano.a(libc_a-freer.o)
[...]
Memory Configuration

Name             Origin             Length             Attributes
flash0           0x08002000         0x0000e000
flash1           0x00000000         0x00000000
flash2           0x00000000         0x00000000
flash3           0x00000000         0x00000000
flash4           0x00000000         0x00000000
flash5           0x00000000         0x00000000
flash6           0x00000000         0x00000000
flash7           0x00000000         0x00000000
ram0             0x20000000         0x00005000
ram1             0x00000000         0x00000000
ram2             0x00000000         0x00000000
ram3             0x00000000         0x00000000
ram4             0x00000000         0x00000000
ram5             0x00000000         0x00000000
ram6             0x00000000         0x00000000
ram7             0x00000000         0x00000000
*default*        0x00000000         0xffffffff

Linker script and memory map

LOAD .build/obj_yhy98_via/keyboards/yhy98/yhy98.o
LOAD .build/obj_yhy98_via/.build/obj_yhy98/src/default_keyboard.o
LOAD .build/obj_yhy98_via/quantum/keymap_introspection.o
LOAD .build/obj_yhy98_via/quantum/quantum.o
LOAD .build/obj_yhy98_via/quantum/bitwise.o
LOAD .build/obj_yhy98_via/quantum/led.o
LOAD .build/obj_yhy98_via/quantum/action.o
LOAD .build/obj_yhy98_via/quantum/action_layer.o
LOAD .build/obj_yhy98_via/quantum/action_tapping.o
LOAD .build/obj_yhy98_via/quantum/action_util.o
LOAD .build/obj_yhy98_via/quantum/eeconfig.o
LOAD .build/obj_yhy98_via/quantum/keyboard.o
LOAD .build/obj_yhy98_via/quantum/keymap_common.o
LOAD .build/obj_yhy98_via/quantum/keycode_config.o
LOAD .build/obj_yhy98_via/quantum/sync_timer.o
LOAD .build/obj_yhy98_via/quantum/logging/debug.o
LOAD .build/obj_yhy98_via/quantum/logging/sendchar.o
LOAD .build/obj_yhy98_via/quantum/logging/print.o
LOAD .build/obj_yhy98_via/quantum/bootmagic/bootmagic_lite.o
LOAD .build/obj_yhy98_via/quantum/bootmagic/magic.o
LOAD .build/obj_yhy98_via/quantum/matrix_common.o
LOAD .build/obj_yhy98_via/quantum/matrix.o
LOAD .build/obj_yhy98_via/quantum/debounce/sym_defer_g.o
LOAD .build/obj_yhy98_via/quantum/main.o
LOAD .build/obj_yhy98_via/printf.o
LOAD .build/obj_yhy98_via/eeprom_driver.o
LOAD .build/obj_yhy98_via/eeprom_wear_leveling.o
LOAD .build/obj_yhy98_via/wear_leveling.o
LOAD .build/obj_yhy98_via/wear_leveling_efl.o
LOAD .build/obj_yhy98_via/quantum/via.o
LOAD .build/obj_yhy98_via/qmk_fnv_type_validation.o
LOAD .build/obj_yhy98_via/hash_32a.o
LOAD .build/obj_yhy98_via/hash_64a.o
LOAD .build/obj_yhy98_via/quantum/process_keycode/process_magic.o
LOAD .build/obj_yhy98_via/quantum/send_string/send_string.o
LOAD .build/obj_yhy98_via/quantum/dynamic_keymap.o
LOAD .build/obj_yhy98_via/quantum/process_keycode/process_grave_esc.o
LOAD .build/obj_yhy98_via/quantum/process_keycode/process_space_cadet.o
LOAD .build/obj_yhy98_via/quantum/process_keycode/process_tri_layer.o
LOAD .build/obj_yhy98_via/quantum/tri_layer.o
LOAD .build/obj_yhy98_via/./lib/chibios/os/common/startup/ARMCMx/compilers/GCC/crt0_v7m.o
LOAD .build/obj_yhy98_via/./lib/chibios/os/common/startup/ARMCMx/compilers/GCC/vectors.o
LOAD .build/obj_yhy98_via/./lib/chibios/os/common/ports/ARMv7-M/compilers/GCC/chcoreasm.o
LOAD .build/obj_yhy98_via/protocol/host.o
LOAD .build/obj_yhy98_via/protocol/report.o
LOAD .build/obj_yhy98_via/protocol/usb_device_state.o
LOAD .build/obj_yhy98_via/protocol/usb_util.o
LOAD .build/obj_yhy98_via/platforms/suspend.o
LOAD .build/obj_yhy98_via/platforms/synchronization_util.o
LOAD .build/obj_yhy98_via/platforms/timer.o
LOAD .build/obj_yhy98_via/platforms/chibios/hardware_id.o
LOAD .build/obj_yhy98_via/platforms/chibios/platform.o
LOAD .build/obj_yhy98_via/platforms/chibios/suspend.o
LOAD .build/obj_yhy98_via/platforms/chibios/timer.o
LOAD .build/obj_yhy98_via/platforms/chibios/bootloaders/stm32duino.o
LOAD .build/obj_yhy98_via/protocol/chibios/usb_main.o
LOAD .build/obj_yhy98_via/protocol/chibios/chibios.o
LOAD .build/obj_yhy98_via/usb_descriptor.o
LOAD .build/obj_yhy98_via/protocol/chibios/usb_driver.o
LOAD .build/obj_yhy98_via/protocol/chibios/usb_util.o
LOAD .build/obj_yhy98_via/./lib/chibios/os/oslib/src/chmboxes.o
LOAD .build/obj_yhy98_via/./lib/chibios/os/oslib/src/chmemcore.o
LOAD .build/obj_yhy98_via/./lib/chibios/os/oslib/src/chmemheaps.o
LOAD .build/obj_yhy98_via/./lib/chibios/os/oslib/src/chmempools.o
LOAD .build/obj_yhy98_via/./lib/chibios/os/oslib/src/chpipes.o
LOAD .build/obj_yhy98_via/./lib/chibios/os/oslib/src/chobjcaches.o
LOAD .build/obj_yhy98_via/./lib/chibios/os/oslib/src/chdelegates.o
LOAD .build/obj_yhy98_via/./lib/chibios/os/oslib/src/chfactory.o
LOAD .build/obj_yhy98/lib/chibios/os/common/startup/ARMCMx/compilers/GCC/crt1.o
LOAD .build/obj_yhy98/lib/chibios/os/rt/src/chsys.o
LOAD .build/obj_yhy98/lib/chibios/os/rt/src/chrfcu.o
LOAD .build/obj_yhy98/lib/chibios/os/rt/src/chdebug.o
LOAD .build/obj_yhy98/lib/chibios/os/rt/src/chtrace.o
LOAD .build/obj_yhy98/lib/chibios/os/rt/src/chvt.o
LOAD .build/obj_yhy98/lib/chibios/os/rt/src/chschd.o
LOAD .build/obj_yhy98/lib/chibios/os/rt/src/chinstances.o
LOAD .build/obj_yhy98/lib/chibios/os/rt/src/chthreads.o
LOAD .build/obj_yhy98/lib/chibios/os/rt/src/chtm.o
LOAD .build/obj_yhy98/lib/chibios/os/rt/src/chstats.o
LOAD .build/obj_yhy98/lib/chibios/os/rt/src/chregistry.o
LOAD .build/obj_yhy98/lib/chibios/os/rt/src/chsem.o
LOAD .build/obj_yhy98/lib/chibios/os/rt/src/chmtx.o
LOAD .build/obj_yhy98/lib/chibios/os/rt/src/chcond.o
LOAD .build/obj_yhy98/lib/chibios/os/rt/src/chevents.o
LOAD .build/obj_yhy98/lib/chibios/os/rt/src/chmsg.o
LOAD .build/obj_yhy98/lib/chibios/os/rt/src/chdynamic.o
LOAD .build/obj_yhy98/lib/chibios/os/common/ports/ARMv7-M/chcore.o
LOAD .build/obj_yhy98/lib/chibios/os/hal/osal/rt-nil/osal.o
LOAD .build/obj_yhy98/lib/chibios/os/hal/src/hal.o
LOAD .build/obj_yhy98/lib/chibios/os/hal/src/hal_st.o
LOAD .build/obj_yhy98/lib/chibios/os/hal/src/hal_buffers.o
LOAD .build/obj_yhy98/lib/chibios/os/hal/src/hal_queues.o
LOAD .build/obj_yhy98/lib/chibios/os/hal/src/hal_flash.o
LOAD .build/obj_yhy98/lib/chibios/os/hal/src/hal_mmcsd.o
LOAD .build/obj_yhy98/lib/chibios/os/hal/src/hal_adc.o
LOAD .build/obj_yhy98/lib/chibios/os/hal/src/hal_can.o
LOAD .build/obj_yhy98/lib/chibios/os/hal/src/hal_crypto.o
LOAD .build/obj_yhy98/lib/chibios/os/hal/src/hal_dac.o
LOAD .build/obj_yhy98/lib/chibios/os/hal/src/hal_efl.o
LOAD .build/obj_yhy98/lib/chibios/os/hal/src/hal_gpt.o
LOAD .build/obj_yhy98/lib/chibios/os/hal/src/hal_i2c.o
LOAD .build/obj_yhy98/lib/chibios/os/hal/src/hal_i2s.o
LOAD .build/obj_yhy98/lib/chibios/os/hal/src/hal_icu.o
LOAD .build/obj_yhy98/lib/chibios/os/hal/src/hal_mac.o
LOAD .build/obj_yhy98/lib/chibios/os/hal/src/hal_mmc_spi.o
LOAD .build/obj_yhy98/lib/chibios/os/hal/src/hal_pal.o
LOAD .build/obj_yhy98/lib/chibios/os/hal/src/hal_pwm.o
LOAD .build/obj_yhy98/lib/chibios/os/hal/src/hal_rtc.o
LOAD .build/obj_yhy98/lib/chibios/os/hal/src/hal_sdc.o
LOAD .build/obj_yhy98/lib/chibios/os/hal/src/hal_serial.o
LOAD .build/obj_yhy98/lib/chibios/os/hal/src/hal_serial_usb.o
LOAD .build/obj_yhy98/lib/chibios/os/hal/src/hal_sio.o
LOAD .build/obj_yhy98/lib/chibios/os/hal/src/hal_spi.o
LOAD .build/obj_yhy98/lib/chibios/os/hal/src/hal_trng.o
LOAD .build/obj_yhy98/lib/chibios/os/hal/src/hal_uart.o
LOAD .build/obj_yhy98/lib/chibios/os/hal/src/hal_usb.o
LOAD .build/obj_yhy98/lib/chibios/os/hal/src/hal_wdg.o
LOAD .build/obj_yhy98/lib/chibios/os/hal/src/hal_wspi.o
LOAD .build/obj_yhy98/lib/chibios/os/hal/ports/common/ARMCMx/nvic.o
LOAD .build/obj_yhy98/lib/chibios/os/hal/ports/STM32/STM32F1xx/stm32_isr.o
LOAD .build/obj_yhy98/lib/chibios/os/hal/ports/STM32/STM32F1xx/hal_lld.o
LOAD .build/obj_yhy98/lib/chibios/os/hal/ports/STM32/STM32F1xx/hal_efl_lld.o
LOAD .build/obj_yhy98/lib/chibios/os/hal/ports/STM32/STM32F1xx/hal_adc_lld.o
LOAD .build/obj_yhy98/lib/chibios/os/hal/ports/STM32/LLD/CANv1/hal_can_lld.o
LOAD .build/obj_yhy98/lib/chibios/os/hal/ports/STM32/LLD/DACv1/hal_dac_lld.o
LOAD .build/obj_yhy98/lib/chibios/os/hal/ports/STM32/LLD/DMAv1/stm32_dma.o
LOAD .build/obj_yhy98/lib/chibios/os/hal/ports/STM32/LLD/GPIOv1/hal_pal_lld.o
LOAD .build/obj_yhy98/lib/chibios/os/hal/ports/STM32/LLD/I2Cv1/hal_i2c_lld.o
LOAD .build/obj_yhy98/lib/chibios/os/hal/ports/STM32/LLD/RTCv1/hal_rtc_lld.o
LOAD .build/obj_yhy98/lib/chibios/os/hal/ports/STM32/LLD/SDIOv1/hal_sdc_lld.o
LOAD .build/obj_yhy98/lib/chibios/os/hal/ports/STM32/LLD/SPIv1/hal_i2s_lld.o
LOAD .build/obj_yhy98/lib/chibios/os/hal/ports/STM32/LLD/SPIv1/hal_spi_v2_lld.o
LOAD .build/obj_yhy98/lib/chibios/os/hal/ports/STM32/LLD/SYSTICKv1/hal_st_lld.o
LOAD .build/obj_yhy98/lib/chibios/os/hal/ports/STM32/LLD/TIMv1/hal_gpt_lld.o
LOAD .build/obj_yhy98/lib/chibios/os/hal/ports/STM32/LLD/TIMv1/hal_icu_lld.o
LOAD .build/obj_yhy98/lib/chibios/os/hal/ports/STM32/LLD/TIMv1/hal_pwm_lld.o
LOAD .build/obj_yhy98/lib/chibios/os/hal/ports/STM32/LLD/USARTv1/hal_serial_lld.o
LOAD .build/obj_yhy98/lib/chibios/os/hal/ports/STM32/LLD/USARTv1/hal_uart_lld.o
LOAD .build/obj_yhy98/lib/chibios/os/hal/ports/STM32/LLD/USBv1/hal_usb_lld.o
LOAD .build/obj_yhy98/lib/chibios/os/hal/ports/STM32/LLD/xWDGv1/hal_wdg_lld.o
LOAD .build/obj_yhy98/platforms/chibios/boards/STM32_F103_STM32DUINO/board/board.o
LOAD .build/obj_yhy98/lib/chibios/os/hal/lib/streams/chprintf.o
LOAD .build/obj_yhy98/lib/chibios/os/hal/lib/streams/chscanf.o
LOAD .build/obj_yhy98/lib/chibios/os/hal/lib/streams/memstreams.o
LOAD .build/obj_yhy98/lib/chibios/os/hal/lib/streams/nullstreams.o
LOAD .build/obj_yhy98/lib/chibios/os/hal/lib/streams/bufstreams.o
LOAD .build/obj_yhy98/lib/chibios/os/various/syscalls.o
LOAD .build/obj_yhy98/platforms/chibios/syscall-fallbacks.o
LOAD .build/obj_yhy98/platforms/chibios/wait.o
LOAD .build/obj_yhy98/platforms/chibios/synchronization_util.o
                0x00000800                        __process_stack_size__ = 0x800
                0x00000400                        __main_stack_size__ = 0x400
LOAD /usr/lib/gcc/arm-none-eabi/13.1.0/../../../../arm-none-eabi/lib/thumb/v7-m/nofp/libm.a
START GROUP
LOAD /usr/lib/gcc/arm-none-eabi/13.1.0/thumb/v7-m/nofp/libgcc.a
LOAD /usr/lib/gcc/arm-none-eabi/13.1.0/../../../../arm-none-eabi/lib/thumb/v7-m/nofp/libg_nano.a
LOAD /usr/lib/gcc/arm-none-eabi/13.1.0/../../../../arm-none-eabi/lib/thumb/v7-m/nofp/libc_nano.a
END GROUP
START GROUP
LOAD /usr/lib/gcc/arm-none-eabi/13.1.0/thumb/v7-m/nofp/libgcc.a
LOAD /usr/lib/gcc/arm-none-eabi/13.1.0/../../../../arm-none-eabi/lib/thumb/v7-m/nofp/libc_nano.a
END GROUP
                0x00010000                        f103_flash_size = 0x10000
                0x00005000                        f103_ram_size = 0x5000

.mstack         0x20000000      0x400
                0x20000000                        . = ALIGN (0x8)
                0x20000000                        __main_stack_base__ = .
                0x20000400                        . = (. + __main_stack_size__)
 *fill*         0x20000000      0x400 
                0x20000400                        . = ALIGN (0x8)
                0x20000400                        __main_stack_end__ = .

.pstack         0x20000400      0x800
                0x20000400                        . = ALIGN (0x8)
                0x20000400                        __process_stack_base__ = .
                0x20000400                        __main_thread_stack_base__ = .
                0x20000c00                        . = (. + __process_stack_size__)
 *fill*         0x20000400      0x800 
                0x20000c00                        . = ALIGN (0x8)
                0x20000c00                        __process_stack_end__ = .
                0x20000c00                        __main_thread_stack_end__ = .

.vectors        0x08002000      0x160
                0x08002000                        __textvectors_base__ = LOADADDR (.vectors)
                0x08002000                        __vectors_base__ = .
 *(.vectors)
 .vectors       0x08002000      0x160 .build/obj_yhy98_via/./lib/chibios/os/common/startup/ARMCMx/compilers/GCC/vectors.o
                0x08002000                _vectors
                0x08002160                        __vectors_end__ = .

.xtors          0x08002160        0x0
                0x08002160                        __init_array_base__ = .
 *(SORT_BY_NAME(.init_array.*))
 *(.init_array)
                0x08002160                        __init_array_end__ = .
                0x08002160                        __fini_array_base__ = .
 *(.fini_array)
 *(SORT_BY_NAME(.fini_array.*))
                0x08002160                        __fini_array_end__ = .

.text           0x08002160     0x59ce
                0x08002160                        __text_base__ = .
 *(.text)
 .text          0x08002160       0xd8 .build/obj_yhy98_via/./lib/chibios/os/common/startup/ARMCMx/compilers/GCC/crt0_v7m.o
                0x08002160                _crt0_entry
 .text          0x08002238        0x8 .build/obj_yhy98_via/./lib/chibios/os/common/startup/ARMCMx/compilers/GCC/vectors.o
                0x08002238                Reset_Handler
                0x0800223a                Vector58
                0x0800223a                VectorE8
                0x0800223a                Vector9C
                0x0800223a                VectorAC
                0x0800223a                DebugMon_Handler
                0x0800223a                Vector5C
                0x0800223a                Vector11C
                0x0800223a                HardFault_Handler
                0x0800223a                Vector8C
                0x0800223a                VectorDC
                0x0800223a                PendSV_Handler
                0x0800223a                NMI_Handler
                0x0800223a                Vector110
                0x0800223a                Vector120
                0x0800223a                VectorC8
                0x0800223a                Vector94
                0x0800223a                VectorA8
                0x0800223a                VectorB4
                0x0800223a                Vector74
                0x0800223a                UsageFault_Handler
                0x0800223a                VectorEC
                0x0800223a                Vector40
                0x0800223a                VectorF8
                0x0800223a                Vector108
                0x0800223a                VectorBC
                0x0800223a                Vector150
                0x0800223a                Vector124
                0x0800223a                Vector148
                0x0800223a                Vector118
                0x0800223a                Vector64
                0x0800223a                VectorCC
                0x0800223a                Vector54
                0x0800223a                Vector98
                0x0800223a                VectorD8
                0x0800223a                Vector138
                0x0800223a                Vector24
                0x0800223a                Vector84
                0x0800223a                SecureFault_Handler
                0x0800223a                VectorD0
                0x0800223a                Vector140
                0x0800223a                VectorE4
                0x0800223a                VectorC0
                0x0800223a                Vector158
                0x0800223a                Vector130
                0x0800223a                Vector134
                0x0800223a                VectorF0
                0x0800223a                Vector12C
                0x0800223a                Vector13C
                0x0800223a                Vector100
                0x0800223a                VectorE0
                0x0800223a                VectorF4
                0x0800223a                MemManage_Handler
                0x0800223a                Vector6C
                0x0800223a                VectorA0
                0x0800223a                VectorC4
                0x0800223a                Vector7C
                0x0800223a                VectorB0
                0x0800223a                Vector114
                0x0800223a                Vector60
                0x0800223a                Vector48
                0x0800223a                Vector70
                0x0800223a                VectorD4
                0x0800223a                Vector4C
                0x0800223a                Vector144
                0x0800223a                Vector80
                0x0800223a                Vector15C
                0x0800223a                Vector68
                0x0800223a                Vector78
                0x0800223a                Vector88
                0x0800223a                Vector104
                0x0800223a                Vector10C
                0x0800223a                Vector14C
                0x0800223a                BusFault_Handler
                0x0800223a                Vector50
                0x0800223a                Vector154
                0x0800223a                Vector44
                0x0800223a                Vector28
                0x0800223a                VectorB8
                0x0800223a                VectorFC
                0x0800223a                Vector34
                0x0800223a                Vector128
                0x0800223a                VectorA4
                0x0800223a                Vector20
                0x0800223e                _unhandled_exception
 .text          0x08002240       0x2a .build/obj_yhy98_via/./lib/chibios/os/common/ports/ARMv7-M/compilers/GCC/chcoreasm.o
                0x08002240                __port_switch
                0x08002250                __port_thread_start
                0x08002262                __port_switch_from_isr
                0x08002266                __port_exit_from_isr
 *fill*         0x0800226a        0x2 
 .text          0x0800226c       0x30 /usr/lib/gcc/arm-none-eabi/13.1.0/thumb/v7-m/nofp/libgcc.a(_aeabi_uldivmod.o)
                0x0800226c                __aeabi_uldivmod
 .text          0x0800229c        0x4 /usr/lib/gcc/arm-none-eabi/13.1.0/thumb/v7-m/nofp/libgcc.a(_dvmd_tls.o)
                0x0800229c                __aeabi_ldiv0
                0x0800229c                __aeabi_idiv0
 *(.text.*)
 .text.keymap_layer_count
                0x080022a0        0x4 .build/obj_yhy98_via/quantum/keymap_introspection.o
                0x080022a0                keymap_layer_count
 .text.keycode_at_keymap_location_raw
                0x080022a4       0x28 .build/obj_yhy98_via/quantum/keymap_introspection.o
                0x080022a4                keycode_at_keymap_location_raw
 .text.pre_process_record_user
                0x080022cc        0x4 .build/obj_yhy98_via/quantum/quantum.o
                0x080022cc                pre_process_record_user
 .text.pre_process_record_kb
                0x080022d0        0x8 .build/obj_yhy98_via/quantum/quantum.o
                0x080022d0                pre_process_record_kb
 .text.process_action_kb
                0x080022d8        0x4 .build/obj_yhy98_via/quantum/quantum.o
                0x080022d8                process_action_kb
 .text.process_record_user
                0x080022dc        0x4 .build/obj_yhy98_via/quantum/quantum.o
                0x080022dc                process_record_user
 .text.process_record_kb
                0x080022e0        0x8 .build/obj_yhy98_via/quantum/quantum.o
                0x080022e0                process_record_kb
 .text.post_process_record_user
                0x080022e8        0x2 .build/obj_yhy98_via/quantum/quantum.o
                0x080022e8                post_process_record_user
 .text.post_process_record_kb
                0x080022ea        0x8 .build/obj_yhy98_via/quantum/quantum.o
                0x080022ea                post_process_record_kb
 *fill*         0x080022f2        0x2 
 .text.get_event_keycode
                0x080022f4       0x4c .build/obj_yhy98_via/quantum/quantum.o
                0x080022f4                get_event_keycode
 .text.get_record_keycode
                0x08002340       0x16 .build/obj_yhy98_via/quantum/quantum.o
                0x08002340                get_record_keycode
 .text.pre_process_record_quantum
                0x08002356       0x12 .build/obj_yhy98_via/quantum/quantum.o
                0x08002356                pre_process_record_quantum
 .text.post_process_record_quantum
                0x08002368       0x12 .build/obj_yhy98_via/quantum/quantum.o
                0x08002368                post_process_record_quantum
 .text.shutdown_user
                0x0800237a        0x2 .build/obj_yhy98_via/quantum/quantum.o
                0x0800237a                shutdown_user
 .text.shutdown_quantum
                0x0800237c       0x16 .build/obj_yhy98_via/quantum/quantum.o
                0x0800237c                shutdown_quantum
 .text.reset_keyboard
                0x08002392        0xe .build/obj_yhy98_via/quantum/quantum.o
                0x08002392                reset_keyboard
 .text.soft_reset_keyboard
                0x080023a0        0xe .build/obj_yhy98_via/quantum/quantum.o
                0x080023a0                soft_reset_keyboard
 .text.process_record_quantum
                0x080023ae       0xa6 .build/obj_yhy98_via/quantum/quantum.o
                0x080023ae                process_record_quantum
 .text.suspend_power_down_quantum
                0x08002454        0xe .build/obj_yhy98_via/quantum/quantum.o
                0x08002454                suspend_power_down_quantum
 .text.suspend_wakeup_init_quantum
                0x08002462        0xe .build/obj_yhy98_via/quantum/quantum.o
                0x08002462                suspend_wakeup_init_quantum
 .text.led_set_user
                0x08002470        0x2 .build/obj_yhy98_via/quantum/led.o
                0x08002470                led_set_user
 .text.led_update_user
                0x08002472        0x4 .build/obj_yhy98_via/quantum/led.o
                0x08002472                led_update_user
 .text.led_update_ports
                0x08002476        0x2 .build/obj_yhy98_via/quantum/led.o
                0x08002476                led_update_ports
 .text.led_update_kb
                0x08002478       0x16 .build/obj_yhy98_via/quantum/led.o
                0x08002478                led_update_kb
 .text.led_init_ports
                0x0800248e        0x2 .build/obj_yhy98_via/quantum/led.o
                0x0800248e                led_init_ports
 .text.led_set  0x08002490       0x10 .build/obj_yhy98_via/quantum/led.o
                0x08002490                led_set
 .text.led_suspend
                0x080024a0        0xa .build/obj_yhy98_via/quantum/led.o
                0x080024a0                led_suspend
 .text.led_wakeup
                0x080024aa        0xc .build/obj_yhy98_via/quantum/led.o
                0x080024aa                led_wakeup
 *fill*         0x080024b6        0x2 
 .text.led_task
                0x080024b8       0x2c .build/obj_yhy98_via/quantum/led.o
                0x080024b8                led_task
 .text.action_exec
                0x080024e4       0x40 .build/obj_yhy98_via/quantum/action.o
                0x080024e4                action_exec
 .text.process_record_tap_hint
                0x08002524        0xe .build/obj_yhy98_via/quantum/action.o
                0x08002524                process_record_tap_hint
 *fill*         0x08002532        0x2 
 .text.register_code
                0x08002534       0x84 .build/obj_yhy98_via/quantum/action.o
                0x08002534                register_code
 .text.unregister_code
                0x080025b8       0x5c .build/obj_yhy98_via/quantum/action.o
                0x080025b8                unregister_code
 .text.tap_code_delay
                0x08002614       0x20 .build/obj_yhy98_via/quantum/action.o
                0x08002614                tap_code_delay
 .text.tap_code
                0x08002634       0x10 .build/obj_yhy98_via/quantum/action.o
                0x08002634                tap_code
 .text.register_mods
                0x08002644       0x12 .build/obj_yhy98_via/quantum/action.o
                0x08002644                register_mods
 .text.unregister_mods
                0x08002656       0x12 .build/obj_yhy98_via/quantum/action.o
                0x08002656                unregister_mods
 .text.process_action
                0x08002668      0x398 .build/obj_yhy98_via/quantum/action.o
                0x08002668                process_action
 .text.process_record_handler
                0x08002a00       0x22 .build/obj_yhy98_via/quantum/action.o
                0x08002a00                process_record_handler
 *fill*         0x08002a22        0x2 
 .text.process_record
                0x08002a24       0x3c .build/obj_yhy98_via/quantum/action.o
                0x08002a24                process_record
 .text.clear_keyboard_but_mods_and_keys
                0x08002a60       0x1a .build/obj_yhy98_via/quantum/action.o
                0x08002a60                clear_keyboard_but_mods_and_keys
 .text.clear_keyboard_but_mods
                0x08002a7a        0xe .build/obj_yhy98_via/quantum/action.o
                0x08002a7a                clear_keyboard_but_mods
 .text.clear_keyboard
                0x08002a88        0xe .build/obj_yhy98_via/quantum/action.o
                0x08002a88                clear_keyboard
 .text.is_tap_action
                0x08002a96       0x42 .build/obj_yhy98_via/quantum/action.o
                0x08002a96                is_tap_action
 .text.is_tap_record
                0x08002ad8       0x18 .build/obj_yhy98_via/quantum/action.o
                0x08002ad8                is_tap_record
 .text.debug_event
                0x08002af0        0xc .build/obj_yhy98_via/quantum/action.o
                0x08002af0                debug_event
 .text.debug_record
                0x08002afc        0xc .build/obj_yhy98_via/quantum/action.o
                0x08002afc                debug_record
 .text.default_layer_state_set_user
                0x08002b08        0x2 .build/obj_yhy98_via/quantum/action_layer.o
                0x08002b08                default_layer_state_set_user
 .text.default_layer_state_set_kb
                0x08002b0a        0x8 .build/obj_yhy98_via/quantum/action_layer.o
                0x08002b0a                default_layer_state_set_kb
 *fill*         0x08002b12        0x2 
 .text.default_layer_state_set
                0x08002b14       0x10 .build/obj_yhy98_via/quantum/action_layer.o
 .text.default_layer_debug
                0x08002b24        0x2 .build/obj_yhy98_via/quantum/action_layer.o
                0x08002b24                default_layer_debug
 .text.default_layer_set
                0x08002b26        0x4 .build/obj_yhy98_via/quantum/action_layer.o
                0x08002b26                default_layer_set
 *fill*         0x08002b2a        0x2 
 .text.default_layer_or
                0x08002b2c       0x10 .build/obj_yhy98_via/quantum/action_layer.o
                0x08002b2c                default_layer_or
 .text.default_layer_and
                0x08002b3c       0x10 .build/obj_yhy98_via/quantum/action_layer.o
                0x08002b3c                default_layer_and
 .text.default_layer_xor
                0x08002b4c       0x10 .build/obj_yhy98_via/quantum/action_layer.o
                0x08002b4c                default_layer_xor
 .text.layer_state_set_user
                0x08002b5c        0x2 .build/obj_yhy98_via/quantum/action_layer.o
                0x08002b5c                layer_state_set_user
 .text.layer_state_set_kb
                0x08002b5e        0x8 .build/obj_yhy98_via/quantum/action_layer.o
                0x08002b5e                layer_state_set_kb
 *fill*         0x08002b66        0x2 
 .text.layer_state_set
                0x08002b68       0x10 .build/obj_yhy98_via/quantum/action_layer.o
                0x08002b68                layer_state_set
 .text.layer_clear
                0x08002b78        0x6 .build/obj_yhy98_via/quantum/action_layer.o
                0x08002b78                layer_clear
 .text.layer_move
                0x08002b7e        0xc .build/obj_yhy98_via/quantum/action_layer.o
                0x08002b7e                layer_move
 *fill*         0x08002b8a        0x2 
 .text.layer_on
                0x08002b8c       0x14 .build/obj_yhy98_via/quantum/action_layer.o
                0x08002b8c                layer_on
 .text.layer_off
                0x08002ba0       0x14 .build/obj_yhy98_via/quantum/action_layer.o
                0x08002ba0                layer_off
 .text.layer_invert
                0x08002bb4       0x14 .build/obj_yhy98_via/quantum/action_layer.o
                0x08002bb4                layer_invert
 .text.layer_or
                0x08002bc8       0x10 .build/obj_yhy98_via/quantum/action_layer.o
                0x08002bc8                layer_or
 .text.layer_and
                0x08002bd8       0x10 .build/obj_yhy98_via/quantum/action_layer.o
                0x08002bd8                layer_and
 .text.layer_xor
                0x08002be8       0x10 .build/obj_yhy98_via/quantum/action_layer.o
                0x08002be8                layer_xor
 .text.layer_debug
                0x08002bf8        0x2 .build/obj_yhy98_via/quantum/action_layer.o
                0x08002bf8                layer_debug
 .text.update_source_layers_cache_impl
                0x08002bfa       0x34 .build/obj_yhy98_via/quantum/action_layer.o
                0x08002bfa                update_source_layers_cache_impl
 .text.read_source_layers_cache_impl
                0x08002c2e       0x28 .build/obj_yhy98_via/quantum/action_layer.o
                0x08002c2e                read_source_layers_cache_impl
 *fill*         0x08002c56        0x2 
 .text.update_source_layers_cache
                0x08002c58       0x34 .build/obj_yhy98_via/quantum/action_layer.o
                0x08002c58                update_source_layers_cache
 .text.read_source_layers_cache
                0x08002c8c       0x30 .build/obj_yhy98_via/quantum/action_layer.o
                0x08002c8c                read_source_layers_cache
 .text.layer_switch_get_layer
                0x08002cbc       0x40 .build/obj_yhy98_via/quantum/action_layer.o
                0x08002cbc                layer_switch_get_layer
 .text.layer_switch_get_action
                0x08002cfc       0x18 .build/obj_yhy98_via/quantum/action_layer.o
                0x08002cfc                layer_switch_get_action
 .text.store_or_get_action
                0x08002d14       0x48 .build/obj_yhy98_via/quantum/action_layer.o
                0x08002d14                store_or_get_action
 .text.update_tri_layer_state
                0x08002d5c       0x22 .build/obj_yhy98_via/quantum/action_layer.o
                0x08002d5c                update_tri_layer_state
 *fill*         0x08002d7e        0x2 
 .text.update_tri_layer
                0x08002d80       0x1c .build/obj_yhy98_via/quantum/action_layer.o
                0x08002d80                update_tri_layer
 .text.debug_waiting_buffer
                0x08002d9c       0x40 .build/obj_yhy98_via/quantum/action_tapping.o
 .text.debug_tapping_key
                0x08002ddc       0x20 .build/obj_yhy98_via/quantum/action_tapping.o
 .text.waiting_buffer_scan_tap
                0x08002dfc       0x78 .build/obj_yhy98_via/quantum/action_tapping.o
 .text.waiting_buffer_typed.isra.0
                0x08002e74       0x44 .build/obj_yhy98_via/quantum/action_tapping.o
 .text.process_tapping
                0x08002eb8      0x234 .build/obj_yhy98_via/quantum/action_tapping.o
 .text.action_tapping_process
                0x080030ec       0xc4 .build/obj_yhy98_via/quantum/action_tapping.o
                0x080030ec                action_tapping_process
 .text.add_key  0x080031b0       0x10 .build/obj_yhy98_via/quantum/action_util.o
                0x080031b0                add_key
 .text.del_key  0x080031c0       0x10 .build/obj_yhy98_via/quantum/action_util.o
                0x080031c0                del_key
 .text.clear_keys
                0x080031d0        0xc .build/obj_yhy98_via/quantum/action_util.o
                0x080031d0                clear_keys
 .text.get_oneshot_layer
                0x080031dc        0xc .build/obj_yhy98_via/quantum/action_util.o
                0x080031dc                get_oneshot_layer
 .text.get_oneshot_layer_state
                0x080031e8       0x10 .build/obj_yhy98_via/quantum/action_util.o
                0x080031e8                get_oneshot_layer_state
 .text.is_oneshot_layer_active
                0x080031f8       0x14 .build/obj_yhy98_via/quantum/action_util.o
                0x080031f8                is_oneshot_layer_active
 .text.get_mods
                0x0800320c        0xc .build/obj_yhy98_via/quantum/action_util.o
                0x0800320c                get_mods
 .text.add_mods
                0x08003218       0x10 .build/obj_yhy98_via/quantum/action_util.o
                0x08003218                add_mods
 .text.del_mods
                0x08003228       0x10 .build/obj_yhy98_via/quantum/action_util.o
                0x08003228                del_mods
 .text.clear_mods
                0x08003238        0xc .build/obj_yhy98_via/quantum/action_util.o
                0x08003238                clear_mods
 .text.add_weak_mods
                0x08003244       0x10 .build/obj_yhy98_via/quantum/action_util.o
                0x08003244                add_weak_mods
 .text.del_weak_mods
                0x08003254       0x10 .build/obj_yhy98_via/quantum/action_util.o
                0x08003254                del_weak_mods
 .text.clear_weak_mods
                0x08003264        0xc .build/obj_yhy98_via/quantum/action_util.o
                0x08003264                clear_weak_mods
 .text.oneshot_locked_mods_changed_user
                0x08003270        0x2 .build/obj_yhy98_via/quantum/action_util.o
                0x08003270                oneshot_locked_mods_changed_user
 .text.oneshot_locked_mods_changed_kb
                0x08003272        0x8 .build/obj_yhy98_via/quantum/action_util.o
                0x08003272                oneshot_locked_mods_changed_kb
 *fill*         0x0800327a        0x2 
 .text.del_oneshot_locked_mods
                0x0800327c       0x1c .build/obj_yhy98_via/quantum/action_util.o
                0x0800327c                del_oneshot_locked_mods
 .text.oneshot_mods_changed_user
                0x08003298        0x2 .build/obj_yhy98_via/quantum/action_util.o
                0x08003298                oneshot_mods_changed_user
 .text.oneshot_mods_changed_kb
                0x0800329a        0x8 .build/obj_yhy98_via/quantum/action_util.o
                0x0800329a                oneshot_mods_changed_kb
 *fill*         0x080032a2        0x2 
 .text.add_oneshot_mods
                0x080032a4       0x1c .build/obj_yhy98_via/quantum/action_util.o
                0x080032a4                add_oneshot_mods
 .text.del_oneshot_mods
                0x080032c0       0x1c .build/obj_yhy98_via/quantum/action_util.o
                0x080032c0                del_oneshot_mods
 .text.clear_oneshot_mods
                0x080032dc       0x18 .build/obj_yhy98_via/quantum/action_util.o
                0x080032dc                clear_oneshot_mods
 .text.send_keyboard_report
                0x080032f4       0x60 .build/obj_yhy98_via/quantum/action_util.o
                0x080032f4                send_keyboard_report
 .text.oneshot_layer_changed_user
                0x08003354        0x2 .build/obj_yhy98_via/quantum/action_util.o
                0x08003354                oneshot_layer_changed_user
 .text.oneshot_layer_changed_kb
                0x08003356        0x8 .build/obj_yhy98_via/quantum/action_util.o
                0x08003356                oneshot_layer_changed_kb
 *fill*         0x0800335e        0x2 
 .text.set_oneshot_layer
                0x08003360       0x30 .build/obj_yhy98_via/quantum/action_util.o
                0x08003360                set_oneshot_layer
 .text.reset_oneshot_layer
                0x08003390       0x14 .build/obj_yhy98_via/quantum/action_util.o
                0x08003390                reset_oneshot_layer
 .text.clear_oneshot_layer_state
                0x080033a4       0x34 .build/obj_yhy98_via/quantum/action_util.o
                0x080033a4                clear_oneshot_layer_state
 .text.oneshot_set
                0x080033d8       0x2c .build/obj_yhy98_via/quantum/action_util.o
                0x080033d8                oneshot_set
 .text.oneshot_toggle
                0x08003404       0x18 .build/obj_yhy98_via/quantum/action_util.o
                0x08003404                oneshot_toggle
 .text.oneshot_enable
                0x0800341c        0x6 .build/obj_yhy98_via/quantum/action_util.o
                0x0800341c                oneshot_enable
 .text.oneshot_disable
                0x08003422        0x6 .build/obj_yhy98_via/quantum/action_util.o
                0x08003422                oneshot_disable
 .text.eeconfig_disable
                0x08003428       0x14 .build/obj_yhy98_via/quantum/eeconfig.o
                0x08003428                eeconfig_disable
 .text.eeconfig_is_enabled
                0x0800343c       0x1c .build/obj_yhy98_via/quantum/eeconfig.o
                0x0800343c                eeconfig_is_enabled
 .text.eeconfig_read_debug
                0x08003458        0x6 .build/obj_yhy98_via/quantum/eeconfig.o
                0x08003458                eeconfig_read_debug
 .text.eeconfig_read_default_layer
                0x0800345e        0x6 .build/obj_yhy98_via/quantum/eeconfig.o
                0x0800345e                eeconfig_read_default_layer
 .text.eeconfig_read_keymap
                0x08003464        0x6 .build/obj_yhy98_via/quantum/eeconfig.o
                0x08003464                eeconfig_read_keymap
 .text.eeconfig_update_keymap
                0x0800346a        0x8 .build/obj_yhy98_via/quantum/eeconfig.o
                0x0800346a                eeconfig_update_keymap
 .text.eeconfig_update_kb
                0x08003472        0x8 .build/obj_yhy98_via/quantum/eeconfig.o
                0x08003472                eeconfig_update_kb
 .text.eeconfig_update_user
                0x0800347a        0x8 .build/obj_yhy98_via/quantum/eeconfig.o
                0x0800347a                eeconfig_update_user
 .text.eeconfig_init_user
                0x08003482        0x6 .build/obj_yhy98_via/quantum/eeconfig.o
                0x08003482                eeconfig_init_user
 .text.eeconfig_init_kb
                0x08003488        0xe .build/obj_yhy98_via/quantum/eeconfig.o
                0x08003488                eeconfig_init_kb
 *fill*         0x08003496        0x2 
 .text.eeconfig_init_quantum
                0x08003498       0x98 .build/obj_yhy98_via/quantum/eeconfig.o
                0x08003498                eeconfig_init_quantum
 .text.eeconfig_init
                0x08003530        0x4 .build/obj_yhy98_via/quantum/eeconfig.o
                0x08003530                eeconfig_init
 .text.eeconfig_update_handedness
                0x08003534        0x8 .build/obj_yhy98_via/quantum/eeconfig.o
                0x08003534                eeconfig_update_handedness
 .text.generate_tick_event
                0x0800353c       0x38 .build/obj_yhy98_via/quantum/keyboard.o
 .text.last_matrix_activity_trigger
                0x08003574       0x18 .build/obj_yhy98_via/quantum/keyboard.o
                0x08003574                last_matrix_activity_trigger
 .text.matrix_setup
                0x0800358c        0x2 .build/obj_yhy98_via/quantum/keyboard.o
                0x0800358c                matrix_setup
 .text.keyboard_pre_init_user
                0x0800358e        0x2 .build/obj_yhy98_via/quantum/keyboard.o
                0x0800358e                keyboard_pre_init_user
 .text.keyboard_pre_init_kb
                0x08003590        0x8 .build/obj_yhy98_via/quantum/keyboard.o
                0x08003590                keyboard_pre_init_kb
 .text.keyboard_post_init_user
                0x08003598        0x2 .build/obj_yhy98_via/quantum/keyboard.o
                0x08003598                keyboard_post_init_user
 .text.keyboard_post_init_kb
                0x0800359a        0x8 .build/obj_yhy98_via/quantum/keyboard.o
                0x0800359a                keyboard_post_init_kb
 .text.matrix_can_read
                0x080035a2        0x4 .build/obj_yhy98_via/quantum/keyboard.o
                0x080035a2                matrix_can_read
 *fill*         0x080035a6        0x2 
 .text.keyboard_setup
                0x080035a8       0x1c .build/obj_yhy98_via/quantum/keyboard.o
                0x080035a8                keyboard_setup
 .text.is_keyboard_master
                0x080035c4        0x4 .build/obj_yhy98_via/quantum/keyboard.o
                0x080035c4                is_keyboard_master
 .text.should_process_keypress
                0x080035c8        0x8 .build/obj_yhy98_via/quantum/keyboard.o
                0x080035c8                should_process_keypress
 .text.housekeeping_task_kb
                0x080035d0        0x2 .build/obj_yhy98_via/quantum/keyboard.o
                0x080035d0                housekeeping_task_kb
 .text.housekeeping_task_user
                0x080035d2        0x2 .build/obj_yhy98_via/quantum/keyboard.o
                0x080035d2                housekeeping_task_user
 .text.housekeeping_task
                0x080035d4        0xc .build/obj_yhy98_via/quantum/keyboard.o
                0x080035d4                housekeeping_task
 .text.quantum_init
                0x080035e0        0xe .build/obj_yhy98_via/quantum/keyboard.o
                0x080035e0                quantum_init
 .text.keyboard_init
                0x080035ee       0x18 .build/obj_yhy98_via/quantum/keyboard.o
                0x080035ee                keyboard_init
 *fill*         0x08003606        0x2 
 .text.keyboard_task
                0x08003608       0xd4 .build/obj_yhy98_via/quantum/keyboard.o
                0x08003608                keyboard_task
 .text.action_for_keycode
                0x080036dc      0x1b4 .build/obj_yhy98_via/quantum/keymap_common.o
                0x080036dc                action_for_keycode
 .text.keymap_key_to_keycode
                0x08003890       0x22 .build/obj_yhy98_via/quantum/keymap_common.o
                0x08003890                keymap_key_to_keycode
 .text.action_for_key
                0x080038b2       0x16 .build/obj_yhy98_via/quantum/keymap_common.o
                0x080038b2                action_for_key
 .text.keycode_config
                0x080038c8      0x108 .build/obj_yhy98_via/quantum/keycode_config.o
                0x080038c8                keycode_config
 .text.mod_config
                0x080039d0       0xac .build/obj_yhy98_via/quantum/keycode_config.o
                0x080039d0                mod_config
 .text.sendchar
                0x08003a7c        0x4 .build/obj_yhy98_via/quantum/logging/sendchar.o
                0x08003a7c                sendchar
 .text.null_sendchar_func
                0x08003a80        0x4 .build/obj_yhy98_via/quantum/logging/print.o
 .text.print_set_sendchar
                0x08003a84        0xc .build/obj_yhy98_via/quantum/logging/print.o
                0x08003a84                print_set_sendchar
 .text.bootmagic_lite_reset_eeprom
                0x08003a90        0x4 .build/obj_yhy98_via/quantum/bootmagic/bootmagic_lite.o
                0x08003a90                bootmagic_lite_reset_eeprom
 .text.bootmagic_lite
                0x08003a94       0x2a .build/obj_yhy98_via/quantum/bootmagic/bootmagic_lite.o
                0x08003a94                bootmagic_lite
 .text.bootmagic
                0x08003abe        0x8 .build/obj_yhy98_via/quantum/bootmagic/bootmagic_lite.o
                0x08003abe                bootmagic
 *fill*         0x08003ac6        0x2 
 .text.magic    0x08003ac8       0x40 .build/obj_yhy98_via/quantum/bootmagic/magic.o
                0x08003ac8                magic
 .text.matrix_init_user
                0x08003b08        0x2 .build/obj_yhy98_via/quantum/matrix_common.o
                0x08003b08                matrix_init_user
 .text.matrix_init_kb
                0x08003b0a        0x8 .build/obj_yhy98_via/quantum/matrix_common.o
                0x08003b0a                matrix_init_kb
 .text.matrix_scan_user
                0x08003b12        0x2 .build/obj_yhy98_via/quantum/matrix_common.o
                0x08003b12                matrix_scan_user
 .text.matrix_scan_kb
                0x08003b14        0x8 .build/obj_yhy98_via/quantum/matrix_common.o
                0x08003b14                matrix_scan_kb
 .text.matrix_get_row
                0x08003b1c        0xc .build/obj_yhy98_via/quantum/matrix_common.o
                0x08003b1c                matrix_get_row
 .text.matrix_print
                0x08003b28        0x2 .build/obj_yhy98_via/quantum/matrix_common.o
                0x08003b28                matrix_print
 .text.matrix_io_delay
                0x08003b2a        0x8 .build/obj_yhy98_via/quantum/matrix_common.o
                0x08003b2a                matrix_io_delay
 .text.matrix_output_select_delay
                0x08003b32       0x26 .build/obj_yhy98_via/quantum/matrix_common.o
                0x08003b32                matrix_output_select_delay
 .text.matrix_output_unselect_delay
                0x08003b58        0x8 .build/obj_yhy98_via/quantum/matrix_common.o
                0x08003b58                matrix_output_unselect_delay
 .text.setPinInputHigh_atomic
                0x08003b60       0x22 .build/obj_yhy98_via/quantum/matrix.o
 *fill*         0x08003b82        0x2 
 .text.matrix_init_pins
                0x08003b84       0x3c .build/obj_yhy98_via/quantum/matrix.o
                0x08003b84                matrix_init_pins
 .text.matrix_read_cols_on_row
                0x08003bc0       0xa4 .build/obj_yhy98_via/quantum/matrix.o
                0x08003bc0                matrix_read_cols_on_row
 .text.matrix_init
                0x08003c64       0x34 .build/obj_yhy98_via/quantum/matrix.o
                0x08003c64                matrix_init
 .text.matrix_scan
                0x08003c98       0x64 .build/obj_yhy98_via/quantum/matrix.o
                0x08003c98                matrix_scan
 .text.debounce_init
                0x08003cfc        0x2 .build/obj_yhy98_via/quantum/debounce/sym_defer_g.o
                0x08003cfc                debounce_init
 *fill*         0x08003cfe        0x2 
 .text.debounce
                0x08003d00       0x64 .build/obj_yhy98_via/quantum/debounce/sym_defer_g.o
                0x08003d00                debounce
 .text.protocol_init
                0x08003d64       0x12 .build/obj_yhy98_via/quantum/main.o
                0x08003d64                protocol_init
 .text.protocol_task
                0x08003d76       0x12 .build/obj_yhy98_via/quantum/main.o
                0x08003d76                protocol_task
 .text.startup.main
                0x08003d88       0x1c .build/obj_yhy98_via/quantum/main.o
                0x08003d88                main
 .text.eeprom_read_byte
                0x08003da4       0x1e .build/obj_yhy98_via/eeprom_driver.o
                0x08003da4                eeprom_read_byte
 .text.eeprom_read_word
                0x08003dc2       0x1e .build/obj_yhy98_via/eeprom_driver.o
                0x08003dc2                eeprom_read_word
 .text.eeprom_read_dword
                0x08003de0       0x1a .build/obj_yhy98_via/eeprom_driver.o
                0x08003de0                eeprom_read_dword
 .text.eeprom_write_byte
                0x08003dfa       0x18 .build/obj_yhy98_via/eeprom_driver.o
                0x08003dfa                eeprom_write_byte
 .text.eeprom_write_word
                0x08003e12       0x18 .build/obj_yhy98_via/eeprom_driver.o
                0x08003e12                eeprom_write_word
 .text.eeprom_write_dword
                0x08003e2a       0x16 .build/obj_yhy98_via/eeprom_driver.o
                0x08003e2a                eeprom_write_dword
 .text.eeprom_update_block
                0x08003e40       0x34 .build/obj_yhy98_via/eeprom_driver.o
                0x08003e40                eeprom_update_block
 .text.eeprom_update_byte
                0x08003e74       0x1c .build/obj_yhy98_via/eeprom_driver.o
                0x08003e74                eeprom_update_byte
 .text.eeprom_update_word
                0x08003e90       0x1c .build/obj_yhy98_via/eeprom_driver.o
                0x08003e90                eeprom_update_word
 .text.eeprom_update_dword
                0x08003eac       0x1c .build/obj_yhy98_via/eeprom_driver.o
                0x08003eac                eeprom_update_dword
 .text.eeprom_driver_init
                0x08003ec8        0x4 .build/obj_yhy98_via/eeprom_wear_leveling.o
                0x08003ec8                eeprom_driver_init
 .text.eeprom_driver_erase
                0x08003ecc        0x4 .build/obj_yhy98_via/eeprom_wear_leveling.o
                0x08003ecc                eeprom_driver_erase
 .text.eeprom_read_block
                0x08003ed0        0xa .build/obj_yhy98_via/eeprom_wear_leveling.o
                0x08003ed0                eeprom_read_block
 .text.eeprom_write_block
                0x08003eda        0xa .build/obj_yhy98_via/eeprom_wear_leveling.o
                0x08003eda                eeprom_write_block
 .text.wear_leveling_clear_cache
                0x08003ee4       0x20 .build/obj_yhy98_via/wear_leveling.o
 .text.wear_leveling_unlock
                0x08003f04       0x20 .build/obj_yhy98_via/wear_leveling.o
 .text.wear_leveling_lock
                0x08003f24       0x24 .build/obj_yhy98_via/wear_leveling.o
 .text.wear_leveling_erase
                0x08003f48       0x32 .build/obj_yhy98_via/wear_leveling.o
                0x08003f48                wear_leveling_erase
 *fill*         0x08003f7a        0x2 
 .text.wear_leveling_read
                0x08003f7c       0x24 .build/obj_yhy98_via/wear_leveling.o
                0x08003f7c                wear_leveling_read
 .text.backing_store_read_bulk
                0x08003fa0       0x26 .build/obj_yhy98_via/wear_leveling.o
                0x08003fa0                backing_store_read_bulk
 .text.backing_store_write_bulk
                0x08003fc6       0x26 .build/obj_yhy98_via/wear_leveling.o
                0x08003fc6                backing_store_write_bulk
 *fill*         0x08003fec        0x4 
 .text.wear_leveling_consolidate_force
                0x08003ff0       0x6c .build/obj_yhy98_via/wear_leveling.o
 .text.wear_leveling_consolidate_if_needed
                0x0800405c       0x18 .build/obj_yhy98_via/wear_leveling.o
 .text.wear_leveling_append_raw
                0x08004074       0x28 .build/obj_yhy98_via/wear_leveling.o
 .text.wear_leveling_write
                0x0800409c      0x168 .build/obj_yhy98_via/wear_leveling.o
                0x0800409c                wear_leveling_write
 *fill*         0x08004204        0x4 
 .text.wear_leveling_init
                0x08004208      0x17c .build/obj_yhy98_via/wear_leveling.o
                0x08004208                wear_leveling_init
 .text.backing_store_unlock
                0x08004384       0x18 .build/obj_yhy98_via/wear_leveling_efl.o
                0x08004384                backing_store_unlock
 .text.backing_store_erase
                0x0800439c       0x44 .build/obj_yhy98_via/wear_leveling_efl.o
                0x0800439c                backing_store_erase
 .text.backing_store_write
                0x080043e0       0x34 .build/obj_yhy98_via/wear_leveling_efl.o
                0x080043e0                backing_store_write
 .text.backing_store_lock
                0x08004414       0x10 .build/obj_yhy98_via/wear_leveling_efl.o
                0x08004414                backing_store_lock
 .text.backing_store_init
                0x08004424       0x98 .build/obj_yhy98_via/wear_leveling_efl.o
                0x08004424                backing_store_init
 .text.backing_store_read
                0x080044bc       0x24 .build/obj_yhy98_via/wear_leveling_efl.o
                0x080044bc                backing_store_read
 .text.via_eeprom_is_valid
                0x080044e0       0x2a .build/obj_yhy98_via/quantum/via.o
                0x080044e0                via_eeprom_is_valid
 .text.via_eeprom_set_valid
                0x0800450a       0x32 .build/obj_yhy98_via/quantum/via.o
                0x0800450a                via_eeprom_set_valid
 .text.via_init_kb
                0x0800453c        0x2 .build/obj_yhy98_via/quantum/via.o
                0x0800453c                via_init_kb
 .text.via_get_layout_options
                0x0800453e        0xa .build/obj_yhy98_via/quantum/via.o
                0x0800453e                via_get_layout_options
 .text.via_set_layout_options_kb
                0x08004548        0x2 .build/obj_yhy98_via/quantum/via.o
                0x08004548                via_set_layout_options_kb
 .text.via_set_layout_options
                0x0800454a       0x14 .build/obj_yhy98_via/quantum/via.o
                0x0800454a                via_set_layout_options
 .text.eeconfig_init_via
                0x0800455e       0x20 .build/obj_yhy98_via/quantum/via.o
                0x0800455e                eeconfig_init_via
 .text.via_init
                0x0800457e       0x1e .build/obj_yhy98_via/quantum/via.o
                0x0800457e                via_init
 .text.via_set_device_indication
                0x0800459c        0x2 .build/obj_yhy98_via/quantum/via.o
                0x0800459c                via_set_device_indication
 .text.process_record_via
                0x0800459e       0x1e .build/obj_yhy98_via/quantum/via.o
                0x0800459e                process_record_via
 .text.via_custom_value_command_kb
                0x080045bc        0x6 .build/obj_yhy98_via/quantum/via.o
                0x080045bc                via_custom_value_command_kb
 .text.via_custom_value_command
                0x080045c2        0x8 .build/obj_yhy98_via/quantum/via.o
                0x080045c2                via_custom_value_command
 .text.via_command_kb
                0x080045ca        0x4 .build/obj_yhy98_via/quantum/via.o
                0x080045ca                via_command_kb
 .text.raw_hid_receive
                0x080045ce      0x182 .build/obj_yhy98_via/quantum/via.o
                0x080045ce                raw_hid_receive
 .text.fnv_64a_buf
                0x08004750       0x70 .build/obj_yhy98_via/hash_64a.o
                0x08004750                fnv_64a_buf
 .text.process_magic
                0x080047c0      0x1cc .build/obj_yhy98_via/quantum/process_keycode/process_magic.o
                0x080047c0                process_magic
 .text.send_char
                0x0800498c       0x70 .build/obj_yhy98_via/quantum/send_string/send_string.o
                0x0800498c                send_char
 .text.send_string_with_delay
                0x080049fc       0x8c .build/obj_yhy98_via/quantum/send_string/send_string.o
                0x080049fc                send_string_with_delay
 .text.dynamic_keymap_get_layer_count
                0x08004a88        0x4 .build/obj_yhy98_via/quantum/dynamic_keymap.o
                0x08004a88                dynamic_keymap_get_layer_count
 .text.dynamic_keymap_key_to_eeprom_address
                0x08004a8c       0x12 .build/obj_yhy98_via/quantum/dynamic_keymap.o
                0x08004a8c                dynamic_keymap_key_to_eeprom_address
 .text.dynamic_keymap_get_keycode
                0x08004a9e       0x2c .build/obj_yhy98_via/quantum/dynamic_keymap.o
                0x08004a9e                dynamic_keymap_get_keycode
 .text.dynamic_keymap_set_keycode
                0x08004aca       0x2a .build/obj_yhy98_via/quantum/dynamic_keymap.o
                0x08004aca                dynamic_keymap_set_keycode
 .text.dynamic_keymap_reset
                0x08004af4       0x50 .build/obj_yhy98_via/quantum/dynamic_keymap.o
                0x08004af4                dynamic_keymap_reset
 .text.dynamic_keymap_get_buffer
                0x08004b44       0x2c .build/obj_yhy98_via/quantum/dynamic_keymap.o
                0x08004b44                dynamic_keymap_get_buffer
 .text.dynamic_keymap_set_buffer
                0x08004b70       0x28 .build/obj_yhy98_via/quantum/dynamic_keymap.o
                0x08004b70                dynamic_keymap_set_buffer
 .text.keycode_at_keymap_location
                0x08004b98       0x1a .build/obj_yhy98_via/quantum/dynamic_keymap.o
                0x08004b98                keycode_at_keymap_location
 .text.dynamic_keymap_macro_get_count
                0x08004bb2        0x4 .build/obj_yhy98_via/quantum/dynamic_keymap.o
                0x08004bb2                dynamic_keymap_macro_get_count
 .text.dynamic_keymap_macro_get_buffer_size
                0x08004bb6        0x4 .build/obj_yhy98_via/quantum/dynamic_keymap.o
                0x08004bb6                dynamic_keymap_macro_get_buffer_size
 .text.dynamic_keymap_macro_get_buffer
                0x08004bba       0x2c .build/obj_yhy98_via/quantum/dynamic_keymap.o
                0x08004bba                dynamic_keymap_macro_get_buffer
 .text.dynamic_keymap_macro_set_buffer
                0x08004be6       0x28 .build/obj_yhy98_via/quantum/dynamic_keymap.o
                0x08004be6                dynamic_keymap_macro_set_buffer
 .text.dynamic_keymap_macro_reset
                0x08004c0e       0x18 .build/obj_yhy98_via/quantum/dynamic_keymap.o
                0x08004c0e                dynamic_keymap_macro_reset
 .text.dynamic_keymap_macro_send
                0x08004c26       0xb0 .build/obj_yhy98_via/quantum/dynamic_keymap.o
                0x08004c26                dynamic_keymap_macro_send
 *fill*         0x08004cd6        0x2 
 .text.process_grave_esc
                0x08004cd8       0x4c .build/obj_yhy98_via/quantum/process_keycode/process_grave_esc.o
                0x08004cd8                process_grave_esc
 .text.perform_space_cadet
                0x08004d24       0xb8 .build/obj_yhy98_via/quantum/process_keycode/process_space_cadet.o
                0x08004d24                perform_space_cadet
 .text.process_space_cadet
                0x08004ddc       0x9c .build/obj_yhy98_via/quantum/process_keycode/process_space_cadet.o
                0x08004ddc                process_space_cadet
 .text.process_tri_layer
                0x08004e78       0x5a .build/obj_yhy98_via/quantum/process_keycode/process_tri_layer.o
                0x08004e78                process_tri_layer
 *fill*         0x08004ed2        0x2 
 .text.get_tri_layer_lower_layer
                0x08004ed4        0xc .build/obj_yhy98_via/quantum/tri_layer.o
                0x08004ed4                get_tri_layer_lower_layer
 .text.get_tri_layer_upper_layer
                0x08004ee0        0xc .build/obj_yhy98_via/quantum/tri_layer.o
                0x08004ee0                get_tri_layer_upper_layer
 .text.get_tri_layer_adjust_layer
                0x08004eec        0xc .build/obj_yhy98_via/quantum/tri_layer.o
                0x08004eec                get_tri_layer_adjust_layer
 .text.host_set_driver
                0x08004ef8        0xc .build/obj_yhy98_via/protocol/host.o
                0x08004ef8                host_set_driver
 .text.host_keyboard_leds
                0x08004f04       0x10 .build/obj_yhy98_via/protocol/host.o
                0x08004f04                host_keyboard_leds
 .text.host_keyboard_send
                0x08004f14       0x30 .build/obj_yhy98_via/protocol/host.o
                0x08004f14                host_keyboard_send
 .text.host_system_send
                0x08004f44       0x38 .build/obj_yhy98_via/protocol/host.o
                0x08004f44                host_system_send
 .text.host_consumer_send
                0x08004f7c       0x38 .build/obj_yhy98_via/protocol/host.o
                0x08004f7c                host_consumer_send
 .text.has_anykey
                0x08004fb4       0x3c .build/obj_yhy98_via/protocol/report.o
                0x08004fb4                has_anykey
 .text.is_key_pressed
                0x08004ff0       0x50 .build/obj_yhy98_via/protocol/report.o
                0x08004ff0                is_key_pressed
 .text.add_key_byte
                0x08005040       0x2c .build/obj_yhy98_via/protocol/report.o
                0x08005040                add_key_byte
 .text.del_key_byte
                0x0800506c       0x18 .build/obj_yhy98_via/protocol/report.o
                0x0800506c                del_key_byte
 .text.add_key_bit
                0x08005084       0x1a .build/obj_yhy98_via/protocol/report.o
                0x08005084                add_key_bit
 .text.del_key_bit
                0x0800509e       0x1c .build/obj_yhy98_via/protocol/report.o
                0x0800509e                del_key_bit
 *fill*         0x080050ba        0x2 
 .text.add_key_to_report
                0x080050bc       0x30 .build/obj_yhy98_via/protocol/report.o
                0x080050bc                add_key_to_report
 .text.del_key_from_report
                0x080050ec       0x30 .build/obj_yhy98_via/protocol/report.o
                0x080050ec                del_key_from_report
 .text.clear_keys_from_report
                0x0800511c       0x28 .build/obj_yhy98_via/protocol/report.o
                0x0800511c                clear_keys_from_report
 .text.notify_usb_device_state_change_user
                0x08005144        0x2 .build/obj_yhy98_via/protocol/usb_device_state.o
                0x08005144                notify_usb_device_state_change_user
 .text.notify_usb_device_state_change_kb
                0x08005146        0x8 .build/obj_yhy98_via/protocol/usb_device_state.o
                0x08005146                notify_usb_device_state_change_kb
 *fill*         0x0800514e        0x2 
 .text.usb_device_state_set_configuration
                0x08005150       0x14 .build/obj_yhy98_via/protocol/usb_device_state.o
                0x08005150                usb_device_state_set_configuration
 .text.usb_device_state_set_suspend
                0x08005164       0x14 .build/obj_yhy98_via/protocol/usb_device_state.o
                0x08005164                usb_device_state_set_suspend
 .text.usb_device_state_set_resume
                0x08005178        0x4 .build/obj_yhy98_via/protocol/usb_device_state.o
                0x08005178                usb_device_state_set_resume
 .text.usb_device_state_set_reset
                0x0800517c       0x14 .build/obj_yhy98_via/protocol/usb_device_state.o
                0x0800517c                usb_device_state_set_reset
 .text.usb_device_state_init
                0x08005190        0x4 .build/obj_yhy98_via/protocol/usb_device_state.o
                0x08005190                usb_device_state_init
 .text.matrix_power_up
                0x08005194        0x2 .build/obj_yhy98_via/platforms/suspend.o
                0x08005194                matrix_power_up
 .text.matrix_power_down
                0x08005196        0x2 .build/obj_yhy98_via/platforms/suspend.o
                0x08005196                matrix_power_down
 .text.suspend_power_down_user
                0x08005198        0x2 .build/obj_yhy98_via/platforms/suspend.o
                0x08005198                suspend_power_down_user
 .text.suspend_power_down_kb
                0x0800519a        0x8 .build/obj_yhy98_via/platforms/suspend.o
                0x0800519a                suspend_power_down_kb
 .text.suspend_wakeup_init_user
                0x080051a2        0x2 .build/obj_yhy98_via/platforms/suspend.o
                0x080051a2                suspend_wakeup_init_user
 .text.suspend_wakeup_init_kb
                0x080051a4        0x8 .build/obj_yhy98_via/platforms/suspend.o
                0x080051a4                suspend_wakeup_init_kb
 .text.suspend_wakeup_condition
                0x080051ac       0x24 .build/obj_yhy98_via/platforms/suspend.o
                0x080051ac                suspend_wakeup_condition
 .text.platform_setup
                0x080051d0        0xe .build/obj_yhy98_via/platforms/chibios/platform.o
                0x080051d0                platform_setup
 .text.suspend_power_down
                0x080051de       0x12 .build/obj_yhy98_via/platforms/chibios/suspend.o
                0x080051de                suspend_power_down
 .text.suspend_wakeup_init
                0x080051f0       0x22 .build/obj_yhy98_via/platforms/chibios/suspend.o
                0x080051f0                suspend_wakeup_init
 *fill*         0x08005212        0x2 
 .text.timer_clear
                0x08005214       0x30 .build/obj_yhy98_via/platforms/chibios/timer.o
                0x08005214                timer_clear
 .text.timer_init
                0x08005244        0x4 .build/obj_yhy98_via/platforms/chibios/timer.o
                0x08005244                timer_init
 .text.timer_read32
                0x08005248       0x70 .build/obj_yhy98_via/platforms/chibios/timer.o
                0x08005248                timer_read32
 .text.timer_read
                0x080052b8        0xa .build/obj_yhy98_via/platforms/chibios/timer.o
                0x080052b8                timer_read
 .text.timer_elapsed
                0x080052c2        0xe .build/obj_yhy98_via/platforms/chibios/timer.o
                0x080052c2                timer_elapsed
 .text.timer_elapsed32
                0x080052d0        0xc .build/obj_yhy98_via/platforms/chibios/timer.o
                0x080052d0                timer_elapsed32
 .text.__NVIC_SystemReset
                0x080052dc       0x24 .build/obj_yhy98_via/platforms/chibios/bootloaders/stm32duino.o
 .text.bootloader_jump
                0x08005300        0x6 .build/obj_yhy98_via/platforms/chibios/bootloaders/stm32duino.o
                0x08005300                bootloader_jump
 *fill*         0x08005306        0x2 
 .text.mcu_reset
                0x08005308       0x14 .build/obj_yhy98_via/platforms/chibios/bootloaders/stm32duino.o
                0x08005308                mcu_reset
 .text.dummy_usb_cb
                0x0800531c        0x2 .build/obj_yhy98_via/protocol/chibios/usb_main.o
 *fill*         0x0800531e        0x2 
 .text.usb_sof_cb
                0x08005320       0x1c .build/obj_yhy98_via/protocol/chibios/usb_main.o
 .text.usb_get_descriptor_cb
                0x0800533c       0x30 .build/obj_yhy98_via/protocol/chibios/usb_main.o
 .text.set_led_transfer_cb
                0x0800536c       0x2c .build/obj_yhy98_via/protocol/chibios/usb_main.o
 .text.chVTSetI.constprop.0
                0x08005398       0x28 .build/obj_yhy98_via/protocol/chibios/usb_main.o
 .text.keyboard_idle_timer_cb
                0x080053c0       0x78 .build/obj_yhy98_via/protocol/chibios/usb_main.o
 .text.usb_request_hook_cb
                0x08005438      0x154 .build/obj_yhy98_via/protocol/chibios/usb_main.o
 .text.usb_event_queue_enqueue.isra.0
                0x0800558c       0x28 .build/obj_yhy98_via/protocol/chibios/usb_main.o
 .text.usb_event_cb
                0x080055b4       0xc0 .build/obj_yhy98_via/protocol/chibios/usb_main.o
 .text.usb_event_queue_init
                0x08005674       0x24 .build/obj_yhy98_via/protocol/chibios/usb_main.o
                0x08005674                usb_event_queue_init
 .text.usb_event_queue_task
                0x08005698       0xb8 .build/obj_yhy98_via/protocol/chibios/usb_main.o
                0x08005698                usb_event_queue_task
 .text.init_usb_driver
                0x08005750       0x80 .build/obj_yhy98_via/protocol/chibios/usb_main.o
                0x08005750                init_usb_driver
 .text.restart_usb_driver
                0x080057d0       0x3c .build/obj_yhy98_via/protocol/chibios/usb_main.o
                0x080057d0                restart_usb_driver
 .text.keyboard_leds
                0x0800580c        0xc .build/obj_yhy98_via/protocol/chibios/usb_main.o
                0x0800580c                keyboard_leds
 .text.send_report
                0x08005818       0x50 .build/obj_yhy98_via/protocol/chibios/usb_main.o
                0x08005818                send_report
 .text.send_keyboard
                0x08005868       0x44 .build/obj_yhy98_via/protocol/chibios/usb_main.o
                0x08005868                send_keyboard
 .text.send_mouse
                0x080058ac        0x2 .build/obj_yhy98_via/protocol/chibios/usb_main.o
                0x080058ac                send_mouse
 .text.send_extra
                0x080058ae        0xa .build/obj_yhy98_via/protocol/chibios/usb_main.o
                0x080058ae                send_extra
 .text.raw_hid_send
                0x080058b8       0x24 .build/obj_yhy98_via/protocol/chibios/usb_main.o
                0x080058b8                raw_hid_send
 .text.raw_hid_task
                0x080058dc       0x30 .build/obj_yhy98_via/protocol/chibios/usb_main.o
                0x080058dc                raw_hid_task
 .text.early_hardware_init_pre
                0x0800590c        0x2 .build/obj_yhy98_via/protocol/chibios/chibios.o
                0x0800590c                early_hardware_init_pre
 .text.early_hardware_init_post
                0x0800590e        0x2 .build/obj_yhy98_via/protocol/chibios/chibios.o
                0x0800590e                early_hardware_init_post
 .text.board_init
                0x08005910        0x2 .build/obj_yhy98_via/protocol/chibios/chibios.o
                0x08005910                board_init
 .text.__early_init
                0x08005912       0x10 .build/obj_yhy98_via/protocol/chibios/chibios.o
                0x08005912                __early_init
 .text.boardInit
                0x08005922        0xc .build/obj_yhy98_via/protocol/chibios/chibios.o
                0x08005922                boardInit
 .text.protocol_setup
                0x0800592e        0x4 .build/obj_yhy98_via/protocol/chibios/chibios.o
                0x0800592e                protocol_setup
 *fill*         0x08005932        0x2 
 .text.protocol_pre_init
                0x08005934       0x2c .build/obj_yhy98_via/protocol/chibios/chibios.o
                0x08005934                protocol_pre_init
 .text.protocol_post_init
                0x08005960        0xc .build/obj_yhy98_via/protocol/chibios/chibios.o
                0x08005960                protocol_post_init
 .text.protocol_pre_task
                0x0800596c       0x3c .build/obj_yhy98_via/protocol/chibios/chibios.o
                0x0800596c                protocol_pre_task
 .text.protocol_post_task
                0x080059a8        0x4 .build/obj_yhy98_via/protocol/chibios/chibios.o
                0x080059a8                protocol_post_task
 .text.get_usb_descriptor
                0x080059ac       0x78 .build/obj_yhy98_via/usb_descriptor.o
                0x080059ac                get_usb_descriptor
 .text.obnotify
                0x08005a24       0x3e .build/obj_yhy98_via/protocol/chibios/usb_driver.o
 .text._readt   0x08005a62        0x6 .build/obj_yhy98_via/protocol/chibios/usb_driver.o
 .text._read    0x08005a68        0xa .build/obj_yhy98_via/protocol/chibios/usb_driver.o
 .text._writet  0x08005a72        0x6 .build/obj_yhy98_via/protocol/chibios/usb_driver.o
 .text._write   0x08005a78        0xa .build/obj_yhy98_via/protocol/chibios/usb_driver.o
 .text._gett    0x08005a82        0x6 .build/obj_yhy98_via/protocol/chibios/usb_driver.o
 .text._get     0x08005a88        0xa .build/obj_yhy98_via/protocol/chibios/usb_driver.o
 .text._putt    0x08005a92        0x6 .build/obj_yhy98_via/protocol/chibios/usb_driver.o
 .text._put     0x08005a98        0xa .build/obj_yhy98_via/protocol/chibios/usb_driver.o
 .text.qmkusb_start_receive.isra.0
                0x08005aa2       0x3e .build/obj_yhy98_via/protocol/chibios/usb_driver.o
 .text.ibnotify
                0x08005ae0        0x6 .build/obj_yhy98_via/protocol/chibios/usb_driver.o
 *fill*         0x08005ae6        0x2 
 .text.qmkusbObjectInit
                0x08005ae8       0x54 .build/obj_yhy98_via/protocol/chibios/usb_driver.o
                0x08005ae8                qmkusbObjectInit
 .text.qmkusbStart
                0x08005b3c       0x30 .build/obj_yhy98_via/protocol/chibios/usb_driver.o
                0x08005b3c                qmkusbStart
 .text.qmkusbSuspendHookI
                0x08005b6c       0x30 .build/obj_yhy98_via/protocol/chibios/usb_driver.o
                0x08005b6c                qmkusbSuspendHookI
 .text.qmkusbWakeupHookI
                0x08005b9c       0x16 .build/obj_yhy98_via/protocol/chibios/usb_driver.o
                0x08005b9c                qmkusbWakeupHookI
 .text.qmkusbConfigureHookI
                0x08005bb2       0x2c .build/obj_yhy98_via/protocol/chibios/usb_driver.o
                0x08005bb2                qmkusbConfigureHookI
 *fill*         0x08005bde        0x2 
 .text.qmkusbRequestsHook
                0x08005be0       0x40 .build/obj_yhy98_via/protocol/chibios/usb_driver.o
                0x08005be0                qmkusbRequestsHook
 .text.qmkusbSOFHookI
                0x08005c20       0x64 .build/obj_yhy98_via/protocol/chibios/usb_driver.o
                0x08005c20                qmkusbSOFHookI
 .text.qmkusbDataTransmitted
                0x08005c84       0x76 .build/obj_yhy98_via/protocol/chibios/usb_driver.o
                0x08005c84                qmkusbDataTransmitted
 .text.qmkusbDataReceived
                0x08005cfa       0x3e .build/obj_yhy98_via/protocol/chibios/usb_driver.o
                0x08005cfa                qmkusbDataReceived
 .text.qmkusbInterruptTransmitted
                0x08005d38        0x2 .build/obj_yhy98_via/protocol/chibios/usb_driver.o
                0x08005d38                qmkusbInterruptTransmitted
 *fill*         0x08005d3a        0x2 
 .text.__core_init
                0x08005d3c       0x18 .build/obj_yhy98_via/./lib/chibios/os/oslib/src/chmemcore.o
                0x08005d3c                __core_init
 .text.__cpu_init
                0x08005d54        0x2 .build/obj_yhy98/lib/chibios/os/common/startup/ARMCMx/compilers/GCC/crt1.o
                0x08005d54                __cpu_init
 .text.__late_init
                0x08005d56        0x2 .build/obj_yhy98/lib/chibios/os/common/startup/ARMCMx/compilers/GCC/crt1.o
                0x08005d56                __late_init
 .text.__default_exit
                0x08005d58        0x2 .build/obj_yhy98/lib/chibios/os/common/startup/ARMCMx/compilers/GCC/crt1.o
                0x08005d58                __default_exit
 *fill*         0x08005d5a        0x2 
 .text.__init_ram_areas
                0x08005d5c       0x58 .build/obj_yhy98/lib/chibios/os/common/startup/ARMCMx/compilers/GCC/crt1.o
                0x08005d5c                __init_ram_areas
 .text.chSysInit
                0x08005db4       0x30 .build/obj_yhy98/lib/chibios/os/rt/src/chsys.o
                0x08005db4                chSysInit
 .text.chSysTimerHandlerI
                0x08005de4        0x4 .build/obj_yhy98/lib/chibios/os/rt/src/chsys.o
                0x08005de4                chSysTimerHandlerI
 .text.chSysPolledDelayX
                0x08005de8       0x14 .build/obj_yhy98/lib/chibios/os/rt/src/chsys.o
                0x08005de8                chSysPolledDelayX
 .text.ch_dlist_insert.constprop.0
                0x08005dfc       0x30 .build/obj_yhy98/lib/chibios/os/rt/src/chvt.o
 .text.chVTDoSetI
                0x08005e2c       0x10 .build/obj_yhy98/lib/chibios/os/rt/src/chvt.o
                0x08005e2c                chVTDoSetI
 .text.chVTDoResetI
                0x08005e3c       0x24 .build/obj_yhy98/lib/chibios/os/rt/src/chvt.o
                0x08005e3c                chVTDoResetI
 .text.chVTDoTickI
                0x08005e60       0x50 .build/obj_yhy98/lib/chibios/os/rt/src/chvt.o
                0x08005e60                chVTDoTickI
 .text.__sch_ready_behind
                0x08005eb0       0x1c .build/obj_yhy98/lib/chibios/os/rt/src/chschd.o
 .text.__sch_ready_ahead
                0x08005ecc       0x1c .build/obj_yhy98/lib/chibios/os/rt/src/chschd.o
 .text.__sch_wakeup
                0x08005ee8       0x44 .build/obj_yhy98/lib/chibios/os/rt/src/chschd.o
 .text.chSchReadyI
                0x08005f2c        0x4 .build/obj_yhy98/lib/chibios/os/rt/src/chschd.o
                0x08005f2c                chSchReadyI
 .text.chSchGoSleepS
                0x08005f30       0x1c .build/obj_yhy98/lib/chibios/os/rt/src/chschd.o
                0x08005f30                chSchGoSleepS
 .text.chSchGoSleepTimeoutS
                0x08005f4c       0x3c .build/obj_yhy98/lib/chibios/os/rt/src/chschd.o
                0x08005f4c                chSchGoSleepTimeoutS
 .text.chSchIsPreemptionRequired
                0x08005f88       0x18 .build/obj_yhy98/lib/chibios/os/rt/src/chschd.o
                0x08005f88                chSchIsPreemptionRequired
 .text.chSchDoPreemption
                0x08005fa0       0x28 .build/obj_yhy98/lib/chibios/os/rt/src/chschd.o
                0x08005fa0                chSchDoPreemption
 .text.chSchRescheduleS
                0x08005fc8       0x18 .build/obj_yhy98/lib/chibios/os/rt/src/chschd.o
                0x08005fc8                chSchRescheduleS
 .text.__idle_thread
                0x08005fe0        0x2 .build/obj_yhy98/lib/chibios/os/rt/src/chinstances.o
 *fill*         0x08005fe2        0x2 
 .text.chInstanceObjectInit
                0x08005fe4       0x84 .build/obj_yhy98/lib/chibios/os/rt/src/chinstances.o
                0x08005fe4                chInstanceObjectInit
 .text.__thd_object_init
                0x08006068       0x14 .build/obj_yhy98/lib/chibios/os/rt/src/chthreads.o
                0x08006068                __thd_object_init
 .text.chThdCreateSuspendedI
                0x0800607c       0x50 .build/obj_yhy98/lib/chibios/os/rt/src/chthreads.o
                0x0800607c                chThdCreateSuspendedI
 .text.chThdCreateI
                0x080060cc        0xe .build/obj_yhy98/lib/chibios/os/rt/src/chthreads.o
                0x080060cc                chThdCreateI
 *fill*         0x080060da        0x2 
 .text.chThdExitS
                0x080060dc       0x10 .build/obj_yhy98/lib/chibios/os/rt/src/chthreads.o
                0x080060dc                chThdExitS
 .text.chThdExit
                0x080060ec        0xa .build/obj_yhy98/lib/chibios/os/rt/src/chthreads.o
                0x080060ec                chThdExit
 .text.chThdSleep
                0x080060f6       0x18 .build/obj_yhy98/lib/chibios/os/rt/src/chthreads.o
                0x080060f6                chThdSleep
 *fill*         0x0800610e        0x2 
 .text.chThdSuspendTimeoutS
                0x08006110       0x1c .build/obj_yhy98/lib/chibios/os/rt/src/chthreads.o
                0x08006110                chThdSuspendTimeoutS
 .text.chThdResumeI
                0x0800612c       0x12 .build/obj_yhy98/lib/chibios/os/rt/src/chthreads.o
                0x0800612c                chThdResumeI
 *fill*         0x0800613e        0x2 
 .text.chThdEnqueueTimeoutS
                0x08006140       0x20 .build/obj_yhy98/lib/chibios/os/rt/src/chthreads.o
                0x08006140                chThdEnqueueTimeoutS
 .text.chThdDequeueNextI
                0x08006160       0x16 .build/obj_yhy98/lib/chibios/os/rt/src/chthreads.o
                0x08006160                chThdDequeueNextI
 .text.chThdDequeueAllI
                0x08006176       0x1c .build/obj_yhy98/lib/chibios/os/rt/src/chthreads.o
                0x08006176                chThdDequeueAllI
 .text.ch_sch_prio_insert
                0x08006192       0x1e .build/obj_yhy98/lib/chibios/os/rt/src/chmtx.o
 .text.chMtxObjectInit
                0x080061b0        0xa .build/obj_yhy98/lib/chibios/os/rt/src/chmtx.o
                0x080061b0                chMtxObjectInit
 *fill*         0x080061ba        0x2 
 .text.chMtxLockS
                0x080061bc       0x64 .build/obj_yhy98/lib/chibios/os/rt/src/chmtx.o
                0x080061bc                chMtxLockS
 .text.chMtxLock
                0x08006220       0x14 .build/obj_yhy98/lib/chibios/os/rt/src/chmtx.o
                0x08006220                chMtxLock
 .text.chMtxUnlock
                0x08006234       0x5c .build/obj_yhy98/lib/chibios/os/rt/src/chmtx.o
                0x08006234                chMtxUnlock
 .text.chEvtSignalI
                0x08006290       0x28 .build/obj_yhy98/lib/chibios/os/rt/src/chevents.o
                0x08006290                chEvtSignalI
 .text.chEvtBroadcastFlagsI
                0x080062b8       0x28 .build/obj_yhy98/lib/chibios/os/rt/src/chevents.o
                0x080062b8                chEvtBroadcastFlagsI
 .text.SVC_Handler
                0x080062e0       0x12 .build/obj_yhy98/lib/chibios/os/common/ports/ARMv7-M/chcore.o
                0x080062e0                SVC_Handler
 *fill*         0x080062f2        0x2 
 .text.port_init
                0x080062f4       0x48 .build/obj_yhy98/lib/chibios/os/common/ports/ARMv7-M/chcore.o
                0x080062f4                port_init
 .text.__port_irq_epilogue
                0x0800633c       0x44 .build/obj_yhy98/lib/chibios/os/common/ports/ARMv7-M/chcore.o
                0x0800633c                __port_irq_epilogue
 .text.halInit  0x08006380       0x24 .build/obj_yhy98/lib/chibios/os/hal/src/hal.o
                0x08006380                halInit
 .text.stInit   0x080063a4        0x4 .build/obj_yhy98/lib/chibios/os/hal/src/hal_st.o
                0x080063a4                stInit
 .text.ibqObjectInit
                0x080063a8       0x2e .build/obj_yhy98/lib/chibios/os/hal/src/hal_buffers.o
                0x080063a8                ibqObjectInit
 .text.ibqResetI
                0x080063d6       0x16 .build/obj_yhy98/lib/chibios/os/hal/src/hal_buffers.o
                0x080063d6                ibqResetI
 .text.ibqGetEmptyBufferI
                0x080063ec       0x14 .build/obj_yhy98/lib/chibios/os/hal/src/hal_buffers.o
                0x080063ec                ibqGetEmptyBufferI
 .text.ibqPostFullBufferI
                0x08006400       0x20 .build/obj_yhy98/lib/chibios/os/hal/src/hal_buffers.o
                0x08006400                ibqPostFullBufferI
 .text.ibqGetFullBufferTimeoutS
                0x08006420       0x32 .build/obj_yhy98/lib/chibios/os/hal/src/hal_buffers.o
                0x08006420                ibqGetFullBufferTimeoutS
 .text.ibqReleaseEmptyBufferS
                0x08006452       0x24 .build/obj_yhy98/lib/chibios/os/hal/src/hal_buffers.o
                0x08006452                ibqReleaseEmptyBufferS
 .text.ibqGetTimeout
                0x08006476       0x3a .build/obj_yhy98/lib/chibios/os/hal/src/hal_buffers.o
                0x08006476                ibqGetTimeout
 .text.ibqReadTimeout
                0x080064b0       0x82 .build/obj_yhy98/lib/chibios/os/hal/src/hal_buffers.o
                0x080064b0                ibqReadTimeout
 .text.obqObjectInit
                0x08006532       0x2e .build/obj_yhy98/lib/chibios/os/hal/src/hal_buffers.o
                0x08006532                obqObjectInit
 .text.obqResetI
                0x08006560       0x18 .build/obj_yhy98/lib/chibios/os/hal/src/hal_buffers.o
                0x08006560                obqResetI
 .text.obqGetFullBufferI
                0x08006578       0x1c .build/obj_yhy98/lib/chibios/os/hal/src/hal_buffers.o
                0x08006578                obqGetFullBufferI
 .text.obqReleaseEmptyBufferI
                0x08006594       0x1e .build/obj_yhy98/lib/chibios/os/hal/src/hal_buffers.o
                0x08006594                obqReleaseEmptyBufferI
 .text.obqGetEmptyBufferTimeoutS
                0x080065b2       0x32 .build/obj_yhy98/lib/chibios/os/hal/src/hal_buffers.o
                0x080065b2                obqGetEmptyBufferTimeoutS
 .text.obqPostFullBufferS
                0x080065e4       0x26 .build/obj_yhy98/lib/chibios/os/hal/src/hal_buffers.o
                0x080065e4                obqPostFullBufferS
 .text.obqPutTimeout
                0x0800660a       0x40 .build/obj_yhy98/lib/chibios/os/hal/src/hal_buffers.o
                0x0800660a                obqPutTimeout
 .text.obqWriteTimeout
                0x0800664a       0x86 .build/obj_yhy98/lib/chibios/os/hal/src/hal_buffers.o
                0x0800664a                obqWriteTimeout
 .text.obqTryFlushI
                0x080066d0       0x3c .build/obj_yhy98/lib/chibios/os/hal/src/hal_buffers.o
                0x080066d0                obqTryFlushI
 .text.flashWaitErase
                0x0800670c       0x3c .build/obj_yhy98/lib/chibios/os/hal/src/hal_flash.o
                0x0800670c                flashWaitErase
 .text.flashGetSectorOffset
                0x08006748       0x1a .build/obj_yhy98/lib/chibios/os/hal/src/hal_flash.o
                0x08006748                flashGetSectorOffset
 .text.flashGetSectorSize
                0x08006762       0x1a .build/obj_yhy98/lib/chibios/os/hal/src/hal_flash.o
                0x08006762                flashGetSectorSize
 .text.flashGetOffsetAddress
                0x0800677c       0x10 .build/obj_yhy98/lib/chibios/os/hal/src/hal_flash.o
                0x0800677c                flashGetOffsetAddress
 .text.efl_release_exclusive
                0x0800678c        0xc .build/obj_yhy98/lib/chibios/os/hal/src/hal_efl.o
 .text.efl_acquire_exclusive
                0x08006798        0xc .build/obj_yhy98/lib/chibios/os/hal/src/hal_efl.o
 .text.eflInit  0x080067a4        0x4 .build/obj_yhy98/lib/chibios/os/hal/src/hal_efl.o
                0x080067a4                eflInit
 .text.eflObjectInit
                0x080067a8       0x18 .build/obj_yhy98/lib/chibios/os/hal/src/hal_efl.o
                0x080067a8                eflObjectInit
 .text.eflStart
                0x080067c0       0x1c .build/obj_yhy98/lib/chibios/os/hal/src/hal_efl.o
                0x080067c0                eflStart
 .text.eflStop  0x080067dc       0x1a .build/obj_yhy98/lib/chibios/os/hal/src/hal_efl.o
                0x080067dc                eflStop
 .text.set_address
                0x080067f6       0x22 .build/obj_yhy98/lib/chibios/os/hal/src/hal_usb.o
 .text.usbInit  0x08006818        0x4 .build/obj_yhy98/lib/chibios/os/hal/src/hal_usb.o
                0x08006818                usbInit
 .text.usbObjectInit
                0x0800681c       0x1a .build/obj_yhy98/lib/chibios/os/hal/src/hal_usb.o
                0x0800681c                usbObjectInit
 .text.usbStart
                0x08006836       0x28 .build/obj_yhy98/lib/chibios/os/hal/src/hal_usb.o
                0x08006836                usbStart
 .text.usbStop  0x0800685e       0x52 .build/obj_yhy98/lib/chibios/os/hal/src/hal_usb.o
                0x0800685e                usbStop
 .text.usbInitEndpointI
                0x080068b0       0x32 .build/obj_yhy98/lib/chibios/os/hal/src/hal_usb.o
                0x080068b0                usbInitEndpointI
 .text.usbDisableEndpointsI
                0x080068e2       0x4a .build/obj_yhy98/lib/chibios/os/hal/src/hal_usb.o
                0x080068e2                usbDisableEndpointsI
 .text.usbStartReceiveI
                0x0800692c       0x24 .build/obj_yhy98/lib/chibios/os/hal/src/hal_usb.o
                0x0800692c                usbStartReceiveI
 .text.usbStartTransmitI
                0x08006950       0x24 .build/obj_yhy98/lib/chibios/os/hal/src/hal_usb.o
                0x08006950                usbStartTransmitI
 .text.usbWakeupHost
                0x08006974       0x28 .build/obj_yhy98/lib/chibios/os/hal/src/hal_usb.o
                0x08006974                usbWakeupHost
 .text._usb_reset
                0x0800699c       0x70 .build/obj_yhy98/lib/chibios/os/hal/src/hal_usb.o
                0x0800699c                _usb_reset
 .text._usb_suspend
                0x08006a0c       0x5c .build/obj_yhy98/lib/chibios/os/hal/src/hal_usb.o
                0x08006a0c                _usb_suspend
 .text._usb_wakeup
                0x08006a68       0x16 .build/obj_yhy98/lib/chibios/os/hal/src/hal_usb.o
                0x08006a68                _usb_wakeup
 *fill*         0x08006a7e        0x2 
 .text._usb_ep0setup
                0x08006a80      0x2a8 .build/obj_yhy98/lib/chibios/os/hal/src/hal_usb.o
                0x08006a80                _usb_ep0setup
 .text._usb_ep0in
                0x08006d28       0xb2 .build/obj_yhy98/lib/chibios/os/hal/src/hal_usb.o
                0x08006d28                _usb_ep0in
 .text._usb_ep0out
                0x08006dda       0x78 .build/obj_yhy98/lib/chibios/os/hal/src/hal_usb.o
                0x08006dda                _usb_ep0out
 .text.nvicEnableVector
                0x08006e52       0x2c .build/obj_yhy98/lib/chibios/os/hal/ports/common/ARMCMx/nvic.o
                0x08006e52                nvicEnableVector
 .text.nvicDisableVector
                0x08006e7e       0x2c .build/obj_yhy98/lib/chibios/os/hal/ports/common/ARMCMx/nvic.o
                0x08006e7e                nvicDisableVector
 .text.nvicSetSystemHandlerPriority
                0x08006eaa       0x10 .build/obj_yhy98/lib/chibios/os/hal/ports/common/ARMCMx/nvic.o
                0x08006eaa                nvicSetSystemHandlerPriority
 .text.irqInit  0x08006eba       0x3e .build/obj_yhy98/lib/chibios/os/hal/ports/STM32/STM32F1xx/stm32_isr.o
                0x08006eba                irqInit
 .text.hal_lld_init
                0x08006ef8       0x48 .build/obj_yhy98/lib/chibios/os/hal/ports/STM32/STM32F1xx/hal_lld.o
                0x08006ef8                hal_lld_init
 .text.stm32_clock_init
                0x08006f40       0x74 .build/obj_yhy98/lib/chibios/os/hal/ports/STM32/STM32F1xx/hal_lld.o
                0x08006f40                stm32_clock_init
 .text.efl_lld_init
                0x08006fb4       0x18 .build/obj_yhy98/lib/chibios/os/hal/ports/STM32/STM32F1xx/hal_efl_lld.o
                0x08006fb4                efl_lld_init
 .text.efl_lld_start
                0x08006fcc       0x28 .build/obj_yhy98/lib/chibios/os/hal/ports/STM32/STM32F1xx/hal_efl_lld.o
                0x08006fcc                efl_lld_start
 .text.efl_lld_stop
                0x08006ff4        0xc .build/obj_yhy98/lib/chibios/os/hal/ports/STM32/STM32F1xx/hal_efl_lld.o
                0x08006ff4                efl_lld_stop
 .text.efl_lld_get_descriptor
                0x08007000        0x8 .build/obj_yhy98/lib/chibios/os/hal/ports/STM32/STM32F1xx/hal_efl_lld.o
                0x08007000                efl_lld_get_descriptor
 .text.efl_lld_read
                0x08007008       0x2a .build/obj_yhy98/lib/chibios/os/hal/ports/STM32/STM32F1xx/hal_efl_lld.o
                0x08007008                efl_lld_read
 .text.efl_lld_program
                0x08007032       0x90 .build/obj_yhy98/lib/chibios/os/hal/ports/STM32/STM32F1xx/hal_efl_lld.o
                0x08007032                efl_lld_program
 .text.efl_lld_start_erase_all
                0x080070c2        0x4 .build/obj_yhy98/lib/chibios/os/hal/ports/STM32/STM32F1xx/hal_efl_lld.o
                0x080070c2                efl_lld_start_erase_all
 .text.efl_lld_start_erase_sector
                0x080070c6       0x38 .build/obj_yhy98/lib/chibios/os/hal/ports/STM32/STM32F1xx/hal_efl_lld.o
                0x080070c6                efl_lld_start_erase_sector
 .text.efl_lld_query_erase
                0x080070fe       0x2a .build/obj_yhy98/lib/chibios/os/hal/ports/STM32/STM32F1xx/hal_efl_lld.o
                0x080070fe                efl_lld_query_erase
 .text.efl_lld_verify_erase
                0x08007128       0x34 .build/obj_yhy98/lib/chibios/os/hal/ports/STM32/STM32F1xx/hal_efl_lld.o
                0x08007128                efl_lld_verify_erase
 .text._pal_lld_init
                0x0800715c       0x6c .build/obj_yhy98/lib/chibios/os/hal/ports/STM32/LLD/GPIOv1/hal_pal_lld.o
                0x0800715c                _pal_lld_init
 .text._pal_lld_setgroupmode
                0x080071c8       0x64 .build/obj_yhy98/lib/chibios/os/hal/ports/STM32/LLD/GPIOv1/hal_pal_lld.o
                0x080071c8                _pal_lld_setgroupmode
 .text.st_lld_init
                0x0800722c       0x1a .build/obj_yhy98/lib/chibios/os/hal/ports/STM32/LLD/SYSTICKv1/hal_st_lld.o
                0x0800722c                st_lld_init
 .text.st_lld_serve_interrupt
                0x08007246       0x14 .build/obj_yhy98/lib/chibios/os/hal/ports/STM32/LLD/SYSTICKv1/hal_st_lld.o
                0x08007246                st_lld_serve_interrupt
 .text.SysTick_Handler
                0x0800725a        0xe .build/obj_yhy98/lib/chibios/os/hal/ports/STM32/LLD/SYSTICKv1/hal_st_lld.o
                0x0800725a                SysTick_Handler
 .text.usb_packet_write_from_buffer
                0x08007268       0x44 .build/obj_yhy98/lib/chibios/os/hal/ports/STM32/LLD/USBv1/hal_usb_lld.o
 .text.Vector90
                0x080072ac      0x20c .build/obj_yhy98/lib/chibios/os/hal/ports/STM32/LLD/USBv1/hal_usb_lld.o
                0x080072ac                Vector90
 .text.usb_lld_init
                0x080074b8        0xc .build/obj_yhy98/lib/chibios/os/hal/ports/STM32/LLD/USBv1/hal_usb_lld.o
                0x080074b8                usb_lld_init
 .text.usb_lld_stop
                0x080074c4       0x38 .build/obj_yhy98/lib/chibios/os/hal/ports/STM32/LLD/USBv1/hal_usb_lld.o
                0x080074c4                usb_lld_stop
 .text.usb_lld_set_address
                0x080074fc       0x14 .build/obj_yhy98/lib/chibios/os/hal/ports/STM32/LLD/USBv1/hal_usb_lld.o
                0x080074fc                usb_lld_set_address
 .text.usb_lld_init_endpoint
                0x08007510       0xb0 .build/obj_yhy98/lib/chibios/os/hal/ports/STM32/LLD/USBv1/hal_usb_lld.o
                0x08007510                usb_lld_init_endpoint
 .text.usb_lld_reset
                0x080075c0       0x38 .build/obj_yhy98/lib/chibios/os/hal/ports/STM32/LLD/USBv1/hal_usb_lld.o
                0x080075c0                usb_lld_reset
 .text.usb_lld_start
                0x080075f8       0x60 .build/obj_yhy98/lib/chibios/os/hal/ports/STM32/LLD/USBv1/hal_usb_lld.o
                0x080075f8                usb_lld_start
 .text.usb_lld_disable_endpoints
                0x08007658       0x22 .build/obj_yhy98/lib/chibios/os/hal/ports/STM32/LLD/USBv1/hal_usb_lld.o
                0x08007658                usb_lld_disable_endpoints
 *fill*         0x0800767a        0x2 
 .text.usb_lld_get_status_out
                0x0800767c       0x1c .build/obj_yhy98/lib/chibios/os/hal/ports/STM32/LLD/USBv1/hal_usb_lld.o
                0x0800767c                usb_lld_get_status_out
 .text.usb_lld_get_status_in
                0x08007698       0x1c .build/obj_yhy98/lib/chibios/os/hal/ports/STM32/LLD/USBv1/hal_usb_lld.o
                0x08007698                usb_lld_get_status_in
 .text.usb_lld_read_setup
                0x080076b4       0x34 .build/obj_yhy98/lib/chibios/os/hal/ports/STM32/LLD/USBv1/hal_usb_lld.o
                0x080076b4                usb_lld_read_setup
 .text.usb_lld_start_out